Archive member included to satisfy reference by file (symbol)

D:/_ishikawa/Tools/DigitalMove/ARM/MCUXpresso/DigitalMove/mbed/TARGET_LPC1768/TOOLCHAIN_GCC_ARM/libmbed.a(gpio_api.o)
                              ./src/boot.o (gpio_mode)
D:/_ishikawa/Tools/DigitalMove/ARM/MCUXpresso/DigitalMove/mbed/TARGET_LPC1768/TOOLCHAIN_GCC_ARM/libmbed.a(pinmap.o)
                              D:/_ishikawa/Tools/DigitalMove/ARM/MCUXpresso/DigitalMove/mbed/TARGET_LPC1768/TOOLCHAIN_GCC_ARM/libmbed.a(gpio_api.o) (pin_function)
D:/_ishikawa/Tools/DigitalMove/ARM/MCUXpresso/DigitalMove/mbed/TARGET_LPC1768/TOOLCHAIN_GCC_ARM/libmbed.a(serial_api.o)
                              D:/_ishikawa/Tools/DigitalMove/ARM/MCUXpresso/DigitalMove/mbed/TARGET_LPC1768/TOOLCHAIN_GCC_ARM/retarget.o (serial_init)
D:/_ishikawa/Tools/DigitalMove/ARM/MCUXpresso/DigitalMove/mbed/TARGET_LPC1768/TOOLCHAIN_GCC_ARM/libmbed.a(exit.o)
                              c:/program files (x86)/gnu tools arm embedded/6 2017-q2-update/bin/../lib/gcc/arm-none-eabi/6.3.1/../../../../arm-none-eabi/lib/thumb/v7-m/crt0.o (exit)
D:/_ishikawa/Tools/DigitalMove/ARM/MCUXpresso/DigitalMove/mbed/TARGET_LPC1768/TOOLCHAIN_GCC_ARM/libmbed.a(mbed_interface.o)
                              D:/_ishikawa/Tools/DigitalMove/ARM/MCUXpresso/DigitalMove/mbed/TARGET_LPC1768/TOOLCHAIN_GCC_ARM/libmbed.a(exit.o) (mbed_interface_connected)
D:/_ishikawa/Tools/DigitalMove/ARM/MCUXpresso/DigitalMove/mbed/TARGET_LPC1768/TOOLCHAIN_GCC_ARM/libmbed.a(pinmap_common.o)
                              D:/_ishikawa/Tools/DigitalMove/ARM/MCUXpresso/DigitalMove/mbed/TARGET_LPC1768/TOOLCHAIN_GCC_ARM/libmbed.a(serial_api.o) (pinmap_pinout)
D:/_ishikawa/Tools/DigitalMove/ARM/MCUXpresso/DigitalMove/mbed/TARGET_LPC1768/TOOLCHAIN_GCC_ARM/libmbed.a(semihost_api.o)
                              D:/_ishikawa/Tools/DigitalMove/ARM/MCUXpresso/DigitalMove/mbed/TARGET_LPC1768/TOOLCHAIN_GCC_ARM/libmbed.a(exit.o) (semihost_exit)
D:/_ishikawa/Tools/DigitalMove/ARM/MCUXpresso/DigitalMove/mbed/TARGET_LPC1768/TOOLCHAIN_GCC_ARM/libmbed.a(FilePath.o)
                              D:/_ishikawa/Tools/DigitalMove/ARM/MCUXpresso/DigitalMove/mbed/TARGET_LPC1768/TOOLCHAIN_GCC_ARM/retarget.o (mbed::FilePath::FilePath(char const*))
D:/_ishikawa/Tools/DigitalMove/ARM/MCUXpresso/DigitalMove/mbed/TARGET_LPC1768/TOOLCHAIN_GCC_ARM/libmbed.a(FileSystemLike.o)
                              D:/_ishikawa/Tools/DigitalMove/ARM/MCUXpresso/DigitalMove/mbed/TARGET_LPC1768/TOOLCHAIN_GCC_ARM/retarget.o (mbed::FileSystemLike::opendir())
D:/_ishikawa/Tools/DigitalMove/ARM/MCUXpresso/DigitalMove/mbed/TARGET_LPC1768/TOOLCHAIN_GCC_ARM/libmbed.a(InterruptIn.o)
                              ./src/io.o (mbed::InterruptIn::~InterruptIn())
D:/_ishikawa/Tools/DigitalMove/ARM/MCUXpresso/DigitalMove/mbed/TARGET_LPC1768/TOOLCHAIN_GCC_ARM/libmbed.a(Serial.o)
                              ./src/sc0uart.o (mbed::Serial::Serial(PinName, PinName, char const*))
D:/_ishikawa/Tools/DigitalMove/ARM/MCUXpresso/DigitalMove/mbed/TARGET_LPC1768/TOOLCHAIN_GCC_ARM/libmbed.a(SerialBase.o)
                              D:/_ishikawa/Tools/DigitalMove/ARM/MCUXpresso/DigitalMove/mbed/TARGET_LPC1768/TOOLCHAIN_GCC_ARM/libmbed.a(Serial.o) (mbed::SerialBase::SerialBase(PinName, PinName))
D:/_ishikawa/Tools/DigitalMove/ARM/MCUXpresso/DigitalMove/mbed/TARGET_LPC1768/TOOLCHAIN_GCC_ARM/libmbed.a(Stream.o)
                              D:/_ishikawa/Tools/DigitalMove/ARM/MCUXpresso/DigitalMove/mbed/TARGET_LPC1768/TOOLCHAIN_GCC_ARM/libmbed.a(Serial.o) (mbed::Stream::close())
D:/_ishikawa/Tools/DigitalMove/ARM/MCUXpresso/DigitalMove/mbed/TARGET_LPC1768/TOOLCHAIN_GCC_ARM/libmbed.a(gpio_irq_api.o)
                              D:/_ishikawa/Tools/DigitalMove/ARM/MCUXpresso/DigitalMove/mbed/TARGET_LPC1768/TOOLCHAIN_GCC_ARM/libmbed.a(InterruptIn.o) (gpio_irq_init)
D:/_ishikawa/Tools/DigitalMove/ARM/MCUXpresso/DigitalMove/mbed/TARGET_LPC1768/TOOLCHAIN_GCC_ARM/libmbed.a(board.o)
                              D:/_ishikawa/Tools/DigitalMove/ARM/MCUXpresso/DigitalMove/mbed/TARGET_LPC1768/TOOLCHAIN_GCC_ARM/libmbed.a(exit.o) (mbed_die)
D:/_ishikawa/Tools/DigitalMove/ARM/MCUXpresso/DigitalMove/mbed/TARGET_LPC1768/TOOLCHAIN_GCC_ARM/libmbed.a(wait_api.o)
                              D:/_ishikawa/Tools/DigitalMove/ARM/MCUXpresso/DigitalMove/mbed/TARGET_LPC1768/TOOLCHAIN_GCC_ARM/libmbed.a(SerialBase.o) (wait_us)
D:/_ishikawa/Tools/DigitalMove/ARM/MCUXpresso/DigitalMove/mbed/TARGET_LPC1768/TOOLCHAIN_GCC_ARM/libmbed.a(FileBase.o)
                              D:/_ishikawa/Tools/DigitalMove/ARM/MCUXpresso/DigitalMove/mbed/TARGET_LPC1768/TOOLCHAIN_GCC_ARM/libmbed.a(FileSystemLike.o) (mbed::FileBase::~FileBase())
D:/_ishikawa/Tools/DigitalMove/ARM/MCUXpresso/DigitalMove/mbed/TARGET_LPC1768/TOOLCHAIN_GCC_ARM/libmbed.a(FileLike.o)
                              D:/_ishikawa/Tools/DigitalMove/ARM/MCUXpresso/DigitalMove/mbed/TARGET_LPC1768/TOOLCHAIN_GCC_ARM/libmbed.a(Stream.o) (mbed::FileLike::~FileLike())
[...]
Memory Configuration

Name             Origin             Length             Attributes
FLASH            0x00000000         0x00080000         xr
RAM              0x100000c8         0x00007f38         xrw
USB_RAM          0x2007c000         0x00004000         xrw
ETH_RAM          0x20080000         0x00004000         xrw
*default*        0x00000000         0xffffffff

Linker script and memory map

LOAD c:/program files (x86)/gnu tools arm embedded/6 2017-q2-update/bin/../lib/gcc/arm-none-eabi/6.3.1/thumb/v7-m/crti.o
LOAD c:/program files (x86)/gnu tools arm embedded/6 2017-q2-update/bin/../lib/gcc/arm-none-eabi/6.3.1/thumb/v7-m/crtbegin.o
LOAD c:/program files (x86)/gnu tools arm embedded/6 2017-q2-update/bin/../lib/gcc/arm-none-eabi/6.3.1/../../../../arm-none-eabi/lib/thumb/v7-m/crt0.o
START GROUP
LOAD c:/program files (x86)/gnu tools arm embedded/6 2017-q2-update/bin/../lib/gcc/arm-none-eabi/6.3.1/../../../../arm-none-eabi/lib/thumb/v7-m\libstdc++.a
LOAD c:/program files (x86)/gnu tools arm embedded/6 2017-q2-update/bin/../lib/gcc/arm-none-eabi/6.3.1/../../../../arm-none-eabi/lib/thumb/v7-m\libsupc++.a
LOAD c:/program files (x86)/gnu tools arm embedded/6 2017-q2-update/bin/../lib/gcc/arm-none-eabi/6.3.1/thumb/v7-m\libgcc.a
LOAD c:/program files (x86)/gnu tools arm embedded/6 2017-q2-update/bin/../lib/gcc/arm-none-eabi/6.3.1/../../../../arm-none-eabi/lib/thumb/v7-m\libnosys.a
END GROUP
LOAD ./src/bios.o
LOAD ./src/boot.o
LOAD ./src/cmd_act.o
LOAD ./src/holetbl.o
LOAD ./src/io.o
LOAD ./src/main.o
LOAD ./src/needle.o
LOAD ./src/sc0uart.o
LOAD ./src/sub_func.o
LOAD ./src/version.o
LOAD D:/_ishikawa/Tools/DigitalMove/ARM/MCUXpresso/DigitalMove/mbed/TARGET_LPC1768/TOOLCHAIN_GCC_ARM/cmsis_nvic.o
LOAD D:/_ishikawa/Tools/DigitalMove/ARM/MCUXpresso/DigitalMove/mbed/TARGET_LPC1768/TOOLCHAIN_GCC_ARM/retarget.o
LOAD D:/_ishikawa/Tools/DigitalMove/ARM/MCUXpresso/DigitalMove/mbed/TARGET_LPC1768/TOOLCHAIN_GCC_ARM/startup_LPC17xx.o
LOAD D:/_ishikawa/Tools/DigitalMove/ARM/MCUXpresso/DigitalMove/mbed/TARGET_LPC1768/TOOLCHAIN_GCC_ARM/system_LPC17xx.o
LOAD D:/_ishikawa/Tools/DigitalMove/ARM/MCUXpresso/DigitalMove/mbed/TARGET_LPC1768/TOOLCHAIN_GCC_ARM/libmbed.a
LOAD c:/program files (x86)/gnu tools arm embedded/6 2017-q2-update/bin/../lib/gcc/arm-none-eabi/6.3.1/../../../../arm-none-eabi/lib/thumb/v7-m\libstdc++.a
LOAD c:/program files (x86)/gnu tools arm embedded/6 2017-q2-update/bin/../lib/gcc/arm-none-eabi/6.3.1/../../../../arm-none-eabi/lib/thumb/v7-m\libsupc++.a
LOAD c:/program files (x86)/gnu tools arm embedded/6 2017-q2-update/bin/../lib/gcc/arm-none-eabi/6.3.1/../../../../arm-none-eabi/lib/thumb/v7-m\libm.a
LOAD c:/program files (x86)/gnu tools arm embedded/6 2017-q2-update/bin/../lib/gcc/arm-none-eabi/6.3.1/../../../../arm-none-eabi/lib/thumb/v7-m\libc.a
LOAD c:/program files (x86)/gnu tools arm embedded/6 2017-q2-update/bin/../lib/gcc/arm-none-eabi/6.3.1/thumb/v7-m\libgcc.a
LOAD c:/program files (x86)/gnu tools arm embedded/6 2017-q2-update/bin/../lib/gcc/arm-none-eabi/6.3.1/../../../../arm-none-eabi/lib/thumb/v7-m\libnosys.a
LOAD D:/_ishikawa/Tools/DigitalMove/ARM/MCUXpresso/DigitalMove/mbed/TARGET_LPC1768/TOOLCHAIN_GCC_ARM\libmbed.a
LOAD c:/program files (x86)/gnu tools arm embedded/6 2017-q2-update/bin/../lib/gcc/arm-none-eabi/6.3.1/../../../../arm-none-eabi/lib/thumb/v7-m\libstdc++.a
LOAD c:/program files (x86)/gnu tools arm embedded/6 2017-q2-update/bin/../lib/gcc/arm-none-eabi/6.3.1/../../../../arm-none-eabi/lib/thumb/v7-m\libm.a
LOAD c:/program files (x86)/gnu tools arm embedded/6 2017-q2-update/bin/../lib/gcc/arm-none-eabi/6.3.1/../../../../arm-none-eabi/lib/thumb/v7-m\libc.a
START GROUP
LOAD c:/program files (x86)/gnu tools arm embedded/6 2017-q2-update/bin/../lib/gcc/arm-none-eabi/6.3.1/thumb/v7-m\libgcc.a
LOAD c:/program files (x86)/gnu tools arm embedded/6 2017-q2-update/bin/../lib/gcc/arm-none-eabi/6.3.1/../../../../arm-none-eabi/lib/thumb/v7-m\libg.a
LOAD c:/program files (x86)/gnu tools arm embedded/6 2017-q2-update/bin/../lib/gcc/arm-none-eabi/6.3.1/../../../../arm-none-eabi/lib/thumb/v7-m\libc.a
END GROUP
LOAD c:/program files (x86)/gnu tools arm embedded/6 2017-q2-update/bin/../lib/gcc/arm-none-eabi/6.3.1/thumb/v7-m/crtend.o
LOAD c:/program files (x86)/gnu tools arm embedded/6 2017-q2-update/bin/../lib/gcc/arm-none-eabi/6.3.1/thumb/v7-m/crtn.o

.text           0x00000000    0x10c18
 *(.isr_vector)
 .isr_vector    0x00000000       0xcc D:/_ishikawa/Tools/DigitalMove/ARM/MCUXpresso/DigitalMove/mbed/TARGET_LPC1768/TOOLCHAIN_GCC_ARM/startup_LPC17xx.o
                0x00000000                __isr_vector
 *(.text*)
 .text          0x000000cc       0x6c c:/program files (x86)/gnu tools arm embedded/6 2017-q2-update/bin/../lib/gcc/arm-none-eabi/6.3.1/thumb/v7-m/crtbegin.o
 .text          0x00000138       0x74 c:/program files (x86)/gnu tools arm embedded/6 2017-q2-update/bin/../lib/gcc/arm-none-eabi/6.3.1/../../../../arm-none-eabi/lib/thumb/v7-m/crt0.o
                0x00000138                _start
                0x00000138                _mainCRTStartup
 .text._Z8init_cpuv
                0x000001ac       0xb4 ./src/boot.o
                0x000001ac                init_cpu()
 .text._Z13init_variablev
                0x00000260       0x44 ./src/boot.o
                0x00000260                init_variable()
 .text._Z4bootv
                0x000002a4       0x14 ./src/boot.o
                0x000002a4                boot()
 .text._Z13cmd_set_applyPh
                0x000002b8       0x20 ./src/cmd_act.o
                0x000002b8                cmd_set_apply(unsigned char*)
 .text._Z13cmd_set_resetPh
                0x000002d8        0x4 ./src/cmd_act.o
                0x000002d8                cmd_set_reset(unsigned char*)
 .text._Z13cmd_get_countPh
                0x000002dc       0xc8 ./src/cmd_act.o
                0x000002dc                cmd_get_count(unsigned char*)
 .text._Z13cmd_set_motorPh
                0x000003a4       0x84 ./src/cmd_act.o
                0x000003a4                cmd_set_motor(unsigned char*)
 .text._Z11cmd_set_ledPh
                0x00000428      0x154 ./src/cmd_act.o
                0x00000428                cmd_set_led(unsigned char*)
 .text._Z17cmd_set_needlegapPh
                0x0000057c       0x94 ./src/cmd_act.o
                0x0000057c                cmd_set_needlegap(unsigned char*)
 .text._Z11cmd_analyzePh
                0x00000610       0x7c ./src/cmd_act.o
                0x00000610                cmd_analyze(unsigned char*)
 .text._Z8cmd_recvv
                0x0000068c       0x2c ./src/cmd_act.o
                0x0000068c                cmd_recv()
 .text._Z8cmd_sendv
                0x000006b8       0x28 ./src/cmd_act.o
                0x000006b8                cmd_send()
 .text.startup._GLOBAL__sub_I_LED1_P
                0x000006e0      0x208 ./src/io.o
 .text._Z8dec_recvv.part.1
                0x000008e8       0x38 ./src/main.o
 .text._Z11calc_motcntP8MOTPARAMh.part.2
                0x00000920       0x14 ./src/main.o
 .text.startup.main
                0x00000934       0x20 ./src/main.o
                0x00000934                main
 .text._Z16interrupt_motorav
                0x00000954       0x40 ./src/main.o
                0x00000954                interrupt_motora()
 .text._Z16interrupt_motorbv
                0x00000994       0x40 ./src/main.o
                0x00000994                interrupt_motorb()
 .text._Z19interrupt_rise_led1v
                0x000009d4        0x4 ./src/main.o
                0x000009d4                interrupt_rise_led1()
 .text._Z19interrupt_fall_led2v
                0x000009d8       0x18 ./src/main.o
                0x000009d8                interrupt_fall_led2()
 .text._Z19interrupt_fall_led1v
                0x000009f0        0x4 ./src/main.o
                0x000009f0                interrupt_fall_led1()
 .text._Z15judge_hole_noneP8LEDPARAMPK9HOLEPARAM.part.1
                0x000009f4       0x80 ./src/needle.o
 .text._Z16stop_detect_holev
                0x00000a74       0x28 ./src/needle.o
                0x00000a74                stop_detect_hole()
 .text._Z10judge_holeP8LEDPARAMPK9HOLEPARAM
                0x00000a9c       0x60 ./src/needle.o
                0x00000a9c                judge_hole(LEDPARAM*, HOLEPARAM const*)
 .text._Z20get_sensrank_generalP8SENSRANK
                0x00000afc       0xf0 ./src/needle.o
                0x00000afc                get_sensrank_general(SENSRANK*)
 .text._Z10check_holeP9NDETPARAM
                0x00000bec       0xd4 ./src/needle.o
                0x00000bec                check_hole(NDETPARAM*)
 .text._Z17start_detect_holeh
                0x00000cc0       0x60 ./src/needle.o
                0x00000cc0                start_detect_hole(unsigned char)
 .text._ZN4mbed6SerialD2Ev
                0x00000d20       0x24 ./src/sc0uart.o
                0x00000d20                mbed::Serial::~Serial()
                0x00000d20                mbed::Serial::~Serial()
                0x00000d3c                non-virtual thunk to mbed::Serial::~Serial()
 .text._Z16sc0uart_send_intv
                0x00000d44       0x78 ./src/sc0uart.o
                0x00000d44                sc0uart_send_int()
 .text._Z12init_sc0uartv
                0x00000dbc       0x30 ./src/sc0uart.o
                0x00000dbc                init_sc0uart()
 .text._Z16sc0uart_wait_stxv
                0x00000dec       0x4c ./src/sc0uart.o
                0x00000dec                sc0uart_wait_stx()
 .text._Z16sc0uart_wait_etxv
                0x00000e38       0x74 ./src/sc0uart.o
                0x00000e38                sc0uart_wait_etx()
 .text._Z18sc0uart_send_startv
                0x00000eac       0x54 ./src/sc0uart.o
                0x00000eac                sc0uart_send_start()
 .text._Z12sc0uart_recvv
                0x00000f00       0x80 ./src/sc0uart.o
                0x00000f00                sc0uart_recv()
 .text._Z19sc0uart_send_packetv
                0x00000f80       0xc4 ./src/sc0uart.o
                0x00000f80                sc0uart_send_packet()
 .text._Z12sc0uart_sendv
                0x00001044       0x40 ./src/sc0uart.o
                0x00001044                sc0uart_send()
 .text._Z24sc0uart_recv_term_searchv
                0x00001084       0x5c ./src/sc0uart.o
                0x00001084                sc0uart_recv_term_search()
 .text._Z19sc0uart_recv_setqueh
                0x000010e0       0x3c ./src/sc0uart.o
                0x000010e0                sc0uart_recv_setque(unsigned char)
 .text._Z18sc0uart_recv_storePh
                0x0000111c       0x24 ./src/sc0uart.o
                0x0000111c                sc0uart_recv_store(unsigned char*)
 .text._Z16sc0uart_wait_bccv
                0x00001140       0x44 ./src/sc0uart.o
                0x00001140                sc0uart_wait_bcc()
 .text._Z16sc0uart_recv_intv
                0x00001184       0x44 ./src/sc0uart.o
                0x00001184                sc0uart_recv_int()
 .text._Z24sc0uart_send_term_searchv
                0x000011c8       0x5c ./src/sc0uart.o
                0x000011c8                sc0uart_send_term_search()
 .text._Z19sc0uart_send_setqueh
                0x00001224       0x3c ./src/sc0uart.o
                0x00001224                sc0uart_send_setque(unsigned char)
 .text._Z18sc0uart_send_storePh
                0x00001260       0x24 ./src/sc0uart.o
                0x00001260                sc0uart_send_store(unsigned char*)
 .text._ZN4mbed6SerialD0Ev
                0x00001284       0x28 ./src/sc0uart.o
                0x00001284                mbed::Serial::~Serial()
                0x000012a4                non-virtual thunk to mbed::Serial::~Serial()
 .text.startup._GLOBAL__sub_I_sc0uart
                0x000012ac       0x34 ./src/sc0uart.o
 .text._Z7asc_hexh
                0x000012e0       0x20 ./src/sub_func.o
                0x000012e0                asc_hex(unsigned char)
 .text._Z7hex_asch
                0x00001300       0x14 ./src/sub_func.o
                0x00001300                hex_asc(unsigned char)
 .text.NVIC_SetVector
                0x00001314       0x4c D:/_ishikawa/Tools/DigitalMove/ARM/MCUXpresso/DigitalMove/mbed/TARGET_LPC1768/TOOLCHAIN_GCC_ARM/cmsis_nvic.o
                0x00001314                NVIC_SetVector
 .text._ZN4mbed10FileHandle4flenEv
                0x00001360       0x38 D:/_ishikawa/Tools/DigitalMove/ARM/MCUXpresso/DigitalMove/mbed/TARGET_LPC1768/TOOLCHAIN_GCC_ARM/retarget.o
                0x00001360                mbed::FileHandle::flen()
 .text._ZN4mbed10FileHandleD2Ev
                0x00001398       0x40 D:/_ishikawa/Tools/DigitalMove/ARM/MCUXpresso/DigitalMove/mbed/TARGET_LPC1768/TOOLCHAIN_GCC_ARM/retarget.o
                0x00001398                mbed::FileHandle::~FileHandle()
                0x00001398                mbed::FileHandle::~FileHandle()
 .text._ZN4mbed10FileHandleD0Ev
                0x000013d8       0x48 D:/_ishikawa/Tools/DigitalMove/ARM/MCUXpresso/DigitalMove/mbed/TARGET_LPC1768/TOOLCHAIN_GCC_ARM/retarget.o
                0x000013d8                mbed::FileHandle::~FileHandle()
 .text._ZL11init_serialv
                0x00001420       0x28 D:/_ishikawa/Tools/DigitalMove/ARM/MCUXpresso/DigitalMove/mbed/TARGET_LPC1768/TOOLCHAIN_GCC_ARM/retarget.o
 .text._open    0x00001448       0xe0 D:/_ishikawa/Tools/DigitalMove/ARM/MCUXpresso/DigitalMove/mbed/TARGET_LPC1768/TOOLCHAIN_GCC_ARM/retarget.o
                0x00001448                _open
 .text._close   0x00001528       0x2c D:/_ishikawa/Tools/DigitalMove/ARM/MCUXpresso/DigitalMove/mbed/TARGET_LPC1768/TOOLCHAIN_GCC_ARM/retarget.o
                0x00001528                _close
 .text._write   0x00001554       0x8c D:/_ishikawa/Tools/DigitalMove/ARM/MCUXpresso/DigitalMove/mbed/TARGET_LPC1768/TOOLCHAIN_GCC_ARM/retarget.o
                0x00001554                _write
 .text._read    0x000015e0       0x3c D:/_ishikawa/Tools/DigitalMove/ARM/MCUXpresso/DigitalMove/mbed/TARGET_LPC1768/TOOLCHAIN_GCC_ARM/retarget.o
                0x000015e0                _read
 .text._isatty  0x0000161c       0x28 D:/_ishikawa/Tools/DigitalMove/ARM/MCUXpresso/DigitalMove/mbed/TARGET_LPC1768/TOOLCHAIN_GCC_ARM/retarget.o
                0x0000161c                _isatty
 .text._lseek   0x00001644       0x28 D:/_ishikawa/Tools/DigitalMove/ARM/MCUXpresso/DigitalMove/mbed/TARGET_LPC1768/TOOLCHAIN_GCC_ARM/retarget.o
                0x00001644                _lseek
 .text._fstat   0x0000166c       0x20 D:/_ishikawa/Tools/DigitalMove/ARM/MCUXpresso/DigitalMove/mbed/TARGET_LPC1768/TOOLCHAIN_GCC_ARM/retarget.o
                0x0000166c                _fstat
 .text._ZN9__gnu_cxx27__verbose_terminate_handlerEv
                0x0000168c       0x20 D:/_ishikawa/Tools/DigitalMove/ARM/MCUXpresso/DigitalMove/mbed/TARGET_LPC1768/TOOLCHAIN_GCC_ARM/retarget.o
                0x0000168c                __gnu_cxx::__verbose_terminate_handler()
 .text.__cxa_pure_virtual
                0x000016ac        0x8 D:/_ishikawa/Tools/DigitalMove/ARM/MCUXpresso/DigitalMove/mbed/TARGET_LPC1768/TOOLCHAIN_GCC_ARM/retarget.o
                0x000016ac                __cxa_pure_virtual
 .text._sbrk    0x000016b4       0x2c D:/_ishikawa/Tools/DigitalMove/ARM/MCUXpresso/DigitalMove/mbed/TARGET_LPC1768/TOOLCHAIN_GCC_ARM/retarget.o
                0x000016b4                _sbrk
 .text          0x000016e0       0x90 D:/_ishikawa/Tools/DigitalMove/ARM/MCUXpresso/DigitalMove/mbed/TARGET_LPC1768/TOOLCHAIN_GCC_ARM/startup_LPC17xx.o
                0x000016e0                Reset_Handler
                0x00001714                NMI_Handler
                0x00001716                HardFault_Handler
                0x00001718                MemManage_Handler
                0x0000171a                BusFault_Handler
                0x0000171c                UsageFault_Handler
                0x0000171e                SVC_Handler
                0x00001720                DebugMon_Handler
                0x00001722                PendSV_Handler
                0x00001724                SysTick_Handler
                0x00001726                DEF_IRQHandler
                0x00001726                Default_Handler
                0x00001728                WDT_IRQHandler
                0x0000172a                TIMER0_IRQHandler
                0x0000172c                TIMER1_IRQHandler
                0x0000172e                TIMER2_IRQHandler
                0x00001730                TIMER3_IRQHandler
                0x00001732                UART0_IRQHandler
                0x00001734                UART1_IRQHandler
                0x00001736                UART2_IRQHandler
                0x00001738                UART3_IRQHandler
                0x0000173a                PWM1_IRQHandler
                0x0000173c                I2C0_IRQHandler
                0x0000173e                I2C1_IRQHandler
                0x00001740                I2C2_IRQHandler
                0x00001742                SPI_IRQHandler
                0x00001744                SSP0_IRQHandler
                0x00001746                SSP1_IRQHandler
                0x00001748                PLL0_IRQHandler
                0x0000174a                RTC_IRQHandler
                0x0000174c                EINT0_IRQHandler
                0x0000174e                EINT1_IRQHandler
                0x00001750                EINT2_IRQHandler
                0x00001752                EINT3_IRQHandler
                0x00001754                ADC_IRQHandler
                0x00001756                BOD_IRQHandler
                0x00001758                USB_IRQHandler
                0x0000175a                CAN_IRQHandler
                0x0000175c                DMA_IRQHandler
                0x0000175e                I2S_IRQHandler
                0x00001760                ENET_IRQHandler
                0x00001762                RIT_IRQHandler
                0x00001764                MCPWM_IRQHandler
                0x00001766                QEI_IRQHandler
                0x00001768                PLL1_IRQHandler
                0x0000176a                USBActivity_IRQHandler
                0x0000176c                CANActivity_IRQHandler
 .text.SystemInit
                0x00001770       0xd0 D:/_ishikawa/Tools/DigitalMove/ARM/MCUXpresso/DigitalMove/mbed/TARGET_LPC1768/TOOLCHAIN_GCC_ARM/system_LPC17xx.o
                0x00001770                SystemInit
 .text.gpio_set
                0x00001840       0x18 D:/_ishikawa/Tools/DigitalMove/ARM/MCUXpresso/DigitalMove/mbed/TARGET_LPC1768/TOOLCHAIN_GCC_ARM/libmbed.a(gpio_api.o)
                0x00001840                gpio_set
 .text.gpio_mode
                0x00001858        0x8 D:/_ishikawa/Tools/DigitalMove/ARM/MCUXpresso/DigitalMove/mbed/TARGET_LPC1768/TOOLCHAIN_GCC_ARM/libmbed.a(gpio_api.o)
                0x00001858                gpio_mode
 .text.gpio_dir
                0x00001860       0x24 D:/_ishikawa/Tools/DigitalMove/ARM/MCUXpresso/DigitalMove/mbed/TARGET_LPC1768/TOOLCHAIN_GCC_ARM/libmbed.a(gpio_api.o)
                0x00001860                gpio_dir
 .text.gpio_init
                0x00001884       0x58 D:/_ishikawa/Tools/DigitalMove/ARM/MCUXpresso/DigitalMove/mbed/TARGET_LPC1768/TOOLCHAIN_GCC_ARM/libmbed.a(gpio_api.o)
                0x00001884                gpio_init
 .text.pin_function
                0x000018dc       0x44 D:/_ishikawa/Tools/DigitalMove/ARM/MCUXpresso/DigitalMove/mbed/TARGET_LPC1768/TOOLCHAIN_GCC_ARM/libmbed.a(pinmap.o)
                0x000018dc                pin_function
 .text.pin_mode
                0x00001920       0x6c D:/_ishikawa/Tools/DigitalMove/ARM/MCUXpresso/DigitalMove/mbed/TARGET_LPC1768/TOOLCHAIN_GCC_ARM/libmbed.a(pinmap.o)
                0x00001920                pin_mode
 .text.uart2_irq
                0x0000198c       0x34 D:/_ishikawa/Tools/DigitalMove/ARM/MCUXpresso/DigitalMove/mbed/TARGET_LPC1768/TOOLCHAIN_GCC_ARM/libmbed.a(serial_api.o)
                0x0000198c                uart2_irq
 .text.uart3_irq
                0x000019c0       0x34 D:/_ishikawa/Tools/DigitalMove/ARM/MCUXpresso/DigitalMove/mbed/TARGET_LPC1768/TOOLCHAIN_GCC_ARM/libmbed.a(serial_api.o)
                0x000019c0                uart3_irq
 .text.uart0_irq
                0x000019f4       0x34 D:/_ishikawa/Tools/DigitalMove/ARM/MCUXpresso/DigitalMove/mbed/TARGET_LPC1768/TOOLCHAIN_GCC_ARM/libmbed.a(serial_api.o)
                0x000019f4                uart0_irq
 .text.uart1_irq
                0x00001a28       0x34 D:/_ishikawa/Tools/DigitalMove/ARM/MCUXpresso/DigitalMove/mbed/TARGET_LPC1768/TOOLCHAIN_GCC_ARM/libmbed.a(serial_api.o)
                0x00001a28                uart1_irq
 .text.serial_baud
                0x00001a5c      0x22c D:/_ishikawa/Tools/DigitalMove/ARM/MCUXpresso/DigitalMove/mbed/TARGET_LPC1768/TOOLCHAIN_GCC_ARM/libmbed.a(serial_api.o)
                0x00001a5c                serial_baud
 .text.serial_format
                0x00001c88       0x84 D:/_ishikawa/Tools/DigitalMove/ARM/MCUXpresso/DigitalMove/mbed/TARGET_LPC1768/TOOLCHAIN_GCC_ARM/libmbed.a(serial_api.o)
                0x00001c88                serial_format
 .text.serial_init
                0x00001d0c      0x2a8 D:/_ishikawa/Tools/DigitalMove/ARM/MCUXpresso/DigitalMove/mbed/TARGET_LPC1768/TOOLCHAIN_GCC_ARM/libmbed.a(serial_api.o)
                0x00001d0c                serial_init
 .text.serial_irq_handler
                0x00001fb4       0x20 D:/_ishikawa/Tools/DigitalMove/ARM/MCUXpresso/DigitalMove/mbed/TARGET_LPC1768/TOOLCHAIN_GCC_ARM/libmbed.a(serial_api.o)
                0x00001fb4                serial_irq_handler
 .text.serial_irq_set
                0x00001fd4       0xc0 D:/_ishikawa/Tools/DigitalMove/ARM/MCUXpresso/DigitalMove/mbed/TARGET_LPC1768/TOOLCHAIN_GCC_ARM/libmbed.a(serial_api.o)
                0x00001fd4                serial_irq_set
 .text.serial_getc
                0x00002094        0xc D:/_ishikawa/Tools/DigitalMove/ARM/MCUXpresso/DigitalMove/mbed/TARGET_LPC1768/TOOLCHAIN_GCC_ARM/libmbed.a(serial_api.o)
                0x00002094                serial_getc
 .text.serial_putc
                0x000020a0       0x14 D:/_ishikawa/Tools/DigitalMove/ARM/MCUXpresso/DigitalMove/mbed/TARGET_LPC1768/TOOLCHAIN_GCC_ARM/libmbed.a(serial_api.o)
                0x000020a0                serial_putc
 .text.exit     0x000020b4       0x1c D:/_ishikawa/Tools/DigitalMove/ARM/MCUXpresso/DigitalMove/mbed/TARGET_LPC1768/TOOLCHAIN_GCC_ARM/libmbed.a(exit.o)
                0x000020b4                exit
 .text.mbed_interface_connected
                0x000020d0        0x4 D:/_ishikawa/Tools/DigitalMove/ARM/MCUXpresso/DigitalMove/mbed/TARGET_LPC1768/TOOLCHAIN_GCC_ARM/libmbed.a(mbed_interface.o)
                0x000020d0                mbed_interface_connected
 .text.pinmap_pinout
                0x000020d4       0x4c D:/_ishikawa/Tools/DigitalMove/ARM/MCUXpresso/DigitalMove/mbed/TARGET_LPC1768/TOOLCHAIN_GCC_ARM/libmbed.a(pinmap_common.o)
                0x000020d4                pinmap_pinout
 .text.pinmap_merge
                0x00002120       0x30 D:/_ishikawa/Tools/DigitalMove/ARM/MCUXpresso/DigitalMove/mbed/TARGET_LPC1768/TOOLCHAIN_GCC_ARM/libmbed.a(pinmap_common.o)
                0x00002120                pinmap_merge
 .text.pinmap_peripheral
                0x00002150       0x3c D:/_ishikawa/Tools/DigitalMove/ARM/MCUXpresso/DigitalMove/mbed/TARGET_LPC1768/TOOLCHAIN_GCC_ARM/libmbed.a(pinmap_common.o)
                0x00002150                pinmap_peripheral
 .text.semihost_exit
                0x0000218c       0x18 D:/_ishikawa/Tools/DigitalMove/ARM/MCUXpresso/DigitalMove/mbed/TARGET_LPC1768/TOOLCHAIN_GCC_ARM/libmbed.a(semihost_api.o)
                0x0000218c                semihost_exit
 .text.semihost_connected
                0x000021a4       0x10 D:/_ishikawa/Tools/DigitalMove/ARM/MCUXpresso/DigitalMove/mbed/TARGET_LPC1768/TOOLCHAIN_GCC_ARM/libmbed.a(semihost_api.o)
                0x000021a4                semihost_connected
 .text._ZN4mbed8FilePathC2EPKc
                0x000021b4       0x54 D:/_ishikawa/Tools/DigitalMove/ARM/MCUXpresso/DigitalMove/mbed/TARGET_LPC1768/TOOLCHAIN_GCC_ARM/libmbed.a(FilePath.o)
                0x000021b4                mbed::FilePath::FilePath(char const*)
                0x000021b4                mbed::FilePath::FilePath(char const*)
 .text._ZN4mbed8FilePath8fileNameEv
                0x00002208        0x4 D:/_ishikawa/Tools/DigitalMove/ARM/MCUXpresso/DigitalMove/mbed/TARGET_LPC1768/TOOLCHAIN_GCC_ARM/libmbed.a(FilePath.o)
                0x00002208                mbed::FilePath::fileName()
 .text._ZN4mbed8FilePath12isFileSystemEv
                0x0000220c       0x14 D:/_ishikawa/Tools/DigitalMove/ARM/MCUXpresso/DigitalMove/mbed/TARGET_LPC1768/TOOLCHAIN_GCC_ARM/libmbed.a(FilePath.o)
                0x0000220c                mbed::FilePath::isFileSystem()
 .text._ZN4mbed8FilePath10fileSystemEv
                0x00002220       0x10 D:/_ishikawa/Tools/DigitalMove/ARM/MCUXpresso/DigitalMove/mbed/TARGET_LPC1768/TOOLCHAIN_GCC_ARM/libmbed.a(FilePath.o)
                0x00002220                mbed::FilePath::fileSystem()
 .text._ZN4mbed8FilePath6isFileEv
                0x00002230       0x14 D:/_ishikawa/Tools/DigitalMove/ARM/MCUXpresso/DigitalMove/mbed/TARGET_LPC1768/TOOLCHAIN_GCC_ARM/libmbed.a(FilePath.o)
                0x00002230                mbed::FilePath::isFile()
 .text._ZN4mbed8FilePath4fileEv
                0x00002244       0x14 D:/_ishikawa/Tools/DigitalMove/ARM/MCUXpresso/DigitalMove/mbed/TARGET_LPC1768/TOOLCHAIN_GCC_ARM/libmbed.a(FilePath.o)
                0x00002244                mbed::FilePath::file()
 .text._ZN4mbed8FilePath6existsEv
                0x00002258        0xc D:/_ishikawa/Tools/DigitalMove/ARM/MCUXpresso/DigitalMove/mbed/TARGET_LPC1768/TOOLCHAIN_GCC_ARM/libmbed.a(FilePath.o)
                0x00002258                mbed::FilePath::exists()
 .text._ZN4mbed11InterruptIn12_irq_handlerEm14gpio_irq_event
                0x00002264       0x18 D:/_ishikawa/Tools/DigitalMove/ARM/MCUXpresso/DigitalMove/mbed/TARGET_LPC1768/TOOLCHAIN_GCC_ARM/libmbed.a(InterruptIn.o)
                0x00002264                mbed::InterruptIn::_irq_handler(unsigned long, gpio_irq_event)
 .text._ZN4mbed11InterruptInD2Ev
                0x0000227c       0x18 D:/_ishikawa/Tools/DigitalMove/ARM/MCUXpresso/DigitalMove/mbed/TARGET_LPC1768/TOOLCHAIN_GCC_ARM/libmbed.a(InterruptIn.o)
                0x0000227c                mbed::InterruptIn::~InterruptIn()
                0x0000227c                mbed::InterruptIn::~InterruptIn()
 .text._ZN4mbed11InterruptInD0Ev
                0x00002294       0x14 D:/_ishikawa/Tools/DigitalMove/ARM/MCUXpresso/DigitalMove/mbed/TARGET_LPC1768/TOOLCHAIN_GCC_ARM/libmbed.a(InterruptIn.o)
                0x00002294                mbed::InterruptIn::~InterruptIn()
 .text._ZN4mbed11InterruptInC2E7PinName
                0x000022a8       0x44 D:/_ishikawa/Tools/DigitalMove/ARM/MCUXpresso/DigitalMove/mbed/TARGET_LPC1768/TOOLCHAIN_GCC_ARM/libmbed.a(InterruptIn.o)
                0x000022a8                mbed::InterruptIn::InterruptIn(PinName)
                0x000022a8                mbed::InterruptIn::InterruptIn(PinName)
 .text._ZN4mbed11InterruptIn4modeE7PinMode
                0x000022ec        0x8 D:/_ishikawa/Tools/DigitalMove/ARM/MCUXpresso/DigitalMove/mbed/TARGET_LPC1768/TOOLCHAIN_GCC_ARM/libmbed.a(InterruptIn.o)
                0x000022ec                mbed::InterruptIn::mode(PinMode)
 .text._ZN4mbed11InterruptIn4riseEPFvvE
                0x000022f4       0x30 D:/_ishikawa/Tools/DigitalMove/ARM/MCUXpresso/DigitalMove/mbed/TARGET_LPC1768/TOOLCHAIN_GCC_ARM/libmbed.a(InterruptIn.o)
                0x000022f4                mbed::InterruptIn::rise(void (*)())
 .text._ZN4mbed11InterruptIn4fallEPFvvE
                0x00002324       0x30 D:/_ishikawa/Tools/DigitalMove/ARM/MCUXpresso/DigitalMove/mbed/TARGET_LPC1768/TOOLCHAIN_GCC_ARM/libmbed.a(InterruptIn.o)
                0x00002324                mbed::InterruptIn::fall(void (*)())
 .text._ZN4mbed11InterruptIncviEv
                0x00002354       0x10 D:/_ishikawa/Tools/DigitalMove/ARM/MCUXpresso/DigitalMove/mbed/TARGET_LPC1768/TOOLCHAIN_GCC_ARM/libmbed.a(InterruptIn.o)
                0x00002354                mbed::InterruptIn::operator int()
 .text._ZN4mbed6Serial5_putcEi
                0x00002364        0x8 D:/_ishikawa/Tools/DigitalMove/ARM/MCUXpresso/DigitalMove/mbed/TARGET_LPC1768/TOOLCHAIN_GCC_ARM/libmbed.a(Serial.o)
                0x00002364                mbed::Serial::_putc(int)
 .text._ZN4mbed6Serial5_getcEv
                0x0000236c        0x8 D:/_ishikawa/Tools/DigitalMove/ARM/MCUXpresso/DigitalMove/mbed/TARGET_LPC1768/TOOLCHAIN_GCC_ARM/libmbed.a(Serial.o)
                0x0000236c                mbed::Serial::_getc()
 .text._ZN4mbed6SerialC2E7PinNameS1_PKc
                0x00002374       0x2c D:/_ishikawa/Tools/DigitalMove/ARM/MCUXpresso/DigitalMove/mbed/TARGET_LPC1768/TOOLCHAIN_GCC_ARM/libmbed.a(Serial.o)
                0x00002374                mbed::Serial::Serial(PinName, PinName, char const*)
                0x00002374                mbed::Serial::Serial(PinName, PinName, char const*)
 .text._ZN4mbed10SerialBase12_irq_handlerEm9SerialIrq
                0x000023a0       0x10 D:/_ishikawa/Tools/DigitalMove/ARM/MCUXpresso/DigitalMove/mbed/TARGET_LPC1768/TOOLCHAIN_GCC_ARM/libmbed.a(SerialBase.o)
                0x000023a0                mbed::SerialBase::_irq_handler(unsigned long, SerialIrq)
 .text._ZN4mbed10SerialBaseC2E7PinNameS1_
                0x000023b0       0x40 D:/_ishikawa/Tools/DigitalMove/ARM/MCUXpresso/DigitalMove/mbed/TARGET_LPC1768/TOOLCHAIN_GCC_ARM/libmbed.a(SerialBase.o)
                0x000023b0                mbed::SerialBase::SerialBase(PinName, PinName)
                0x000023b0                mbed::SerialBase::SerialBase(PinName, PinName)
 .text._ZN4mbed10SerialBase4baudEi
                0x000023f0       0x10 D:/_ishikawa/Tools/DigitalMove/ARM/MCUXpresso/DigitalMove/mbed/TARGET_LPC1768/TOOLCHAIN_GCC_ARM/libmbed.a(SerialBase.o)
                0x000023f0                mbed::SerialBase::baud(int)
 .text._ZN4mbed10SerialBase6attachEPFvvENS0_7IrqTypeE
                0x00002400       0x30 D:/_ishikawa/Tools/DigitalMove/ARM/MCUXpresso/DigitalMove/mbed/TARGET_LPC1768/TOOLCHAIN_GCC_ARM/libmbed.a(SerialBase.o)
                0x00002400                mbed::SerialBase::attach(void (*)(), mbed::SerialBase::IrqType)
 .text._ZN4mbed10SerialBase10_base_getcEv
                0x00002430        0x4 D:/_ishikawa/Tools/DigitalMove/ARM/MCUXpresso/DigitalMove/mbed/TARGET_LPC1768/TOOLCHAIN_GCC_ARM/libmbed.a(SerialBase.o)
                0x00002430                mbed::SerialBase::_base_getc()
 .text._ZN4mbed10SerialBase10_base_putcEi
                0x00002434        0xc D:/_ishikawa/Tools/DigitalMove/ARM/MCUXpresso/DigitalMove/mbed/TARGET_LPC1768/TOOLCHAIN_GCC_ARM/libmbed.a(SerialBase.o)
                0x00002434                mbed::SerialBase::_base_putc(int)
 .text._ZN4mbed6Stream5closeEv
                0x00002440        0x4 D:/_ishikawa/Tools/DigitalMove/ARM/MCUXpresso/DigitalMove/mbed/TARGET_LPC1768/TOOLCHAIN_GCC_ARM/libmbed.a(Stream.o)
                0x00002440                mbed::Stream::close()
 .text._ZN4mbed6Stream5writeEPKvj
                0x00002444       0x78 D:/_ishikawa/Tools/DigitalMove/ARM/MCUXpresso/DigitalMove/mbed/TARGET_LPC1768/TOOLCHAIN_GCC_ARM/libmbed.a(Stream.o)
                0x00002444                mbed::Stream::write(void const*, unsigned int)
 .text._ZN4mbed6Stream4readEPvj
                0x000024bc       0x78 D:/_ishikawa/Tools/DigitalMove/ARM/MCUXpresso/DigitalMove/mbed/TARGET_LPC1768/TOOLCHAIN_GCC_ARM/libmbed.a(Stream.o)
                0x000024bc                mbed::Stream::read(void*, unsigned int)
 .text._ZN4mbed6Stream5lseekEli
                0x00002534        0x4 D:/_ishikawa/Tools/DigitalMove/ARM/MCUXpresso/DigitalMove/mbed/TARGET_LPC1768/TOOLCHAIN_GCC_ARM/libmbed.a(Stream.o)
                0x00002534                mbed::Stream::lseek(long, int)
 .text._ZN4mbed6Stream6isattyEv
                0x00002538        0x4 D:/_ishikawa/Tools/DigitalMove/ARM/MCUXpresso/DigitalMove/mbed/TARGET_LPC1768/TOOLCHAIN_GCC_ARM/libmbed.a(Stream.o)
                0x00002538                mbed::Stream::isatty()
 .text._ZN4mbed6Stream5fsyncEv
                0x0000253c        0x4 D:/_ishikawa/Tools/DigitalMove/ARM/MCUXpresso/DigitalMove/mbed/TARGET_LPC1768/TOOLCHAIN_GCC_ARM/libmbed.a(Stream.o)
                0x0000253c                mbed::Stream::fsync()
 .text._ZN4mbed6Stream4flenEv
                0x00002540        0x4 D:/_ishikawa/Tools/DigitalMove/ARM/MCUXpresso/DigitalMove/mbed/TARGET_LPC1768/TOOLCHAIN_GCC_ARM/libmbed.a(Stream.o)
                0x00002540                mbed::Stream::flen()
 .text._ZN4mbed6StreamD2Ev
                0x00002544       0x28 D:/_ishikawa/Tools/DigitalMove/ARM/MCUXpresso/DigitalMove/mbed/TARGET_LPC1768/TOOLCHAIN_GCC_ARM/libmbed.a(Stream.o)
                0x00002544                mbed::Stream::~Stream()
                0x00002544                mbed::Stream::~Stream()
 .text._ZThn4_N4mbed6StreamD1Ev
                0x0000256c        0x8 D:/_ishikawa/Tools/DigitalMove/ARM/MCUXpresso/DigitalMove/mbed/TARGET_LPC1768/TOOLCHAIN_GCC_ARM/libmbed.a(Stream.o)
                0x0000256c                non-virtual thunk to mbed::Stream::~Stream()
 .text._ZN4mbed6StreamD0Ev
                0x00002574       0x14 D:/_ishikawa/Tools/DigitalMove/ARM/MCUXpresso/DigitalMove/mbed/TARGET_LPC1768/TOOLCHAIN_GCC_ARM/libmbed.a(Stream.o)
                0x00002574                mbed::Stream::~Stream()
 .text._ZThn4_N4mbed6StreamD0Ev
                0x00002588        0x8 D:/_ishikawa/Tools/DigitalMove/ARM/MCUXpresso/DigitalMove/mbed/TARGET_LPC1768/TOOLCHAIN_GCC_ARM/libmbed.a(Stream.o)
                0x00002588                non-virtual thunk to mbed::Stream::~Stream()
 .text._ZN4mbed6StreamC2EPKc
                0x00002590       0x48 D:/_ishikawa/Tools/DigitalMove/ARM/MCUXpresso/DigitalMove/mbed/TARGET_LPC1768/TOOLCHAIN_GCC_ARM/libmbed.a(Stream.o)
                0x00002590                mbed::Stream::Stream(char const*)
                0x00002590                mbed::Stream::Stream(char const*)
 .text._ZN4mbed6Stream4putcEi
                0x000025d8       0x18 D:/_ishikawa/Tools/DigitalMove/ARM/MCUXpresso/DigitalMove/mbed/TARGET_LPC1768/TOOLCHAIN_GCC_ARM/libmbed.a(Stream.o)
                0x000025d8                mbed::Stream::putc(int)
 .text._ZN4mbed6Stream4getcEv
                0x000025f0       0x14 D:/_ishikawa/Tools/DigitalMove/ARM/MCUXpresso/DigitalMove/mbed/TARGET_LPC1768/TOOLCHAIN_GCC_ARM/libmbed.a(Stream.o)
                0x000025f0                mbed::Stream::getc()
 .text.handle_interrupt_in
                0x00002604      0x154 D:/_ishikawa/Tools/DigitalMove/ARM/MCUXpresso/DigitalMove/mbed/TARGET_LPC1768/TOOLCHAIN_GCC_ARM/libmbed.a(gpio_irq_api.o)
 .text.gpio_irq_init
                0x00002758       0x80 D:/_ishikawa/Tools/DigitalMove/ARM/MCUXpresso/DigitalMove/mbed/TARGET_LPC1768/TOOLCHAIN_GCC_ARM/libmbed.a(gpio_irq_api.o)
                0x00002758                gpio_irq_init
 .text.gpio_irq_free
                0x000027d8       0x14 D:/_ishikawa/Tools/DigitalMove/ARM/MCUXpresso/DigitalMove/mbed/TARGET_LPC1768/TOOLCHAIN_GCC_ARM/libmbed.a(gpio_irq_api.o)
                0x000027d8                gpio_irq_free
 .text.gpio_irq_set
                0x000027ec      0x10c D:/_ishikawa/Tools/DigitalMove/ARM/MCUXpresso/DigitalMove/mbed/TARGET_LPC1768/TOOLCHAIN_GCC_ARM/libmbed.a(gpio_irq_api.o)
                0x000027ec                gpio_irq_set
 .text.mbed_die
                0x000028f8       0x84 D:/_ishikawa/Tools/DigitalMove/ARM/MCUXpresso/DigitalMove/mbed/TARGET_LPC1768/TOOLCHAIN_GCC_ARM/libmbed.a(board.o)
                0x000028f8                mbed_die
 .text.wait_us  0x0000297c       0x18 D:/_ishikawa/Tools/DigitalMove/ARM/MCUXpresso/DigitalMove/mbed/TARGET_LPC1768/TOOLCHAIN_GCC_ARM/libmbed.a(wait_api.o)
                0x0000297c                wait_us
 .text.wait_ms  0x00002994        0xc D:/_ishikawa/Tools/DigitalMove/ARM/MCUXpresso/DigitalMove/mbed/TARGET_LPC1768/TOOLCHAIN_GCC_ARM/libmbed.a(wait_api.o)
                0x00002994                wait_ms
 .text._ZN4mbed8FileBaseD2Ev
                0x000029a0       0x30 D:/_ishikawa/Tools/DigitalMove/ARM/MCUXpresso/DigitalMove/mbed/TARGET_LPC1768/TOOLCHAIN_GCC_ARM/libmbed.a(FileBase.o)
                0x000029a0                mbed::FileBase::~FileBase()
                0x000029a0                mbed::FileBase::~FileBase()
 .text._ZN4mbed8FileBaseD0Ev
                0x000029d0       0x3c D:/_ishikawa/Tools/DigitalMove/ARM/MCUXpresso/DigitalMove/mbed/TARGET_LPC1768/TOOLCHAIN_GCC_ARM/libmbed.a(FileBase.o)
                0x000029d0                mbed::FileBase::~FileBase()
 .text._ZN4mbed8FileBaseC2EPKcNS_8PathTypeE
                0x00002a0c       0x20 D:/_ishikawa/Tools/DigitalMove/ARM/MCUXpresso/DigitalMove/mbed/TARGET_LPC1768/TOOLCHAIN_GCC_ARM/libmbed.a(FileBase.o)
                0x00002a0c                mbed::FileBase::FileBase(char const*, mbed::PathType)
                0x00002a0c                mbed::FileBase::FileBase(char const*, mbed::PathType)
 .text._ZN4mbed8FileBase6lookupEPKcj
                0x00002a2c       0x40 D:/_ishikawa/Tools/DigitalMove/ARM/MCUXpresso/DigitalMove/mbed/TARGET_LPC1768/TOOLCHAIN_GCC_ARM/libmbed.a(FileBase.o)
                0x00002a2c                mbed::FileBase::lookup(char const*, unsigned int)
 .text._ZN4mbed8FileBase11getPathTypeEv
                0x00002a6c        0x4 D:/_ishikawa/Tools/DigitalMove/ARM/MCUXpresso/DigitalMove/mbed/TARGET_LPC1768/TOOLCHAIN_GCC_ARM/libmbed.a(FileBase.o)
                0x00002a6c                mbed::FileBase::getPathType()
 .text._ZN4mbed8FileLikeD2Ev
                0x00002a70       0x28 D:/_ishikawa/Tools/DigitalMove/ARM/MCUXpresso/DigitalMove/mbed/TARGET_LPC1768/TOOLCHAIN_GCC_ARM/libmbed.a(FileLike.o)
                0x00002a70                mbed::FileLike::~FileLike()
                0x00002a70                mbed::FileLike::~FileLike()
 .text._ZThn4_N4mbed8FileLikeD1Ev
                0x00002a98        0x8 D:/_ishikawa/Tools/DigitalMove/ARM/MCUXpresso/DigitalMove/mbed/TARGET_LPC1768/TOOLCHAIN_GCC_ARM/libmbed.a(FileLike.o)
                0x00002a98                non-virtual thunk to mbed::FileLike::~FileLike()
 .text._ZN4mbed8FileLikeD0Ev
                0x00002aa0       0x14 D:/_ishikawa/Tools/DigitalMove/ARM/MCUXpresso/DigitalMove/mbed/TARGET_LPC1768/TOOLCHAIN_GCC_ARM/libmbed.a(FileLike.o)
                0x00002aa0                mbed::FileLike::~FileLike()
 .text._ZThn4_N4mbed8FileLikeD0Ev
                0x00002ab4        0x8 D:/_ishikawa/Tools/DigitalMove/ARM/MCUXpresso/DigitalMove/mbed/TARGET_LPC1768/TOOLCHAIN_GCC_ARM/libmbed.a(FileLike.o)
                0x00002ab4                non-virtual thunk to mbed::FileLike::~FileLike()
 .text._ZN4mbed8FileLikeC2EPKc
                0x00002abc       0x2c D:/_ishikawa/Tools/DigitalMove/ARM/MCUXpresso/DigitalMove/mbed/TARGET_LPC1768/TOOLCHAIN_GCC_ARM/libmbed.a(FileLike.o)
                0x00002abc                mbed::FileLike::FileLike(char const*)
                0x00002abc                mbed::FileLike::FileLike(char const*)
 .text._ZN4mbed15FunctionPointerC2EPFvvE
                0x00002ae8        0x8 D:/_ishikawa/Tools/DigitalMove/ARM/MCUXpresso/DigitalMove/mbed/TARGET_LPC1768/TOOLCHAIN_GCC_ARM/libmbed.a(FunctionPointer.o)
                0x00002ae8                mbed::FunctionPointer::FunctionPointer(void (*)())
                0x00002ae8                mbed::FunctionPointer::FunctionPointer(void (*)())
 .text._ZN4mbed15FunctionPointer6attachEPFvvE
                0x00002af0        0x8 D:/_ishikawa/Tools/DigitalMove/ARM/MCUXpresso/DigitalMove/mbed/TARGET_LPC1768/TOOLCHAIN_GCC_ARM/libmbed.a(FunctionPointer.o)
                0x00002af0                mbed::FunctionPointer::attach(void (*)())
 .text._ZN4mbed15FunctionPointer4callEv
                0x00002af8       0x18 D:/_ishikawa/Tools/DigitalMove/ARM/MCUXpresso/DigitalMove/mbed/TARGET_LPC1768/TOOLCHAIN_GCC_ARM/libmbed.a(FunctionPointer.o)
                0x00002af8                mbed::FunctionPointer::call()
 .text.us_ticker_init
                0x00002b10       0x6c D:/_ishikawa/Tools/DigitalMove/ARM/MCUXpresso/DigitalMove/mbed/TARGET_LPC1768/TOOLCHAIN_GCC_ARM/libmbed.a(us_ticker.o)
                0x00002b10                us_ticker_init
 .text.us_ticker_read
                0x00002b7c       0x1c D:/_ishikawa/Tools/DigitalMove/ARM/MCUXpresso/DigitalMove/mbed/TARGET_LPC1768/TOOLCHAIN_GCC_ARM/libmbed.a(us_ticker.o)
                0x00002b7c                us_ticker_read
 .text.us_ticker_set_interrupt
                0x00002b98       0x14 D:/_ishikawa/Tools/DigitalMove/ARM/MCUXpresso/DigitalMove/mbed/TARGET_LPC1768/TOOLCHAIN_GCC_ARM/libmbed.a(us_ticker.o)
                0x00002b98                us_ticker_set_interrupt
 .text.us_ticker_disable_interrupt
                0x00002bac       0x14 D:/_ishikawa/Tools/DigitalMove/ARM/MCUXpresso/DigitalMove/mbed/TARGET_LPC1768/TOOLCHAIN_GCC_ARM/libmbed.a(us_ticker.o)
                0x00002bac                us_ticker_disable_interrupt
 .text.us_ticker_clear_interrupt
                0x00002bc0       0x10 D:/_ishikawa/Tools/DigitalMove/ARM/MCUXpresso/DigitalMove/mbed/TARGET_LPC1768/TOOLCHAIN_GCC_ARM/libmbed.a(us_ticker.o)
                0x00002bc0                us_ticker_clear_interrupt
 .text.us_ticker_irq_handler
                0x00002bd0       0x48 D:/_ishikawa/Tools/DigitalMove/ARM/MCUXpresso/DigitalMove/mbed/TARGET_LPC1768/TOOLCHAIN_GCC_ARM/libmbed.a(us_ticker_api.o)
                0x00002bd0                us_ticker_irq_handler
 .text._ZNK10__cxxabiv117__class_type_info11__do_upcastEPKS0_PPv
                0x00002c18       0x38 c:/program files (x86)/gnu tools arm embedded/6 2017-q2-update/bin/../lib/gcc/arm-none-eabi/6.3.1/../../../../arm-none-eabi/lib/thumb/v7-m\libstdc++.a(class_type_info.o)
                0x00002c18                __cxxabiv1::__class_type_info::__do_upcast(__cxxabiv1::__class_type_info const*, void**) const
 .text._ZNK10__cxxabiv117__class_type_info20__do_find_public_srcEiPKvPKS0_S2_
                0x00002c50        0xc c:/program files (x86)/gnu tools arm embedded/6 2017-q2-update/bin/../lib/gcc/arm-none-eabi/6.3.1/../../../../arm-none-eabi/lib/thumb/v7-m\libstdc++.a(class_type_info.o)
                0x00002c50                __cxxabiv1::__class_type_info::__do_find_public_src(int, void const*, __cxxabiv1::__class_type_info const*, void const*) const
 .text._ZN10__cxxabiv117__class_type_infoD2Ev
                0x00002c5c       0x14 c:/program files (x86)/gnu tools arm embedded/6 2017-q2-update/bin/../lib/gcc/arm-none-eabi/6.3.1/../../../../arm-none-eabi/lib/thumb/v7-m\libstdc++.a(class_type_info.o)
                0x00002c5c                __cxxabiv1::__class_type_info::~__class_type_info()
                0x00002c5c                __cxxabiv1::__class_type_info::~__class_type_info()
 .text._ZN10__cxxabiv117__class_type_infoD0Ev
                0x00002c70       0x1c c:/program files (x86)/gnu tools arm embedded/6 2017-q2-update/bin/../lib/gcc/arm-none-eabi/6.3.1/../../../../arm-none-eabi/lib/thumb/v7-m\libstdc++.a(class_type_info.o)
                0x00002c70                __cxxabiv1::__class_type_info::~__class_type_info()
 .text._ZNK10__cxxabiv117__class_type_info11__do_upcastEPKS0_PKvRNS0_15__upcast_resultE
                0x00002c8c       0x18 c:/program files (x86)/gnu tools arm embedded/6 2017-q2-update/bin/../lib/gcc/arm-none-eabi/6.3.1/../../../../arm-none-eabi/lib/thumb/v7-m\libstdc++.a(class_type_info.o)
                0x00002c8c                __cxxabiv1::__class_type_info::__do_upcast(__cxxabiv1::__class_type_info const*, void const*, __cxxabiv1::__class_type_info::__upcast_result&) const
 .text._ZNK10__cxxabiv117__class_type_info10__do_catchEPKSt9type_infoPPvj
                0x00002ca4       0x2c c:/program files (x86)/gnu tools arm embedded/6 2017-q2-update/bin/../lib/gcc/arm-none-eabi/6.3.1/../../../../arm-none-eabi/lib/thumb/v7-m\libstdc++.a(class_type_info.o)
                0x00002ca4                __cxxabiv1::__class_type_info::__do_catch(std::type_info const*, void**, unsigned int) const
 .text._ZNK10__cxxabiv117__class_type_info12__do_dyncastEiNS0_10__sub_kindEPKS0_PKvS3_S5_RNS0_16__dyncast_resultE
                0x00002cd0       0x40 c:/program files (x86)/gnu tools arm embedded/6 2017-q2-update/bin/../lib/gcc/arm-none-eabi/6.3.1/../../../../arm-none-eabi/lib/thumb/v7-m\libstdc++.a(class_type_info.o)
                0x00002cd0                __cxxabiv1::__class_type_info::__do_dyncast(int, __cxxabiv1::__class_type_info::__sub_kind, __cxxabiv1::__class_type_info const*, void const*, __cxxabiv1::__class_type_info const*, void const*, __cxxabiv1::__class_type_info::__dyncast_result&) const
 .text._ZN12_GLOBAL__N_14pool4freeEPv.constprop.4
                0x00002d10       0x7c c:/program files (x86)/gnu tools arm embedded/6 2017-q2-update/bin/../lib/gcc/arm-none-eabi/6.3.1/../../../../arm-none-eabi/lib/thumb/v7-m\libstdc++.a(eh_alloc.o)
 .text._ZN12_GLOBAL__N_14pool8allocateEj.constprop.5
                0x00002d8c       0x68 c:/program files (x86)/gnu tools arm embedded/6 2017-q2-update/bin/../lib/gcc/arm-none-eabi/6.3.1/../../../../arm-none-eabi/lib/thumb/v7-m\libstdc++.a(eh_alloc.o)
 .text.__cxa_allocate_exception
                0x00002df4       0x30 c:/program files (x86)/gnu tools arm embedded/6 2017-q2-update/bin/../lib/gcc/arm-none-eabi/6.3.1/../../../../arm-none-eabi/lib/thumb/v7-m\libstdc++.a(eh_alloc.o)
                0x00002df4                __cxa_allocate_exception
 .text.__cxa_free_exception
                0x00002e24       0x20 c:/program files (x86)/gnu tools arm embedded/6 2017-q2-update/bin/../lib/gcc/arm-none-eabi/6.3.1/../../../../arm-none-eabi/lib/thumb/v7-m\libstdc++.a(eh_alloc.o)
                0x00002e24                __cxa_free_exception
 .text.startup._GLOBAL__sub_I__ZN9__gnu_cxx9__freeresEv
                0x00002e44       0x28 c:/program files (x86)/gnu tools arm embedded/6 2017-q2-update/bin/../lib/gcc/arm-none-eabi/6.3.1/../../../../arm-none-eabi/lib/thumb/v7-m\libstdc++.a(eh_alloc.o)
 .text.__aeabi_atexit
                0x00002e6c        0xc c:/program files (x86)/gnu tools arm embedded/6 2017-q2-update/bin/../lib/gcc/arm-none-eabi/6.3.1/../../../../arm-none-eabi/lib/thumb/v7-m\libstdc++.a(atexit_arm.o)
                0x00002e6c                __aeabi_atexit
 .text._ZL23__gxx_exception_cleanup19_Unwind_Reason_CodeP21_Unwind_Control_Block
                0x00002e78       0x44 c:/program files (x86)/gnu tools arm embedded/6 2017-q2-update/bin/../lib/gcc/arm-none-eabi/6.3.1/../../../../arm-none-eabi/lib/thumb/v7-m\libstdc++.a(eh_throw.o)
 .text.__cxa_throw
                0x00002ebc       0x80 c:/program files (x86)/gnu tools arm embedded/6 2017-q2-update/bin/../lib/gcc/arm-none-eabi/6.3.1/../../../../arm-none-eabi/lib/thumb/v7-m\libstdc++.a(eh_throw.o)
                0x00002ebc                __cxa_throw
 .text.__cxa_rethrow
                0x00002f3c       0x70 c:/program files (x86)/gnu tools arm embedded/6 2017-q2-update/bin/../lib/gcc/arm-none-eabi/6.3.1/../../../../arm-none-eabi/lib/thumb/v7-m\libstdc++.a(eh_throw.o)
                0x00002f3c                __cxa_rethrow
 .text.__cxa_begin_catch
                0x00002fac       0x80 c:/program files (x86)/gnu tools arm embedded/6 2017-q2-update/bin/../lib/gcc/arm-none-eabi/6.3.1/../../../../arm-none-eabi/lib/thumb/v7-m\libstdc++.a(eh_catch.o)
                0x00002fac                __cxa_begin_catch
 .text.__cxa_end_catch
                0x0000302c       0x8c c:/program files (x86)/gnu tools arm embedded/6 2017-q2-update/bin/../lib/gcc/arm-none-eabi/6.3.1/../../../../arm-none-eabi/lib/thumb/v7-m\libstdc++.a(eh_catch.o)
                0x0000302c                __cxa_end_catch
 .text._ZN10__cxxabiv120__si_class_type_infoD2Ev
                0x000030b8       0x14 c:/program files (x86)/gnu tools arm embedded/6 2017-q2-update/bin/../lib/gcc/arm-none-eabi/6.3.1/../../../../arm-none-eabi/lib/thumb/v7-m\libstdc++.a(si_class_type_info.o)
                0x000030b8                __cxxabiv1::__si_class_type_info::~__si_class_type_info()
                0x000030b8                __cxxabiv1::__si_class_type_info::~__si_class_type_info()
 .text._ZN10__cxxabiv120__si_class_type_infoD0Ev
                0x000030cc       0x1c c:/program files (x86)/gnu tools arm embedded/6 2017-q2-update/bin/../lib/gcc/arm-none-eabi/6.3.1/../../../../arm-none-eabi/lib/thumb/v7-m\libstdc++.a(si_class_type_info.o)
                0x000030cc                __cxxabiv1::__si_class_type_info::~__si_class_type_info()
 .text._ZNK10__cxxabiv120__si_class_type_info20__do_find_public_srcEiPKvPKNS_17__class_type_infoES2_
                0x000030e8       0x3c c:/program files (x86)/gnu tools arm embedded/6 2017-q2-update/bin/../lib/gcc/arm-none-eabi/6.3.1/../../../../arm-none-eabi/lib/thumb/v7-m\libstdc++.a(si_class_type_info.o)
                0x000030e8                __cxxabiv1::__si_class_type_info::__do_find_public_src(int, void const*, __cxxabiv1::__class_type_info const*, void const*) const
 .text._ZNK10__cxxabiv120__si_class_type_info12__do_dyncastEiNS_17__class_type_info10__sub_kindEPKS1_PKvS4_S6_RNS1_16__dyncast_resultE
                0x00003124       0x98 c:/program files (x86)/gnu tools arm embedded/6 2017-q2-update/bin/../lib/gcc/arm-none-eabi/6.3.1/../../../../arm-none-eabi/lib/thumb/v7-m\libstdc++.a(si_class_type_info.o)
                0x00003124                __cxxabiv1::__si_class_type_info::__do_dyncast(int, __cxxabiv1::__class_type_info::__sub_kind, __cxxabiv1::__class_type_info const*, void const*, __cxxabiv1::__class_type_info const*, void const*, __cxxabiv1::__class_type_info::__dyncast_result&) const
 .text._ZNK10__cxxabiv120__si_class_type_info11__do_upcastEPKNS_17__class_type_infoEPKvRNS1_15__upcast_resultE
                0x000031bc       0x2c c:/program files (x86)/gnu tools arm embedded/6 2017-q2-update/bin/../lib/gcc/arm-none-eabi/6.3.1/../../../../arm-none-eabi/lib/thumb/v7-m\libstdc++.a(si_class_type_info.o)
                0x000031bc                __cxxabiv1::__si_class_type_info::__do_upcast(__cxxabiv1::__class_type_info const*, void const*, __cxxabiv1::__class_type_info::__upcast_result&) const
 .text._ZdlPvj  0x000031e8        0x4 c:/program files (x86)/gnu tools arm embedded/6 2017-q2-update/bin/../lib/gcc/arm-none-eabi/6.3.1/../../../../arm-none-eabi/lib/thumb/v7-m\libstdc++.a(del_ops.o)
                0x000031e8                operator delete(void*, unsigned int)
 .text._ZL28read_encoded_value_with_basehjPKhPj
                0x000031ec       0xc0 c:/program files (x86)/gnu tools arm embedded/6 2017-q2-update/bin/../lib/gcc/arm-none-eabi/6.3.1/../../../../arm-none-eabi/lib/thumb/v7-m\libstdc++.a(eh_personality.o)
 .text._ZL21base_of_encoded_valuehP15_Unwind_Context
                0x000032ac       0x40 c:/program files (x86)/gnu tools arm embedded/6 2017-q2-update/bin/../lib/gcc/arm-none-eabi/6.3.1/../../../../arm-none-eabi/lib/thumb/v7-m\libstdc++.a(eh_personality.o)
 .text._ZL17parse_lsda_headerP15_Unwind_ContextPKhP16lsda_header_info
                0x000032ec       0x94 c:/program files (x86)/gnu tools arm embedded/6 2017-q2-update/bin/../lib/gcc/arm-none-eabi/6.3.1/../../../../arm-none-eabi/lib/thumb/v7-m\libstdc++.a(eh_personality.o)
 .text.__gxx_personality_v0
                0x00003380      0x4bc c:/program files (x86)/gnu tools arm embedded/6 2017-q2-update/bin/../lib/gcc/arm-none-eabi/6.3.1/../../../../arm-none-eabi/lib/thumb/v7-m\libstdc++.a(eh_personality.o)
                0x00003380                __gxx_personality_v0
 .text._ZN10__cxxabiv111__terminateEPFvvE
                0x0000383c       0x28 c:/program files (x86)/gnu tools arm embedded/6 2017-q2-update/bin/../lib/gcc/arm-none-eabi/6.3.1/../../../../arm-none-eabi/lib/thumb/v7-m\libstdc++.a(eh_terminate.o)
                0x0000383c                __cxxabiv1::__terminate(void (*)())
 .text._ZSt9terminatev
                0x00003864       0x14 c:/program files (x86)/gnu tools arm embedded/6 2017-q2-update/bin/../lib/gcc/arm-none-eabi/6.3.1/../../../../arm-none-eabi/lib/thumb/v7-m\libstdc++.a(eh_terminate.o)
                0x00003864                std::terminate()
 .text._ZN10__cxxabiv112__unexpectedEPFvvE
                0x00003878        0x8 c:/program files (x86)/gnu tools arm embedded/6 2017-q2-update/bin/../lib/gcc/arm-none-eabi/6.3.1/../../../../arm-none-eabi/lib/thumb/v7-m\libstdc++.a(eh_terminate.o)
                0x00003878                __cxxabiv1::__unexpected(void (*)())
 .text._ZSt10unexpectedv
                0x00003880       0x14 c:/program files (x86)/gnu tools arm embedded/6 2017-q2-update/bin/../lib/gcc/arm-none-eabi/6.3.1/../../../../arm-none-eabi/lib/thumb/v7-m\libstdc++.a(eh_terminate.o)
                0x00003880                std::unexpected()
 .text._ZSt13get_terminatev
                0x00003894       0x10 c:/program files (x86)/gnu tools arm embedded/6 2017-q2-update/bin/../lib/gcc/arm-none-eabi/6.3.1/../../../../arm-none-eabi/lib/thumb/v7-m\libstdc++.a(eh_terminate.o)
                0x00003894                std::get_terminate()
 .text._ZSt14get_unexpectedv
                0x000038a4       0x10 c:/program files (x86)/gnu tools arm embedded/6 2017-q2-update/bin/../lib/gcc/arm-none-eabi/6.3.1/../../../../arm-none-eabi/lib/thumb/v7-m\libstdc++.a(eh_terminate.o)
                0x000038a4                std::get_unexpected()
 .text._ZdlPv   0x000038b4        0x4 c:/program files (x86)/gnu tools arm embedded/6 2017-q2-update/bin/../lib/gcc/arm-none-eabi/6.3.1/../../../../arm-none-eabi/lib/thumb/v7-m\libstdc++.a(del_op.o)
                0x000038b4                operator delete(void*)
 .text._ZN10__cxxabiv121__vmi_class_type_infoD2Ev
                0x000038b8       0x14 c:/program files (x86)/gnu tools arm embedded/6 2017-q2-update/bin/../lib/gcc/arm-none-eabi/6.3.1/../../../../arm-none-eabi/lib/thumb/v7-m\libstdc++.a(vmi_class_type_info.o)
                0x000038b8                __cxxabiv1::__vmi_class_type_info::~__vmi_class_type_info()
                0x000038b8                __cxxabiv1::__vmi_class_type_info::~__vmi_class_type_info()
 .text._ZN10__cxxabiv121__vmi_class_type_infoD0Ev
                0x000038cc       0x1c c:/program files (x86)/gnu tools arm embedded/6 2017-q2-update/bin/../lib/gcc/arm-none-eabi/6.3.1/../../../../arm-none-eabi/lib/thumb/v7-m\libstdc++.a(vmi_class_type_info.o)
                0x000038cc                __cxxabiv1::__vmi_class_type_info::~__vmi_class_type_info()
 .text._ZNK10__cxxabiv121__vmi_class_type_info20__do_find_public_srcEiPKvPKNS_17__class_type_infoES2_
                0x000038e8       0x7c c:/program files (x86)/gnu tools arm embedded/6 2017-q2-update/bin/../lib/gcc/arm-none-eabi/6.3.1/../../../../arm-none-eabi/lib/thumb/v7-m\libstdc++.a(vmi_class_type_info.o)
                0x000038e8                __cxxabiv1::__vmi_class_type_info::__do_find_public_src(int, void const*, __cxxabiv1::__class_type_info const*, void const*) const
 .text._ZNK10__cxxabiv121__vmi_class_type_info12__do_dyncastEiNS_17__class_type_info10__sub_kindEPKS1_PKvS4_S6_RNS1_16__dyncast_resultE
                0x00003964      0x390 c:/program files (x86)/gnu tools arm embedded/6 2017-q2-update/bin/../lib/gcc/arm-none-eabi/6.3.1/../../../../arm-none-eabi/lib/thumb/v7-m\libstdc++.a(vmi_class_type_info.o)
                0x00003964                __cxxabiv1::__vmi_class_type_info::__do_dyncast(int, __cxxabiv1::__class_type_info::__sub_kind, __cxxabiv1::__class_type_info const*, void const*, __cxxabiv1::__class_type_info const*, void const*, __cxxabiv1::__class_type_info::__dyncast_result&) const
 .text._ZNK10__cxxabiv121__vmi_class_type_info11__do_upcastEPKNS_17__class_type_infoEPKvRNS1_15__upcast_resultE
                0x00003cf4      0x150 c:/program files (x86)/gnu tools arm embedded/6 2017-q2-update/bin/../lib/gcc/arm-none-eabi/6.3.1/../../../../arm-none-eabi/lib/thumb/v7-m\libstdc++.a(vmi_class_type_info.o)
                0x00003cf4                __cxxabiv1::__vmi_class_type_info::__do_upcast(__cxxabiv1::__class_type_info const*, void const*, __cxxabiv1::__class_type_info::__upcast_result&) const
 .text._ZNSt9type_infoD2Ev
                0x00003e44        0x4 c:/program files (x86)/gnu tools arm embedded/6 2017-q2-update/bin/../lib/gcc/arm-none-eabi/6.3.1/../../../../arm-none-eabi/lib/thumb/v7-m\libstdc++.a(tinfo.o)
                0x00003e44                std::type_info::~type_info()
                0x00003e44                std::type_info::~type_info()
 .text._ZNKSt9type_info15__is_function_pEv
                0x00003e48        0x4 c:/program files (x86)/gnu tools arm embedded/6 2017-q2-update/bin/../lib/gcc/arm-none-eabi/6.3.1/../../../../arm-none-eabi/lib/thumb/v7-m\libstdc++.a(tinfo.o)
                0x00003e48                std::type_info::__is_pointer_p() const
                0x00003e48                std::type_info::__is_function_p() const
 .text._ZNKSt9type_infoeqERKS_
                0x00003e4c       0x2c c:/program files (x86)/gnu tools arm embedded/6 2017-q2-update/bin/../lib/gcc/arm-none-eabi/6.3.1/../../../../arm-none-eabi/lib/thumb/v7-m\libstdc++.a(tinfo.o)
                0x00003e4c                std::type_info::operator==(std::type_info const&) const
 .text.__cxa_end_cleanup
                0x00003e78        0xc c:/program files (x86)/gnu tools arm embedded/6 2017-q2-update/bin/../lib/gcc/arm-none-eabi/6.3.1/../../../../arm-none-eabi/lib/thumb/v7-m\libstdc++.a(eh_arm.o)
                0x00003e78                __cxa_end_cleanup
 .text.__cxa_type_match
                0x00003e84       0xb8 c:/program files (x86)/gnu tools arm embedded/6 2017-q2-update/bin/../lib/gcc/arm-none-eabi/6.3.1/../../../../arm-none-eabi/lib/thumb/v7-m\libstdc++.a(eh_arm.o)
                0x00003e84                __cxa_type_match
 .text.__cxa_begin_cleanup
                0x00003f3c       0x64 c:/program files (x86)/gnu tools arm embedded/6 2017-q2-update/bin/../lib/gcc/arm-none-eabi/6.3.1/../../../../arm-none-eabi/lib/thumb/v7-m\libstdc++.a(eh_arm.o)
                0x00003f3c                __cxa_begin_cleanup
 .text.__gnu_end_cleanup
                0x00003fa0       0x70 c:/program files (x86)/gnu tools arm embedded/6 2017-q2-update/bin/../lib/gcc/arm-none-eabi/6.3.1/../../../../arm-none-eabi/lib/thumb/v7-m\libstdc++.a(eh_arm.o)
                0x00003fa0                __gnu_end_cleanup
 .text.__cxa_get_globals_fast
                0x00004010        0x8 c:/program files (x86)/gnu tools arm embedded/6 2017-q2-update/bin/../lib/gcc/arm-none-eabi/6.3.1/../../../../arm-none-eabi/lib/thumb/v7-m\libstdc++.a(eh_globals.o)
                0x00004010                __cxa_get_globals_fast
 .text.__cxa_get_globals
                0x00004018        0x8 c:/program files (x86)/gnu tools arm embedded/6 2017-q2-update/bin/../lib/gcc/arm-none-eabi/6.3.1/../../../../arm-none-eabi/lib/thumb/v7-m\libstdc++.a(eh_globals.o)
                0x00004018                __cxa_get_globals
 .text._ZNSt13bad_exceptionD2Ev
                0x00004020        0x4 c:/program files (x86)/gnu tools arm embedded/6 2017-q2-update/bin/../lib/gcc/arm-none-eabi/6.3.1/../../../../arm-none-eabi/lib/thumb/v7-m\libstdc++.a(eh_exception.o)
                0x00004020                std::bad_exception::~bad_exception()
                0x00004020                std::bad_exception::~bad_exception()
 .text._ZGTtNKSt13bad_exception4whatEv
                0x00004024        0x8 c:/program files (x86)/gnu tools arm embedded/6 2017-q2-update/bin/../lib/gcc/arm-none-eabi/6.3.1/../../../../arm-none-eabi/lib/thumb/v7-m\libstdc++.a(eh_exception.o)
                0x00004024                std::bad_exception::what() const
                0x00004024                transaction clone for std::bad_exception::what() const
 .text._ZNSt13bad_exceptionD0Ev
                0x0000402c       0x10 c:/program files (x86)/gnu tools arm embedded/6 2017-q2-update/bin/../lib/gcc/arm-none-eabi/6.3.1/../../../../arm-none-eabi/lib/thumb/v7-m\libstdc++.a(eh_exception.o)
                0x0000402c                std::bad_exception::~bad_exception()
 .text._ZN10__cxxabiv1L24__is_gxx_exception_classEPc
                0x0000403c       0x3c c:/program files (x86)/gnu tools arm embedded/6 2017-q2-update/bin/../lib/gcc/arm-none-eabi/6.3.1/../../../../arm-none-eabi/lib/thumb/v7-m\libstdc++.a(eh_call.o)
 .text.__cxa_call_terminate
                0x00004078       0x20 c:/program files (x86)/gnu tools arm embedded/6 2017-q2-update/bin/../lib/gcc/arm-none-eabi/6.3.1/../../../../arm-none-eabi/lib/thumb/v7-m\libstdc++.a(eh_call.o)
                0x00004078                __cxa_call_terminate
 .text.__cxa_call_unexpected
                0x00004098       0xe4 c:/program files (x86)/gnu tools arm embedded/6 2017-q2-update/bin/../lib/gcc/arm-none-eabi/6.3.1/../../../../arm-none-eabi/lib/thumb/v7-m\libstdc++.a(eh_call.o)
                0x00004098                __cxa_call_unexpected
 .text.fabs     0x0000417c        0x8 c:/program files (x86)/gnu tools arm embedded/6 2017-q2-update/bin/../lib/gcc/arm-none-eabi/6.3.1/../../../../arm-none-eabi/lib/thumb/v7-m\libm.a(lib_a-s_fabs.o)
                0x0000417c                fabs
 .text.abort    0x00004184       0x10 c:/program files (x86)/gnu tools arm embedded/6 2017-q2-update/bin/../lib/gcc/arm-none-eabi/6.3.1/../../../../arm-none-eabi/lib/thumb/v7-m\libc.a(lib_a-abort.o)
                0x00004184                abort
 .text.__cxa_atexit
                0x00004194        0xc c:/program files (x86)/gnu tools arm embedded/6 2017-q2-update/bin/../lib/gcc/arm-none-eabi/6.3.1/../../../../arm-none-eabi/lib/thumb/v7-m\libc.a(lib_a-cxa_atexit.o)
                0x00004194                __cxa_atexit
 .text.__errno  0x000041a0        0xc c:/program files (x86)/gnu tools arm embedded/6 2017-q2-update/bin/../lib/gcc/arm-none-eabi/6.3.1/../../../../arm-none-eabi/lib/thumb/v7-m\libc.a(lib_a-errno.o)
                0x000041a0                __errno
 .text._fclose_r
                0x000041ac       0xc4 c:/program files (x86)/gnu tools arm embedded/6 2017-q2-update/bin/../lib/gcc/arm-none-eabi/6.3.1/../../../../arm-none-eabi/lib/thumb/v7-m\libc.a(lib_a-fclose.o)
                0x000041ac                _fclose_r
 .text.fclose   0x00004270       0x10 c:/program files (x86)/gnu tools arm embedded/6 2017-q2-update/bin/../lib/gcc/arm-none-eabi/6.3.1/../../../../arm-none-eabi/lib/thumb/v7-m\libc.a(lib_a-fclose.o)
                0x00004270                fclose
 .text.__sflush_r
                0x00004280      0x138 c:/program files (x86)/gnu tools arm embedded/6 2017-q2-update/bin/../lib/gcc/arm-none-eabi/6.3.1/../../../../arm-none-eabi/lib/thumb/v7-m\libc.a(lib_a-fflush.o)
                0x00004280                __sflush_r
 .text._fflush_r
                0x000043b8       0x54 c:/program files (x86)/gnu tools arm embedded/6 2017-q2-update/bin/../lib/gcc/arm-none-eabi/6.3.1/../../../../arm-none-eabi/lib/thumb/v7-m\libc.a(lib_a-fflush.o)
                0x000043b8                _fflush_r
 .text.fflush   0x0000440c       0x24 c:/program files (x86)/gnu tools arm embedded/6 2017-q2-update/bin/../lib/gcc/arm-none-eabi/6.3.1/../../../../arm-none-eabi/lib/thumb/v7-m\libc.a(lib_a-fflush.o)
                0x0000440c                fflush
 .text.fgetc    0x00004430       0x70 c:/program files (x86)/gnu tools arm embedded/6 2017-q2-update/bin/../lib/gcc/arm-none-eabi/6.3.1/../../../../arm-none-eabi/lib/thumb/v7-m\libc.a(lib_a-fgetc.o)
                0x00004430                fgetc
 .text._cleanup_r
                0x000044a0        0xc c:/program files (x86)/gnu tools arm embedded/6 2017-q2-update/bin/../lib/gcc/arm-none-eabi/6.3.1/../../../../arm-none-eabi/lib/thumb/v7-m\libc.a(lib_a-findfp.o)
                0x000044a0                _cleanup_r
 .text.std.isra.0
                0x000044ac       0x50 c:/program files (x86)/gnu tools arm embedded/6 2017-q2-update/bin/../lib/gcc/arm-none-eabi/6.3.1/../../../../arm-none-eabi/lib/thumb/v7-m\libc.a(lib_a-findfp.o)
 .text.__sfmoreglue
                0x000044fc       0x30 c:/program files (x86)/gnu tools arm embedded/6 2017-q2-update/bin/../lib/gcc/arm-none-eabi/6.3.1/../../../../arm-none-eabi/lib/thumb/v7-m\libc.a(lib_a-findfp.o)
                0x000044fc                __sfmoreglue
 .text.__sinit  0x0000452c       0x60 c:/program files (x86)/gnu tools arm embedded/6 2017-q2-update/bin/../lib/gcc/arm-none-eabi/6.3.1/../../../../arm-none-eabi/lib/thumb/v7-m\libc.a(lib_a-findfp.o)
                0x0000452c                __sinit
 .text.__sfp    0x0000458c       0xa8 c:/program files (x86)/gnu tools arm embedded/6 2017-q2-update/bin/../lib/gcc/arm-none-eabi/6.3.1/../../../../arm-none-eabi/lib/thumb/v7-m\libc.a(lib_a-findfp.o)
                0x0000458c                __sfp
 .text.__sfp_lock_acquire
                0x00004634        0xc c:/program files (x86)/gnu tools arm embedded/6 2017-q2-update/bin/../lib/gcc/arm-none-eabi/6.3.1/../../../../arm-none-eabi/lib/thumb/v7-m\libc.a(lib_a-findfp.o)
                0x00004634                __sfp_lock_acquire
 .text.__sfp_lock_release
                0x00004640        0xc c:/program files (x86)/gnu tools arm embedded/6 2017-q2-update/bin/../lib/gcc/arm-none-eabi/6.3.1/../../../../arm-none-eabi/lib/thumb/v7-m\libc.a(lib_a-findfp.o)
                0x00004640                __sfp_lock_release
 .text._fopen_r
                0x0000464c       0xc0 c:/program files (x86)/gnu tools arm embedded/6 2017-q2-update/bin/../lib/gcc/arm-none-eabi/6.3.1/../../../../arm-none-eabi/lib/thumb/v7-m\libc.a(lib_a-fopen.o)
                0x0000464c                _fopen_r
 .text.fopen    0x0000470c       0x10 c:/program files (x86)/gnu tools arm embedded/6 2017-q2-update/bin/../lib/gcc/arm-none-eabi/6.3.1/../../../../arm-none-eabi/lib/thumb/v7-m\libc.a(lib_a-fopen.o)
                0x0000470c                fopen
 .text.fprintf  0x0000471c       0x28 c:/program files (x86)/gnu tools arm embedded/6 2017-q2-update/bin/../lib/gcc/arm-none-eabi/6.3.1/../../../../arm-none-eabi/lib/thumb/v7-m\libc.a(lib_a-fprintf.o)
                0x0000471c                fprintf
 .text.fputc    0x00004744       0x58 c:/program files (x86)/gnu tools arm embedded/6 2017-q2-update/bin/../lib/gcc/arm-none-eabi/6.3.1/../../../../arm-none-eabi/lib/thumb/v7-m\libc.a(lib_a-fputc.o)
                0x00004744                fputc
 .text._malloc_trim_r
                0x0000479c       0xa0 c:/program files (x86)/gnu tools arm embedded/6 2017-q2-update/bin/../lib/gcc/arm-none-eabi/6.3.1/../../../../arm-none-eabi/lib/thumb/v7-m\libc.a(lib_a-freer.o)
                0x0000479c                _malloc_trim_r
 .text._free_r  0x0000483c      0x1cc c:/program files (x86)/gnu tools arm embedded/6 2017-q2-update/bin/../lib/gcc/arm-none-eabi/6.3.1/../../../../arm-none-eabi/lib/thumb/v7-m\libc.a(lib_a-freer.o)
                0x0000483c                _free_r
 .text._fseek_r
                0x00004a08        0x4 c:/program files (x86)/gnu tools arm embedded/6 2017-q2-update/bin/../lib/gcc/arm-none-eabi/6.3.1/../../../../arm-none-eabi/lib/thumb/v7-m\libc.a(lib_a-fseek.o)
                0x00004a08                _fseek_r
 .text._fseeko_r
                0x00004a0c      0x328 c:/program files (x86)/gnu tools arm embedded/6 2017-q2-update/bin/../lib/gcc/arm-none-eabi/6.3.1/../../../../arm-none-eabi/lib/thumb/v7-m\libc.a(lib_a-fseeko.o)
                0x00004a0c                _fseeko_r
 .text._fstat_r
                0x00004d34       0x28 c:/program files (x86)/gnu tools arm embedded/6 2017-q2-update/bin/../lib/gcc/arm-none-eabi/6.3.1/../../../../arm-none-eabi/lib/thumb/v7-m\libc.a(lib_a-fstatr.o)
                0x00004d34                _fstat_r
 .text.__sfvwrite_r
                0x00004d5c      0x2f4 c:/program files (x86)/gnu tools arm embedded/6 2017-q2-update/bin/../lib/gcc/arm-none-eabi/6.3.1/../../../../arm-none-eabi/lib/thumb/v7-m\libc.a(lib_a-fvwrite.o)
                0x00004d5c                __sfvwrite_r
 .text._fwalk   0x00005050       0x48 c:/program files (x86)/gnu tools arm embedded/6 2017-q2-update/bin/../lib/gcc/arm-none-eabi/6.3.1/../../../../arm-none-eabi/lib/thumb/v7-m\libc.a(lib_a-fwalk.o)
                0x00005050                _fwalk
 .text._fwalk_reent
                0x00005098       0x50 c:/program files (x86)/gnu tools arm embedded/6 2017-q2-update/bin/../lib/gcc/arm-none-eabi/6.3.1/../../../../arm-none-eabi/lib/thumb/v7-m\libc.a(lib_a-fwalk.o)
                0x00005098                _fwalk_reent
 .text.__libc_init_array
                0x000050e8       0x50 c:/program files (x86)/gnu tools arm embedded/6 2017-q2-update/bin/../lib/gcc/arm-none-eabi/6.3.1/../../../../arm-none-eabi/lib/thumb/v7-m\libc.a(lib_a-init.o)
                0x000050e8                __libc_init_array
 .text.__retarget_lock_init_recursive
                0x00005138        0x4 c:/program files (x86)/gnu tools arm embedded/6 2017-q2-update/bin/../lib/gcc/arm-none-eabi/6.3.1/../../../../arm-none-eabi/lib/thumb/v7-m\libc.a(lib_a-lock.o)
                0x00005138                __retarget_lock_init_recursive
 .text.__retarget_lock_close_recursive
                0x0000513c        0x4 c:/program files (x86)/gnu tools arm embedded/6 2017-q2-update/bin/../lib/gcc/arm-none-eabi/6.3.1/../../../../arm-none-eabi/lib/thumb/v7-m\libc.a(lib_a-lock.o)
                0x0000513c                __retarget_lock_close_recursive
 .text.__retarget_lock_acquire_recursive
                0x00005140        0x4 c:/program files (x86)/gnu tools arm embedded/6 2017-q2-update/bin/../lib/gcc/arm-none-eabi/6.3.1/../../../../arm-none-eabi/lib/thumb/v7-m\libc.a(lib_a-lock.o)
                0x00005140                __retarget_lock_acquire_recursive
 .text.__retarget_lock_release_recursive
                0x00005144        0x4 c:/program files (x86)/gnu tools arm embedded/6 2017-q2-update/bin/../lib/gcc/arm-none-eabi/6.3.1/../../../../arm-none-eabi/lib/thumb/v7-m\libc.a(lib_a-lock.o)
                0x00005144                __retarget_lock_release_recursive
 .text.__swhatbuf_r
                0x00005148       0x5c c:/program files (x86)/gnu tools arm embedded/6 2017-q2-update/bin/../lib/gcc/arm-none-eabi/6.3.1/../../../../arm-none-eabi/lib/thumb/v7-m\libc.a(lib_a-makebuf.o)
                0x00005148                __swhatbuf_r
 .text.__smakebuf_r
                0x000051a4       0x94 c:/program files (x86)/gnu tools arm embedded/6 2017-q2-update/bin/../lib/gcc/arm-none-eabi/6.3.1/../../../../arm-none-eabi/lib/thumb/v7-m\libc.a(lib_a-makebuf.o)
                0x000051a4                __smakebuf_r
 .text.malloc   0x00005238       0x10 c:/program files (x86)/gnu tools arm embedded/6 2017-q2-update/bin/../lib/gcc/arm-none-eabi/6.3.1/../../../../arm-none-eabi/lib/thumb/v7-m\libc.a(lib_a-malloc.o)
                0x00005238                malloc
 .text.free     0x00005248       0x10 c:/program files (x86)/gnu tools arm embedded/6 2017-q2-update/bin/../lib/gcc/arm-none-eabi/6.3.1/../../../../arm-none-eabi/lib/thumb/v7-m\libc.a(lib_a-malloc.o)
                0x00005248                free
 .text._malloc_r
                0x00005258      0x544 c:/program files (x86)/gnu tools arm embedded/6 2017-q2-update/bin/../lib/gcc/arm-none-eabi/6.3.1/../../../../arm-none-eabi/lib/thumb/v7-m\libc.a(lib_a-mallocr.o)
                0x00005258                _malloc_r
 .text.memchr   0x0000579c       0x8c c:/program files (x86)/gnu tools arm embedded/6 2017-q2-update/bin/../lib/gcc/arm-none-eabi/6.3.1/../../../../arm-none-eabi/lib/thumb/v7-m\libc.a(lib_a-memchr-stub.o)
                0x0000579c                memchr
 .text          0x00005828       0xec c:/program files (x86)/gnu tools arm embedded/6 2017-q2-update/bin/../lib/gcc/arm-none-eabi/6.3.1/../../../../arm-none-eabi/lib/thumb/v7-m\libc.a(lib_a-memcpy.o)
                0x00005828                memcpy
 .text.memmove  0x00005914       0xc8 c:/program files (x86)/gnu tools arm embedded/6 2017-q2-update/bin/../lib/gcc/arm-none-eabi/6.3.1/../../../../arm-none-eabi/lib/thumb/v7-m\libc.a(lib_a-memmove.o)
                0x00005914                memmove
 .text.memset   0x000059dc       0x9c c:/program files (x86)/gnu tools arm embedded/6 2017-q2-update/bin/../lib/gcc/arm-none-eabi/6.3.1/../../../../arm-none-eabi/lib/thumb/v7-m\libc.a(lib_a-memset.o)
                0x000059dc                memset
 .text.__malloc_lock
                0x00005a78        0xc c:/program files (x86)/gnu tools arm embedded/6 2017-q2-update/bin/../lib/gcc/arm-none-eabi/6.3.1/../../../../arm-none-eabi/lib/thumb/v7-m\libc.a(lib_a-mlock.o)
                0x00005a78                __malloc_lock
 .text.__malloc_unlock
                0x00005a84        0xc c:/program files (x86)/gnu tools arm embedded/6 2017-q2-update/bin/../lib/gcc/arm-none-eabi/6.3.1/../../../../arm-none-eabi/lib/thumb/v7-m\libc.a(lib_a-mlock.o)
                0x00005a84                __malloc_unlock
 .text._open_r  0x00005a90       0x2c c:/program files (x86)/gnu tools arm embedded/6 2017-q2-update/bin/../lib/gcc/arm-none-eabi/6.3.1/../../../../arm-none-eabi/lib/thumb/v7-m\libc.a(lib_a-openr.o)
                0x00005a90                _open_r
 .text._putc_r  0x00005abc       0x70 c:/program files (x86)/gnu tools arm embedded/6 2017-q2-update/bin/../lib/gcc/arm-none-eabi/6.3.1/../../../../arm-none-eabi/lib/thumb/v7-m\libc.a(lib_a-putc.o)
                0x00005abc                _putc_r
 .text._realloc_r
                0x00005b2c      0x36c c:/program files (x86)/gnu tools arm embedded/6 2017-q2-update/bin/../lib/gcc/arm-none-eabi/6.3.1/../../../../arm-none-eabi/lib/thumb/v7-m\libc.a(lib_a-reallocr.o)
                0x00005b2c                _realloc_r
 .text.lflush   0x00005e98       0x14 c:/program files (x86)/gnu tools arm embedded/6 2017-q2-update/bin/../lib/gcc/arm-none-eabi/6.3.1/../../../../arm-none-eabi/lib/thumb/v7-m\libc.a(lib_a-refill.o)
 .text.__srefill_r
                0x00005eac      0x118 c:/program files (x86)/gnu tools arm embedded/6 2017-q2-update/bin/../lib/gcc/arm-none-eabi/6.3.1/../../../../arm-none-eabi/lib/thumb/v7-m\libc.a(lib_a-refill.o)
                0x00005eac                __srefill_r
 .text.__srget_r
                0x00005fc4       0x34 c:/program files (x86)/gnu tools arm embedded/6 2017-q2-update/bin/../lib/gcc/arm-none-eabi/6.3.1/../../../../arm-none-eabi/lib/thumb/v7-m\libc.a(lib_a-rget.o)
                0x00005fc4                __srget_r
 .text._sbrk_r  0x00005ff8       0x24 c:/program files (x86)/gnu tools arm embedded/6 2017-q2-update/bin/../lib/gcc/arm-none-eabi/6.3.1/../../../../arm-none-eabi/lib/thumb/v7-m\libc.a(lib_a-sbrkr.o)
                0x00005ff8                _sbrk_r
 .text.setbuf   0x0000601c       0x10 c:/program files (x86)/gnu tools arm embedded/6 2017-q2-update/bin/../lib/gcc/arm-none-eabi/6.3.1/../../../../arm-none-eabi/lib/thumb/v7-m\libc.a(lib_a-setbuf.o)
                0x0000601c                setbuf
 .text.setvbuf  0x0000602c      0x190 c:/program files (x86)/gnu tools arm embedded/6 2017-q2-update/bin/../lib/gcc/arm-none-eabi/6.3.1/../../../../arm-none-eabi/lib/thumb/v7-m\libc.a(lib_a-setvbuf.o)
                0x0000602c                setvbuf
 .text._raise_r
                0x000061bc       0x60 c:/program files (x86)/gnu tools arm embedded/6 2017-q2-update/bin/../lib/gcc/arm-none-eabi/6.3.1/../../../../arm-none-eabi/lib/thumb/v7-m\libc.a(lib_a-signal.o)
                0x000061bc                _raise_r
 .text.raise    0x0000621c       0x10 c:/program files (x86)/gnu tools arm embedded/6 2017-q2-update/bin/../lib/gcc/arm-none-eabi/6.3.1/../../../../arm-none-eabi/lib/thumb/v7-m\libc.a(lib_a-signal.o)
                0x0000621c                raise
 .text._kill_r  0x0000622c       0x28 c:/program files (x86)/gnu tools arm embedded/6 2017-q2-update/bin/../lib/gcc/arm-none-eabi/6.3.1/../../../../arm-none-eabi/lib/thumb/v7-m\libc.a(lib_a-signalr.o)
                0x0000622c                _kill_r
 .text._getpid_r
                0x00006254        0x4 c:/program files (x86)/gnu tools arm embedded/6 2017-q2-update/bin/../lib/gcc/arm-none-eabi/6.3.1/../../../../arm-none-eabi/lib/thumb/v7-m\libc.a(lib_a-signalr.o)
                0x00006254                _getpid_r
 .text.sprintf  0x00006258       0x4c c:/program files (x86)/gnu tools arm embedded/6 2017-q2-update/bin/../lib/gcc/arm-none-eabi/6.3.1/../../../../arm-none-eabi/lib/thumb/v7-m\libc.a(lib_a-sprintf.o)
                0x00006258                sprintf
 .text.sscanf   0x000062a4       0x58 c:/program files (x86)/gnu tools arm embedded/6 2017-q2-update/bin/../lib/gcc/arm-none-eabi/6.3.1/../../../../arm-none-eabi/lib/thumb/v7-m\libc.a(lib_a-sscanf.o)
                0x000062a4                sscanf
 .text.__sread  0x000062fc       0x24 c:/program files (x86)/gnu tools arm embedded/6 2017-q2-update/bin/../lib/gcc/arm-none-eabi/6.3.1/../../../../arm-none-eabi/lib/thumb/v7-m\libc.a(lib_a-stdio.o)
                0x000062fc                __sread
 .text.__seofread
                0x00006320        0x4 c:/program files (x86)/gnu tools arm embedded/6 2017-q2-update/bin/../lib/gcc/arm-none-eabi/6.3.1/../../../../arm-none-eabi/lib/thumb/v7-m\libc.a(lib_a-stdio.o)
                0x00006320                __seofread
 .text.__swrite
                0x00006324       0x3c c:/program files (x86)/gnu tools arm embedded/6 2017-q2-update/bin/../lib/gcc/arm-none-eabi/6.3.1/../../../../arm-none-eabi/lib/thumb/v7-m\libc.a(lib_a-stdio.o)
                0x00006324                __swrite
 .text.__sseek  0x00006360       0x20 c:/program files (x86)/gnu tools arm embedded/6 2017-q2-update/bin/../lib/gcc/arm-none-eabi/6.3.1/../../../../arm-none-eabi/lib/thumb/v7-m\libc.a(lib_a-stdio.o)
                0x00006360                __sseek
 .text.__sclose
                0x00006380        0x8 c:/program files (x86)/gnu tools arm embedded/6 2017-q2-update/bin/../lib/gcc/arm-none-eabi/6.3.1/../../../../arm-none-eabi/lib/thumb/v7-m\libc.a(lib_a-stdio.o)
                0x00006380                __sclose
 .text          0x00006388      0x1bc c:/program files (x86)/gnu tools arm embedded/6 2017-q2-update/bin/../lib/gcc/arm-none-eabi/6.3.1/../../../../arm-none-eabi/lib/thumb/v7-m\libc.a(lib_a-strcmp.o)
                0x00006388                strcmp
 .text.strlen   0x00006544       0x5c c:/program files (x86)/gnu tools arm embedded/6 2017-q2-update/bin/../lib/gcc/arm-none-eabi/6.3.1/../../../../arm-none-eabi/lib/thumb/v7-m\libc.a(lib_a-strlen-stub.o)
                0x00006544                strlen
 .text.strncmp  0x000065a0       0xa0 c:/program files (x86)/gnu tools arm embedded/6 2017-q2-update/bin/../lib/gcc/arm-none-eabi/6.3.1/../../../../arm-none-eabi/lib/thumb/v7-m\libc.a(lib_a-strncmp.o)
                0x000065a0                strncmp
 .text._svfprintf_r
                0x00006640     0x1500 c:/program files (x86)/gnu tools arm embedded/6 2017-q2-update/bin/../lib/gcc/arm-none-eabi/6.3.1/../../../../arm-none-eabi/lib/thumb/v7-m\libc.a(lib_a-svfprintf.o)
                0x00006640                _svfprintf_r
 .text.__ssvfscanf_r
                0x00007b40      0xe18 c:/program files (x86)/gnu tools arm embedded/6 2017-q2-update/bin/../lib/gcc/arm-none-eabi/6.3.1/../../../../arm-none-eabi/lib/thumb/v7-m\libc.a(lib_a-svfscanf.o)
                0x00007b40                __ssvfscanf_r
 .text._vfprintf_r
                0x00008958     0x15e8 c:/program files (x86)/gnu tools arm embedded/6 2017-q2-update/bin/../lib/gcc/arm-none-eabi/6.3.1/../../../../arm-none-eabi/lib/thumb/v7-m\libc.a(lib_a-vfprintf.o)
                0x00008958                _vfprintf_r
 .text.__sbprintf
                0x00009f40       0x88 c:/program files (x86)/gnu tools arm embedded/6 2017-q2-update/bin/../lib/gcc/arm-none-eabi/6.3.1/../../../../arm-none-eabi/lib/thumb/v7-m\libc.a(lib_a-vfprintf.o)
 .text.__swbuf_r
                0x00009fc8       0xb0 c:/program files (x86)/gnu tools arm embedded/6 2017-q2-update/bin/../lib/gcc/arm-none-eabi/6.3.1/../../../../arm-none-eabi/lib/thumb/v7-m\libc.a(lib_a-wbuf.o)
                0x00009fc8                __swbuf_r
 .text._write_r
                0x0000a078       0x2c c:/program files (x86)/gnu tools arm embedded/6 2017-q2-update/bin/../lib/gcc/arm-none-eabi/6.3.1/../../../../arm-none-eabi/lib/thumb/v7-m\libc.a(lib_a-writer.o)
                0x0000a078                _write_r
 .text.__swsetup_r
                0x0000a0a4       0xc8 c:/program files (x86)/gnu tools arm embedded/6 2017-q2-update/bin/../lib/gcc/arm-none-eabi/6.3.1/../../../../arm-none-eabi/lib/thumb/v7-m\libc.a(lib_a-wsetup.o)
                0x0000a0a4                __swsetup_r
 .text.__register_exitproc
                0x0000a16c       0xc4 c:/program files (x86)/gnu tools arm embedded/6 2017-q2-update/bin/../lib/gcc/arm-none-eabi/6.3.1/../../../../arm-none-eabi/lib/thumb/v7-m\libc.a(lib_a-__atexit.o)
                0x0000a16c                __register_exitproc
 .text.startup.register_fini
                0x0000a230       0x14 c:/program files (x86)/gnu tools arm embedded/6 2017-q2-update/bin/../lib/gcc/arm-none-eabi/6.3.1/../../../../arm-none-eabi/lib/thumb/v7-m\libc.a(lib_a-__call_atexit.o)
 .text.atexit   0x0000a244        0xc c:/program files (x86)/gnu tools arm embedded/6 2017-q2-update/bin/../lib/gcc/arm-none-eabi/6.3.1/../../../../arm-none-eabi/lib/thumb/v7-m\libc.a(lib_a-atexit.o)
                0x0000a244                atexit
 .text._close_r
                0x0000a250       0x24 c:/program files (x86)/gnu tools arm embedded/6 2017-q2-update/bin/../lib/gcc/arm-none-eabi/6.3.1/../../../../arm-none-eabi/lib/thumb/v7-m\libc.a(lib_a-closer.o)
                0x0000a250                _close_r
 .text.quorem   0x0000a274      0x128 c:/program files (x86)/gnu tools arm embedded/6 2017-q2-update/bin/../lib/gcc/arm-none-eabi/6.3.1/../../../../arm-none-eabi/lib/thumb/v7-m\libc.a(lib_a-dtoa.o)
 *fill*         0x0000a39c        0x4 
 .text._dtoa_r  0x0000a3a0      0xe44 c:/program files (x86)/gnu tools arm embedded/6 2017-q2-update/bin/../lib/gcc/arm-none-eabi/6.3.1/../../../../arm-none-eabi/lib/thumb/v7-m\libc.a(lib_a-dtoa.o)
                0x0000a3a0                _dtoa_r
 .text.__libc_fini_array
                0x0000b1e4       0x34 c:/program files (x86)/gnu tools arm embedded/6 2017-q2-update/bin/../lib/gcc/arm-none-eabi/6.3.1/../../../../arm-none-eabi/lib/thumb/v7-m\libc.a(lib_a-fini.o)
                0x0000b1e4                __libc_fini_array
 .text.__sflags
                0x0000b218       0x78 c:/program files (x86)/gnu tools arm embedded/6 2017-q2-update/bin/../lib/gcc/arm-none-eabi/6.3.1/../../../../arm-none-eabi/lib/thumb/v7-m\libc.a(lib_a-flags.o)
                0x0000b218                __sflags
 .text._isatty_r
                0x0000b290       0x24 c:/program files (x86)/gnu tools arm embedded/6 2017-q2-update/bin/../lib/gcc/arm-none-eabi/6.3.1/../../../../arm-none-eabi/lib/thumb/v7-m\libc.a(lib_a-isattyr.o)
                0x0000b290                _isatty_r
 .text.iswspace
                0x0000b2b4       0x1c c:/program files (x86)/gnu tools arm embedded/6 2017-q2-update/bin/../lib/gcc/arm-none-eabi/6.3.1/../../../../arm-none-eabi/lib/thumb/v7-m\libc.a(lib_a-iswspace.o)
                0x0000b2b4                iswspace
 .text.__locale_mb_cur_max
                0x0000b2d0       0x1c c:/program files (x86)/gnu tools arm embedded/6 2017-q2-update/bin/../lib/gcc/arm-none-eabi/6.3.1/../../../../arm-none-eabi/lib/thumb/v7-m\libc.a(lib_a-locale.o)
                0x0000b2d0                __locale_mb_cur_max
 .text.__locale_ctype_ptr_l
                0x0000b2ec        0x8 c:/program files (x86)/gnu tools arm embedded/6 2017-q2-update/bin/../lib/gcc/arm-none-eabi/6.3.1/../../../../arm-none-eabi/lib/thumb/v7-m\libc.a(lib_a-locale.o)
                0x0000b2ec                __locale_ctype_ptr_l
 .text.__locale_ctype_ptr
                0x0000b2f4       0x1c c:/program files (x86)/gnu tools arm embedded/6 2017-q2-update/bin/../lib/gcc/arm-none-eabi/6.3.1/../../../../arm-none-eabi/lib/thumb/v7-m\libc.a(lib_a-locale.o)
                0x0000b2f4                __locale_ctype_ptr
 .text.__localeconv_l
                0x0000b310        0x4 c:/program files (x86)/gnu tools arm embedded/6 2017-q2-update/bin/../lib/gcc/arm-none-eabi/6.3.1/../../../../arm-none-eabi/lib/thumb/v7-m\libc.a(lib_a-localeconv.o)
                0x0000b310                __localeconv_l
 .text._localeconv_r
                0x0000b314       0x1c c:/program files (x86)/gnu tools arm embedded/6 2017-q2-update/bin/../lib/gcc/arm-none-eabi/6.3.1/../../../../arm-none-eabi/lib/thumb/v7-m\libc.a(lib_a-localeconv.o)
                0x0000b314                _localeconv_r
 .text._lseek_r
                0x0000b330       0x2c c:/program files (x86)/gnu tools arm embedded/6 2017-q2-update/bin/../lib/gcc/arm-none-eabi/6.3.1/../../../../arm-none-eabi/lib/thumb/v7-m\libc.a(lib_a-lseekr.o)
                0x0000b330                _lseek_r
 .text._mbrtowc_r
                0x0000b35c       0x5c c:/program files (x86)/gnu tools arm embedded/6 2017-q2-update/bin/../lib/gcc/arm-none-eabi/6.3.1/../../../../arm-none-eabi/lib/thumb/v7-m\libc.a(lib_a-mbrtowc.o)
                0x0000b35c                _mbrtowc_r
 .text.__ascii_mbtowc
                0x0000b3b8       0x2c c:/program files (x86)/gnu tools arm embedded/6 2017-q2-update/bin/../lib/gcc/arm-none-eabi/6.3.1/../../../../arm-none-eabi/lib/thumb/v7-m\libc.a(lib_a-mbtowc_r.o)
                0x0000b3b8                __ascii_mbtowc
 .text._Balloc  0x0000b3e4       0x4c c:/program files (x86)/gnu tools arm embedded/6 2017-q2-update/bin/../lib/gcc/arm-none-eabi/6.3.1/../../../../arm-none-eabi/lib/thumb/v7-m\libc.a(lib_a-mprec.o)
                0x0000b3e4                _Balloc
 .text._Bfree   0x0000b430       0x14 c:/program files (x86)/gnu tools arm embedded/6 2017-q2-update/bin/../lib/gcc/arm-none-eabi/6.3.1/../../../../arm-none-eabi/lib/thumb/v7-m\libc.a(lib_a-mprec.o)
                0x0000b430                _Bfree
 .text.__multadd
                0x0000b444       0x84 c:/program files (x86)/gnu tools arm embedded/6 2017-q2-update/bin/../lib/gcc/arm-none-eabi/6.3.1/../../../../arm-none-eabi/lib/thumb/v7-m\libc.a(lib_a-mprec.o)
                0x0000b444                __multadd
 .text.__s2b    0x0000b4c8       0x9c c:/program files (x86)/gnu tools arm embedded/6 2017-q2-update/bin/../lib/gcc/arm-none-eabi/6.3.1/../../../../arm-none-eabi/lib/thumb/v7-m\libc.a(lib_a-mprec.o)
                0x0000b4c8                __s2b
 .text.__hi0bits
                0x0000b564       0x40 c:/program files (x86)/gnu tools arm embedded/6 2017-q2-update/bin/../lib/gcc/arm-none-eabi/6.3.1/../../../../arm-none-eabi/lib/thumb/v7-m\libc.a(lib_a-mprec.o)
                0x0000b564                __hi0bits
 .text.__lo0bits
                0x0000b5a4       0x60 c:/program files (x86)/gnu tools arm embedded/6 2017-q2-update/bin/../lib/gcc/arm-none-eabi/6.3.1/../../../../arm-none-eabi/lib/thumb/v7-m\libc.a(lib_a-mprec.o)
                0x0000b5a4                __lo0bits
 .text.__i2b    0x0000b604       0x14 c:/program files (x86)/gnu tools arm embedded/6 2017-q2-update/bin/../lib/gcc/arm-none-eabi/6.3.1/../../../../arm-none-eabi/lib/thumb/v7-m\libc.a(lib_a-mprec.o)
                0x0000b604                __i2b
 .text.__multiply
                0x0000b618      0x124 c:/program files (x86)/gnu tools arm embedded/6 2017-q2-update/bin/../lib/gcc/arm-none-eabi/6.3.1/../../../../arm-none-eabi/lib/thumb/v7-m\libc.a(lib_a-mprec.o)
                0x0000b618                __multiply
 .text.__pow5mult
                0x0000b73c       0xa0 c:/program files (x86)/gnu tools arm embedded/6 2017-q2-update/bin/../lib/gcc/arm-none-eabi/6.3.1/../../../../arm-none-eabi/lib/thumb/v7-m\libc.a(lib_a-mprec.o)
                0x0000b73c                __pow5mult
 .text.__lshift
                0x0000b7dc       0xa0 c:/program files (x86)/gnu tools arm embedded/6 2017-q2-update/bin/../lib/gcc/arm-none-eabi/6.3.1/../../../../arm-none-eabi/lib/thumb/v7-m\libc.a(lib_a-mprec.o)
                0x0000b7dc                __lshift
 .text.__mcmp   0x0000b87c       0x38 c:/program files (x86)/gnu tools arm embedded/6 2017-q2-update/bin/../lib/gcc/arm-none-eabi/6.3.1/../../../../arm-none-eabi/lib/thumb/v7-m\libc.a(lib_a-mprec.o)
                0x0000b87c                __mcmp
 .text.__mdiff  0x0000b8b4      0x11c c:/program files (x86)/gnu tools arm embedded/6 2017-q2-update/bin/../lib/gcc/arm-none-eabi/6.3.1/../../../../arm-none-eabi/lib/thumb/v7-m\libc.a(lib_a-mprec.o)
                0x0000b8b4                __mdiff
 .text.__ulp    0x0000b9d0       0x44 c:/program files (x86)/gnu tools arm embedded/6 2017-q2-update/bin/../lib/gcc/arm-none-eabi/6.3.1/../../../../arm-none-eabi/lib/thumb/v7-m\libc.a(lib_a-mprec.o)
                0x0000b9d0                __ulp
 .text.__b2d    0x0000ba14       0xd4 c:/program files (x86)/gnu tools arm embedded/6 2017-q2-update/bin/../lib/gcc/arm-none-eabi/6.3.1/../../../../arm-none-eabi/lib/thumb/v7-m\libc.a(lib_a-mprec.o)
                0x0000ba14                __b2d
 .text.__d2b    0x0000bae8       0xa8 c:/program files (x86)/gnu tools arm embedded/6 2017-q2-update/bin/../lib/gcc/arm-none-eabi/6.3.1/../../../../arm-none-eabi/lib/thumb/v7-m\libc.a(lib_a-mprec.o)
                0x0000bae8                __d2b
 .text.__ratio  0x0000bb90       0x58 c:/program files (x86)/gnu tools arm embedded/6 2017-q2-update/bin/../lib/gcc/arm-none-eabi/6.3.1/../../../../arm-none-eabi/lib/thumb/v7-m\libc.a(lib_a-mprec.o)
                0x0000bb90                __ratio
 .text.__copybits
                0x0000bbe8       0x48 c:/program files (x86)/gnu tools arm embedded/6 2017-q2-update/bin/../lib/gcc/arm-none-eabi/6.3.1/../../../../arm-none-eabi/lib/thumb/v7-m\libc.a(lib_a-mprec.o)
                0x0000bbe8                __copybits
 .text.__any_on
                0x0000bc30       0x5c c:/program files (x86)/gnu tools arm embedded/6 2017-q2-update/bin/../lib/gcc/arm-none-eabi/6.3.1/../../../../arm-none-eabi/lib/thumb/v7-m\libc.a(lib_a-mprec.o)
                0x0000bc30                __any_on
 .text._read_r  0x0000bc8c       0x2c c:/program files (x86)/gnu tools arm embedded/6 2017-q2-update/bin/../lib/gcc/arm-none-eabi/6.3.1/../../../../arm-none-eabi/lib/thumb/v7-m\libc.a(lib_a-readr.o)
                0x0000bc8c                _read_r
 .text.__sccl   0x0000bcb8       0x74 c:/program files (x86)/gnu tools arm embedded/6 2017-q2-update/bin/../lib/gcc/arm-none-eabi/6.3.1/../../../../arm-none-eabi/lib/thumb/v7-m\libc.a(lib_a-sccl.o)
                0x0000bcb8                __sccl
 .text.nanf     0x0000bd2c        0x8 c:/program files (x86)/gnu tools arm embedded/6 2017-q2-update/bin/../lib/gcc/arm-none-eabi/6.3.1/../../../../arm-none-eabi/lib/thumb/v7-m\libc.a(lib_a-sf_nan.o)
                0x0000bd2c                nanf
 .text.unlikely.sulp
                0x0000bd34       0x42 c:/program files (x86)/gnu tools arm embedded/6 2017-q2-update/bin/../lib/gcc/arm-none-eabi/6.3.1/../../../../arm-none-eabi/lib/thumb/v7-m\libc.a(lib_a-strtod.o)
 *fill*         0x0000bd76        0x2 
 .text._strtod_l
                0x0000bd78      0xec0 c:/program files (x86)/gnu tools arm embedded/6 2017-q2-update/bin/../lib/gcc/arm-none-eabi/6.3.1/../../../../arm-none-eabi/lib/thumb/v7-m\libc.a(lib_a-strtod.o)
                0x0000bd78                _strtod_l
 .text._strtod_r
                0x0000cc38       0x20 c:/program files (x86)/gnu tools arm embedded/6 2017-q2-update/bin/../lib/gcc/arm-none-eabi/6.3.1/../../../../arm-none-eabi/lib/thumb/v7-m\libc.a(lib_a-strtod.o)
                0x0000cc38                _strtod_r
 .text._strtol_l.isra.0
                0x0000cc58      0x128 c:/program files (x86)/gnu tools arm embedded/6 2017-q2-update/bin/../lib/gcc/arm-none-eabi/6.3.1/../../../../arm-none-eabi/lib/thumb/v7-m\libc.a(lib_a-strtol.o)
 .text._strtol_r
                0x0000cd80       0x24 c:/program files (x86)/gnu tools arm embedded/6 2017-q2-update/bin/../lib/gcc/arm-none-eabi/6.3.1/../../../../arm-none-eabi/lib/thumb/v7-m\libc.a(lib_a-strtol.o)
                0x0000cd80                _strtol_r
 .text._strtoll_l.isra.0
                0x0000cda4      0x19c c:/program files (x86)/gnu tools arm embedded/6 2017-q2-update/bin/../lib/gcc/arm-none-eabi/6.3.1/../../../../arm-none-eabi/lib/thumb/v7-m\libc.a(lib_a-strtoll.o)
 .text._strtoll_r
                0x0000cf40       0x24 c:/program files (x86)/gnu tools arm embedded/6 2017-q2-update/bin/../lib/gcc/arm-none-eabi/6.3.1/../../../../arm-none-eabi/lib/thumb/v7-m\libc.a(lib_a-strtoll.o)
                0x0000cf40                _strtoll_r
 .text._strtoul_l.isra.0
                0x0000cf64      0x148 c:/program files (x86)/gnu tools arm embedded/6 2017-q2-update/bin/../lib/gcc/arm-none-eabi/6.3.1/../../../../arm-none-eabi/lib/thumb/v7-m\libc.a(lib_a-strtoul.o)
 .text._strtoul_r
                0x0000d0ac       0x24 c:/program files (x86)/gnu tools arm embedded/6 2017-q2-update/bin/../lib/gcc/arm-none-eabi/6.3.1/../../../../arm-none-eabi/lib/thumb/v7-m\libc.a(lib_a-strtoul.o)
                0x0000d0ac                _strtoul_r
 .text._strtoull_l.isra.0
                0x0000d0d0      0x1bc c:/program files (x86)/gnu tools arm embedded/6 2017-q2-update/bin/../lib/gcc/arm-none-eabi/6.3.1/../../../../arm-none-eabi/lib/thumb/v7-m\libc.a(lib_a-strtoull.o)
 .text._strtoull_r
                0x0000d28c       0x24 c:/program files (x86)/gnu tools arm embedded/6 2017-q2-update/bin/../lib/gcc/arm-none-eabi/6.3.1/../../../../arm-none-eabi/lib/thumb/v7-m\libc.a(lib_a-strtoull.o)
                0x0000d28c                _strtoull_r
 .text.__ssprint_r
                0x0000d2b0       0xfc c:/program files (x86)/gnu tools arm embedded/6 2017-q2-update/bin/../lib/gcc/arm-none-eabi/6.3.1/../../../../arm-none-eabi/lib/thumb/v7-m\libc.a(lib_a-svfiprintf.o)
                0x0000d2b0                __ssprint_r
 .text._sungetc_r
                0x0000d3ac       0x80 c:/program files (x86)/gnu tools arm embedded/6 2017-q2-update/bin/../lib/gcc/arm-none-eabi/6.3.1/../../../../arm-none-eabi/lib/thumb/v7-m\libc.a(lib_a-svfiscanf.o)
                0x0000d3ac                _sungetc_r
 .text.__ssrefill_r
                0x0000d42c       0x3c c:/program files (x86)/gnu tools arm embedded/6 2017-q2-update/bin/../lib/gcc/arm-none-eabi/6.3.1/../../../../arm-none-eabi/lib/thumb/v7-m\libc.a(lib_a-svfiscanf.o)
                0x0000d42c                __ssrefill_r
 .text._sfread_r
                0x0000d468       0x80 c:/program files (x86)/gnu tools arm embedded/6 2017-q2-update/bin/../lib/gcc/arm-none-eabi/6.3.1/../../../../arm-none-eabi/lib/thumb/v7-m\libc.a(lib_a-svfiscanf.o)
                0x0000d468                _sfread_r
 .text.__submore