Archive member included to satisfy reference by file (symbol)

D:/_ishikawa/Tools/DigitalMove/ARM/MCUXpresso/DigitalMove/mbed/TARGET_LPC1768/TOOLCHAIN_GCC_ARM/libmbed.a(gpio_api.o)
                              ./src/boot.o (gpio_mode)
D:/_ishikawa/Tools/DigitalMove/ARM/MCUXpresso/DigitalMove/mbed/TARGET_LPC1768/TOOLCHAIN_GCC_ARM/libmbed.a(pinmap.o)
                              D:/_ishikawa/Tools/DigitalMove/ARM/MCUXpresso/DigitalMove/mbed/TARGET_LPC1768/TOOLCHAIN_GCC_ARM/libmbed.a(gpio_api.o) (pin_function)
D:/_ishikawa/Tools/DigitalMove/ARM/MCUXpresso/DigitalMove/mbed/TARGET_LPC1768/TOOLCHAIN_GCC_ARM/libmbed.a(serial_api.o)
                              D:/_ishikawa/Tools/DigitalMove/ARM/MCUXpresso/DigitalMove/mbed/TARGET_LPC1768/TOOLCHAIN_GCC_ARM/retarget.o (serial_init)
D:/_ishikawa/Tools/DigitalMove/ARM/MCUXpresso/DigitalMove/mbed/TARGET_LPC1768/TOOLCHAIN_GCC_ARM/libmbed.a(exit.o)
                              c:/program files (x86)/gnu tools arm embedded/6 2017-q2-update/bin/../lib/gcc/arm-none-eabi/6.3.1/../../../../arm-none-eabi/lib/thumb/v7-m/crt0.o (exit)
D:/_ishikawa/Tools/DigitalMove/ARM/MCUXpresso/DigitalMove/mbed/TARGET_LPC1768/TOOLCHAIN_GCC_ARM/libmbed.a(mbed_interface.o)
                              D:/_ishikawa/Tools/DigitalMove/ARM/MCUXpresso/DigitalMove/mbed/TARGET_LPC1768/TOOLCHAIN_GCC_ARM/libmbed.a(exit.o) (mbed_interface_connected)
D:/_ishikawa/Tools/DigitalMove/ARM/MCUXpresso/DigitalMove/mbed/TARGET_LPC1768/TOOLCHAIN_GCC_ARM/libmbed.a(pinmap_common.o)
                              D:/_ishikawa/Tools/DigitalMove/ARM/MCUXpresso/DigitalMove/mbed/TARGET_LPC1768/TOOLCHAIN_GCC_ARM/libmbed.a(serial_api.o) (pinmap_pinout)
D:/_ishikawa/Tools/DigitalMove/ARM/MCUXpresso/DigitalMove/mbed/TARGET_LPC1768/TOOLCHAIN_GCC_ARM/libmbed.a(semihost_api.o)
                              D:/_ishikawa/Tools/DigitalMove/ARM/MCUXpresso/DigitalMove/mbed/TARGET_LPC1768/TOOLCHAIN_GCC_ARM/libmbed.a(exit.o) (semihost_exit)
D:/_ishikawa/Tools/DigitalMove/ARM/MCUXpresso/DigitalMove/mbed/TARGET_LPC1768/TOOLCHAIN_GCC_ARM/libmbed.a(FilePath.o)
                              D:/_ishikawa/Tools/DigitalMove/ARM/MCUXpresso/DigitalMove/mbed/TARGET_LPC1768/TOOLCHAIN_GCC_ARM/retarget.o (mbed::FilePath::FilePath(char const*))
D:/_ishikawa/Tools/DigitalMove/ARM/MCUXpresso/DigitalMove/mbed/TARGET_LPC1768/TOOLCHAIN_GCC_ARM/libmbed.a(FileSystemLike.o)
                              D:/_ishikawa/Tools/DigitalMove/ARM/MCUXpresso/DigitalMove/mbed/TARGET_LPC1768/TOOLCHAIN_GCC_ARM/retarget.o (mbed::FileSystemLike::opendir())
D:/_ishikawa/Tools/DigitalMove/ARM/MCUXpresso/DigitalMove/mbed/TARGET_LPC1768/TOOLCHAIN_GCC_ARM/libmbed.a(FunctionPointer.o)
                              ./src/io.o (mbed::FunctionPointer::FunctionPointer(void (*)()))
D:/_ishikawa/Tools/DigitalMove/ARM/MCUXpresso/DigitalMove/mbed/TARGET_LPC1768/TOOLCHAIN_GCC_ARM/libmbed.a(InterruptIn.o)
                              ./src/io.o (mbed::InterruptIn::~InterruptIn())
D:/_ishikawa/Tools/DigitalMove/ARM/MCUXpresso/DigitalMove/mbed/TARGET_LPC1768/TOOLCHAIN_GCC_ARM/libmbed.a(Serial.o)
                              ./src/sc0uart.o (mbed::Serial::Serial(PinName, PinName, char const*))
D:/_ishikawa/Tools/DigitalMove/ARM/MCUXpresso/DigitalMove/mbed/TARGET_LPC1768/TOOLCHAIN_GCC_ARM/libmbed.a(SerialBase.o)
                              D:/_ishikawa/Tools/DigitalMove/ARM/MCUXpresso/DigitalMove/mbed/TARGET_LPC1768/TOOLCHAIN_GCC_ARM/libmbed.a(Serial.o) (mbed::SerialBase::SerialBase(PinName, PinName))
D:/_ishikawa/Tools/DigitalMove/ARM/MCUXpresso/DigitalMove/mbed/TARGET_LPC1768/TOOLCHAIN_GCC_ARM/libmbed.a(Stream.o)
                              D:/_ishikawa/Tools/DigitalMove/ARM/MCUXpresso/DigitalMove/mbed/TARGET_LPC1768/TOOLCHAIN_GCC_ARM/libmbed.a(Serial.o) (mbed::Stream::close())
D:/_ishikawa/Tools/DigitalMove/ARM/MCUXpresso/DigitalMove/mbed/TARGET_LPC1768/TOOLCHAIN_GCC_ARM/libmbed.a(Ticker.o)
                              ./src/io.o (vtable for mbed::Ticker)
D:/_ishikawa/Tools/DigitalMove/ARM/MCUXpresso/DigitalMove/mbed/TARGET_LPC1768/TOOLCHAIN_GCC_ARM/libmbed.a(Timeout.o)
                              ./src/io.o (vtable for mbed::Timeout)
D:/_ishikawa/Tools/DigitalMove/ARM/MCUXpresso/DigitalMove/mbed/TARGET_LPC1768/TOOLCHAIN_GCC_ARM/libmbed.a(TimerEvent.o)
                              ./src/io.o (mbed::TimerEvent::TimerEvent())
D:/_ishikawa/Tools/DigitalMove/ARM/MCUXpresso/DigitalMove/mbed/TARGET_LPC1768/TOOLCHAIN_GCC_ARM/libmbed.a(gpio_irq_api.o)
                              D:/_ishikawa/Tools/DigitalMove/ARM/MCUXpresso/DigitalMove/mbed/TARGET_LPC1768/TOOLCHAIN_GCC_ARM/libmbed.a(InterruptIn.o) (gpio_irq_init)
D:/_ishikawa/Tools/DigitalMove/ARM/MCUXpresso/DigitalMove/mbed/TARGET_LPC1768/TOOLCHAIN_GCC_ARM/libmbed.a(us_ticker.o)
                              D:/_ishikawa/Tools/DigitalMove/ARM/MCUXpresso/DigitalMove/mbed/TARGET_LPC1768/TOOLCHAIN_GCC_ARM/libmbed.a(Ticker.o) (us_ticker_read)
[...]
Memory Configuration

Name             Origin             Length             Attributes
FLASH            0x00000000         0x00080000         xr
RAM              0x100000c8         0x00007f38         xrw
USB_RAM          0x2007c000         0x00004000         xrw
ETH_RAM          0x20080000         0x00004000         xrw
*default*        0x00000000         0xffffffff

Linker script and memory map

LOAD c:/program files (x86)/gnu tools arm embedded/6 2017-q2-update/bin/../lib/gcc/arm-none-eabi/6.3.1/thumb/v7-m/crti.o
LOAD c:/program files (x86)/gnu tools arm embedded/6 2017-q2-update/bin/../lib/gcc/arm-none-eabi/6.3.1/thumb/v7-m/crtbegin.o
LOAD c:/program files (x86)/gnu tools arm embedded/6 2017-q2-update/bin/../lib/gcc/arm-none-eabi/6.3.1/../../../../arm-none-eabi/lib/thumb/v7-m/crt0.o
START GROUP
LOAD c:/program files (x86)/gnu tools arm embedded/6 2017-q2-update/bin/../lib/gcc/arm-none-eabi/6.3.1/../../../../arm-none-eabi/lib/thumb/v7-m\libstdc++.a
LOAD c:/program files (x86)/gnu tools arm embedded/6 2017-q2-update/bin/../lib/gcc/arm-none-eabi/6.3.1/../../../../arm-none-eabi/lib/thumb/v7-m\libsupc++.a
LOAD c:/program files (x86)/gnu tools arm embedded/6 2017-q2-update/bin/../lib/gcc/arm-none-eabi/6.3.1/thumb/v7-m\libgcc.a
LOAD c:/program files (x86)/gnu tools arm embedded/6 2017-q2-update/bin/../lib/gcc/arm-none-eabi/6.3.1/../../../../arm-none-eabi/lib/thumb/v7-m\libnosys.a
END GROUP
LOAD ./src/bios.o
LOAD ./src/boot.o
LOAD ./src/cmd_act.o
LOAD ./src/holetbl.o
LOAD ./src/io.o
LOAD ./src/io_0100.o
LOAD ./src/io_h296.o
LOAD ./src/io_ns30.o
LOAD ./src/main.o
LOAD ./src/needle.o
LOAD ./src/sc0uart.o
LOAD ./src/sub_func.o
LOAD ./src/version.o
LOAD D:/_ishikawa/Tools/DigitalMove/ARM/MCUXpresso/DigitalMove/mbed/TARGET_LPC1768/TOOLCHAIN_GCC_ARM/cmsis_nvic.o
LOAD D:/_ishikawa/Tools/DigitalMove/ARM/MCUXpresso/DigitalMove/mbed/TARGET_LPC1768/TOOLCHAIN_GCC_ARM/retarget.o
LOAD D:/_ishikawa/Tools/DigitalMove/ARM/MCUXpresso/DigitalMove/mbed/TARGET_LPC1768/TOOLCHAIN_GCC_ARM/startup_LPC17xx.o
LOAD D:/_ishikawa/Tools/DigitalMove/ARM/MCUXpresso/DigitalMove/mbed/TARGET_LPC1768/TOOLCHAIN_GCC_ARM/system_LPC17xx.o
LOAD D:/_ishikawa/Tools/DigitalMove/ARM/MCUXpresso/DigitalMove/mbed/TARGET_LPC1768/TOOLCHAIN_GCC_ARM/libmbed.a
LOAD c:/program files (x86)/gnu tools arm embedded/6 2017-q2-update/bin/../lib/gcc/arm-none-eabi/6.3.1/../../../../arm-none-eabi/lib/thumb/v7-m\libstdc++.a
LOAD c:/program files (x86)/gnu tools arm embedded/6 2017-q2-update/bin/../lib/gcc/arm-none-eabi/6.3.1/../../../../arm-none-eabi/lib/thumb/v7-m\libsupc++.a
LOAD c:/program files (x86)/gnu tools arm embedded/6 2017-q2-update/bin/../lib/gcc/arm-none-eabi/6.3.1/../../../../arm-none-eabi/lib/thumb/v7-m\libm.a
LOAD c:/program files (x86)/gnu tools arm embedded/6 2017-q2-update/bin/../lib/gcc/arm-none-eabi/6.3.1/../../../../arm-none-eabi/lib/thumb/v7-m\libc.a
LOAD c:/program files (x86)/gnu tools arm embedded/6 2017-q2-update/bin/../lib/gcc/arm-none-eabi/6.3.1/thumb/v7-m\libgcc.a
LOAD c:/program files (x86)/gnu tools arm embedded/6 2017-q2-update/bin/../lib/gcc/arm-none-eabi/6.3.1/../../../../arm-none-eabi/lib/thumb/v7-m\libnosys.a
LOAD D:/_ishikawa/Tools/DigitalMove/ARM/MCUXpresso/DigitalMove/mbed/TARGET_LPC1768/TOOLCHAIN_GCC_ARM\libmbed.a
LOAD c:/program files (x86)/gnu tools arm embedded/6 2017-q2-update/bin/../lib/gcc/arm-none-eabi/6.3.1/../../../../arm-none-eabi/lib/thumb/v7-m\libstdc++.a
LOAD c:/program files (x86)/gnu tools arm embedded/6 2017-q2-update/bin/../lib/gcc/arm-none-eabi/6.3.1/../../../../arm-none-eabi/lib/thumb/v7-m\libm.a
LOAD c:/program files (x86)/gnu tools arm embedded/6 2017-q2-update/bin/../lib/gcc/arm-none-eabi/6.3.1/../../../../arm-none-eabi/lib/thumb/v7-m\libc.a
START GROUP
LOAD c:/program files (x86)/gnu tools arm embedded/6 2017-q2-update/bin/../lib/gcc/arm-none-eabi/6.3.1/thumb/v7-m\libgcc.a
LOAD c:/program files (x86)/gnu tools arm embedded/6 2017-q2-update/bin/../lib/gcc/arm-none-eabi/6.3.1/../../../../arm-none-eabi/lib/thumb/v7-m\libg.a
LOAD c:/program files (x86)/gnu tools arm embedded/6 2017-q2-update/bin/../lib/gcc/arm-none-eabi/6.3.1/../../../../arm-none-eabi/lib/thumb/v7-m\libc.a
END GROUP
LOAD c:/program files (x86)/gnu tools arm embedded/6 2017-q2-update/bin/../lib/gcc/arm-none-eabi/6.3.1/thumb/v7-m/crtend.o
LOAD c:/program files (x86)/gnu tools arm embedded/6 2017-q2-update/bin/../lib/gcc/arm-none-eabi/6.3.1/thumb/v7-m/crtn.o

.text           0x00000000    0x11020
 *(.isr_vector)
 .isr_vector    0x00000000       0xcc D:/_ishikawa/Tools/DigitalMove/ARM/MCUXpresso/DigitalMove/mbed/TARGET_LPC1768/TOOLCHAIN_GCC_ARM/startup_LPC17xx.o
                0x00000000                __isr_vector
 *(.text*)
 .text          0x000000cc       0x6c c:/program files (x86)/gnu tools arm embedded/6 2017-q2-update/bin/../lib/gcc/arm-none-eabi/6.3.1/thumb/v7-m/crtbegin.o
 .text          0x00000138       0x74 c:/program files (x86)/gnu tools arm embedded/6 2017-q2-update/bin/../lib/gcc/arm-none-eabi/6.3.1/../../../../arm-none-eabi/lib/thumb/v7-m/crt0.o
                0x00000138                _start
                0x00000138                _mainCRTStartup
 .text._Z8init_cpuv
                0x000001ac      0x138 ./src/boot.o
                0x000001ac                init_cpu()
 .text._Z13init_variablev
                0x000002e4       0x44 ./src/boot.o
                0x000002e4                init_variable()
 .text._Z4bootv
                0x00000328       0x14 ./src/boot.o
                0x00000328                boot()
 .text._Z13cmd_set_applyPh
                0x0000033c       0x20 ./src/cmd_act.o
                0x0000033c                cmd_set_apply(unsigned char*)
 .text._Z13cmd_set_resetPh
                0x0000035c        0x4 ./src/cmd_act.o
                0x0000035c                cmd_set_reset(unsigned char*)
 .text._Z15cmd_get_versionPh
                0x00000360       0x34 ./src/cmd_act.o
                0x00000360                cmd_get_version(unsigned char*)
 .text._Z13cmd_get_countPh
                0x00000394       0xc8 ./src/cmd_act.o
                0x00000394                cmd_get_count(unsigned char*)
 .text._Z13cmd_set_motorPh
                0x0000045c       0x84 ./src/cmd_act.o
                0x0000045c                cmd_set_motor(unsigned char*)
 .text._Z11cmd_set_ledPh
                0x000004e0      0x154 ./src/cmd_act.o
                0x000004e0                cmd_set_led(unsigned char*)
 .text._Z17cmd_set_needlegapPh
                0x00000634       0x94 ./src/cmd_act.o
                0x00000634                cmd_set_needlegap(unsigned char*)
 .text._Z11cmd_analyzePh
                0x000006c8       0x7c ./src/cmd_act.o
                0x000006c8                cmd_analyze(unsigned char*)
 .text._Z8cmd_recvv
                0x00000744       0x2c ./src/cmd_act.o
                0x00000744                cmd_recv()
 .text._Z8cmd_sendv
                0x00000770       0x28 ./src/cmd_act.o
                0x00000770                cmd_send()
 .text._ZN4mbed7TimeoutD2Ev
                0x00000798       0x14 ./src/io.o
                0x00000798                mbed::Timeout::~Timeout()
                0x00000798                mbed::Timeout::~Timeout()
 .text._ZN4mbed7TimeoutD0Ev
                0x000007ac       0x1c ./src/io.o
                0x000007ac                mbed::Timeout::~Timeout()
 .text.startup._GLOBAL__sub_I_LED1_P
                0x000007c8      0x2b8 ./src/io.o
 .text._Z8dec_recvv.part.1
                0x00000a80       0x38 ./src/main.o
 .text._Z11calc_motcntP8MOTPARAMh.part.2
                0x00000ab8       0x14 ./src/main.o
 .text.startup.main
                0x00000acc       0x20 ./src/main.o
                0x00000acc                main
 .text._Z16interrupt_motorav
                0x00000aec       0x40 ./src/main.o
                0x00000aec                interrupt_motora()
 .text._Z16interrupt_motorbv
                0x00000b2c       0x40 ./src/main.o
                0x00000b2c                interrupt_motorb()
 .text._Z16interrupt_motorcv
                0x00000b6c       0x40 ./src/main.o
                0x00000b6c                interrupt_motorc()
 .text._Z16interrupt_motordv
                0x00000bac       0x40 ./src/main.o
                0x00000bac                interrupt_motord()
 .text._Z19interrupt_rise_led1v
                0x00000bec        0x4 ./src/main.o
                0x00000bec                interrupt_rise_led1()
 .text._Z19interrupt_fall_led2v
                0x00000bf0       0x18 ./src/main.o
                0x00000bf0                interrupt_fall_led2()
 .text._Z19interrupt_fall_led1v
                0x00000c08        0x4 ./src/main.o
                0x00000c08                interrupt_fall_led1()
 .text._Z19interrupt_rise_led2v
                0x00000c0c        0x4 ./src/main.o
                0x00000c0c                interrupt_rise_led2()
 .text._Z15judge_hole_noneP8LEDPARAMPK9HOLEPARAM.part.1
                0x00000c10       0x80 ./src/needle.o
 .text._Z16stop_detect_holev
                0x00000c90       0x28 ./src/needle.o
                0x00000c90                stop_detect_hole()
 .text._Z10judge_holeP8LEDPARAMPK9HOLEPARAM
                0x00000cb8       0x60 ./src/needle.o
                0x00000cb8                judge_hole(LEDPARAM*, HOLEPARAM const*)
 .text._Z10check_holeP9NDETPARAM
                0x00000d18       0xe0 ./src/needle.o
                0x00000d18                check_hole(NDETPARAM*)
 .text._Z17start_detect_holeh
                0x00000df8       0x60 ./src/needle.o
                0x00000df8                start_detect_hole(unsigned char)
 .text._ZN4mbed6SerialD2Ev
                0x00000e58       0x24 ./src/sc0uart.o
                0x00000e58                mbed::Serial::~Serial()
                0x00000e58                mbed::Serial::~Serial()
                0x00000e74                non-virtual thunk to mbed::Serial::~Serial()
 .text._Z16sc0uart_send_intv
                0x00000e7c       0x78 ./src/sc0uart.o
                0x00000e7c                sc0uart_send_int()
 .text._Z12init_sc0uartv
                0x00000ef4       0x30 ./src/sc0uart.o
                0x00000ef4                init_sc0uart()
 .text._Z16sc0uart_wait_stxv
                0x00000f24       0x4c ./src/sc0uart.o
                0x00000f24                sc0uart_wait_stx()
 .text._Z16sc0uart_wait_etxv
                0x00000f70       0x74 ./src/sc0uart.o
                0x00000f70                sc0uart_wait_etx()
 .text._Z18sc0uart_send_startv
                0x00000fe4       0x54 ./src/sc0uart.o
                0x00000fe4                sc0uart_send_start()
 .text._Z12sc0uart_recvv
                0x00001038       0x80 ./src/sc0uart.o
                0x00001038                sc0uart_recv()
 .text._Z19sc0uart_send_packetv
                0x000010b8       0xc4 ./src/sc0uart.o
                0x000010b8                sc0uart_send_packet()
 .text._Z12sc0uart_sendv
                0x0000117c       0x40 ./src/sc0uart.o
                0x0000117c                sc0uart_send()
 .text._Z24sc0uart_recv_term_searchv
                0x000011bc       0x5c ./src/sc0uart.o
                0x000011bc                sc0uart_recv_term_search()
 .text._Z19sc0uart_recv_setqueh
                0x00001218       0x3c ./src/sc0uart.o
                0x00001218                sc0uart_recv_setque(unsigned char)
 .text._Z18sc0uart_recv_storePh
                0x00001254       0x24 ./src/sc0uart.o
                0x00001254                sc0uart_recv_store(unsigned char*)
 .text._Z16sc0uart_wait_bccv
                0x00001278       0x44 ./src/sc0uart.o
                0x00001278                sc0uart_wait_bcc()
 .text._Z16sc0uart_recv_intv
                0x000012bc       0x44 ./src/sc0uart.o
                0x000012bc                sc0uart_recv_int()
 .text._Z24sc0uart_send_term_searchv
                0x00001300       0x5c ./src/sc0uart.o
                0x00001300                sc0uart_send_term_search()
 .text._Z19sc0uart_send_setqueh
                0x0000135c       0x3c ./src/sc0uart.o
                0x0000135c                sc0uart_send_setque(unsigned char)
 .text._Z18sc0uart_send_storePh
                0x00001398       0x24 ./src/sc0uart.o
                0x00001398                sc0uart_send_store(unsigned char*)
 .text._ZN4mbed6SerialD0Ev
                0x000013bc       0x28 ./src/sc0uart.o
                0x000013bc                mbed::Serial::~Serial()
                0x000013dc                non-virtual thunk to mbed::Serial::~Serial()
 .text.startup._GLOBAL__sub_I_sc0uart
                0x000013e4       0x34 ./src/sc0uart.o
 .text._Z7asc_hexh
                0x00001418       0x20 ./src/sub_func.o
                0x00001418                asc_hex(unsigned char)
 .text._Z7hex_asch
                0x00001438       0x14 ./src/sub_func.o
                0x00001438                hex_asc(unsigned char)
 .text.NVIC_SetVector
                0x0000144c       0x4c D:/_ishikawa/Tools/DigitalMove/ARM/MCUXpresso/DigitalMove/mbed/TARGET_LPC1768/TOOLCHAIN_GCC_ARM/cmsis_nvic.o
                0x0000144c                NVIC_SetVector
 .text._ZN4mbed10FileHandle4flenEv
                0x00001498       0x38 D:/_ishikawa/Tools/DigitalMove/ARM/MCUXpresso/DigitalMove/mbed/TARGET_LPC1768/TOOLCHAIN_GCC_ARM/retarget.o
                0x00001498                mbed::FileHandle::flen()
 .text._ZN4mbed10FileHandleD2Ev
                0x000014d0       0x40 D:/_ishikawa/Tools/DigitalMove/ARM/MCUXpresso/DigitalMove/mbed/TARGET_LPC1768/TOOLCHAIN_GCC_ARM/retarget.o
                0x000014d0                mbed::FileHandle::~FileHandle()
                0x000014d0                mbed::FileHandle::~FileHandle()
 .text._ZN4mbed10FileHandleD0Ev
                0x00001510       0x48 D:/_ishikawa/Tools/DigitalMove/ARM/MCUXpresso/DigitalMove/mbed/TARGET_LPC1768/TOOLCHAIN_GCC_ARM/retarget.o
                0x00001510                mbed::FileHandle::~FileHandle()
 .text._ZL11init_serialv
                0x00001558       0x28 D:/_ishikawa/Tools/DigitalMove/ARM/MCUXpresso/DigitalMove/mbed/TARGET_LPC1768/TOOLCHAIN_GCC_ARM/retarget.o
 .text._open    0x00001580       0xe0 D:/_ishikawa/Tools/DigitalMove/ARM/MCUXpresso/DigitalMove/mbed/TARGET_LPC1768/TOOLCHAIN_GCC_ARM/retarget.o
                0x00001580                _open
 .text._close   0x00001660       0x2c D:/_ishikawa/Tools/DigitalMove/ARM/MCUXpresso/DigitalMove/mbed/TARGET_LPC1768/TOOLCHAIN_GCC_ARM/retarget.o
                0x00001660                _close
 .text._write   0x0000168c       0x8c D:/_ishikawa/Tools/DigitalMove/ARM/MCUXpresso/DigitalMove/mbed/TARGET_LPC1768/TOOLCHAIN_GCC_ARM/retarget.o
                0x0000168c                _write
 .text._read    0x00001718       0x3c D:/_ishikawa/Tools/DigitalMove/ARM/MCUXpresso/DigitalMove/mbed/TARGET_LPC1768/TOOLCHAIN_GCC_ARM/retarget.o
                0x00001718                _read
 .text._isatty  0x00001754       0x28 D:/_ishikawa/Tools/DigitalMove/ARM/MCUXpresso/DigitalMove/mbed/TARGET_LPC1768/TOOLCHAIN_GCC_ARM/retarget.o
                0x00001754                _isatty
 .text._lseek   0x0000177c       0x28 D:/_ishikawa/Tools/DigitalMove/ARM/MCUXpresso/DigitalMove/mbed/TARGET_LPC1768/TOOLCHAIN_GCC_ARM/retarget.o
                0x0000177c                _lseek
 .text._fstat   0x000017a4       0x20 D:/_ishikawa/Tools/DigitalMove/ARM/MCUXpresso/DigitalMove/mbed/TARGET_LPC1768/TOOLCHAIN_GCC_ARM/retarget.o
                0x000017a4                _fstat
 .text._ZN9__gnu_cxx27__verbose_terminate_handlerEv
                0x000017c4       0x20 D:/_ishikawa/Tools/DigitalMove/ARM/MCUXpresso/DigitalMove/mbed/TARGET_LPC1768/TOOLCHAIN_GCC_ARM/retarget.o
                0x000017c4                __gnu_cxx::__verbose_terminate_handler()
 .text.__cxa_pure_virtual
                0x000017e4        0x8 D:/_ishikawa/Tools/DigitalMove/ARM/MCUXpresso/DigitalMove/mbed/TARGET_LPC1768/TOOLCHAIN_GCC_ARM/retarget.o
                0x000017e4                __cxa_pure_virtual
 .text._sbrk    0x000017ec       0x2c D:/_ishikawa/Tools/DigitalMove/ARM/MCUXpresso/DigitalMove/mbed/TARGET_LPC1768/TOOLCHAIN_GCC_ARM/retarget.o
                0x000017ec                _sbrk
 .text          0x00001818       0x90 D:/_ishikawa/Tools/DigitalMove/ARM/MCUXpresso/DigitalMove/mbed/TARGET_LPC1768/TOOLCHAIN_GCC_ARM/startup_LPC17xx.o
                0x00001818                Reset_Handler
                0x0000184c                NMI_Handler
                0x0000184e                HardFault_Handler
                0x00001850                MemManage_Handler
                0x00001852                BusFault_Handler
                0x00001854                UsageFault_Handler
                0x00001856                SVC_Handler
                0x00001858                DebugMon_Handler
                0x0000185a                PendSV_Handler
                0x0000185c                SysTick_Handler
                0x0000185e                DEF_IRQHandler
                0x0000185e                Default_Handler
                0x00001860                WDT_IRQHandler
                0x00001862                TIMER0_IRQHandler
                0x00001864                TIMER1_IRQHandler
                0x00001866                TIMER2_IRQHandler
                0x00001868                TIMER3_IRQHandler
                0x0000186a                UART0_IRQHandler
                0x0000186c                UART1_IRQHandler
                0x0000186e                UART2_IRQHandler
                0x00001870                UART3_IRQHandler
                0x00001872                PWM1_IRQHandler
                0x00001874                I2C0_IRQHandler
                0x00001876                I2C1_IRQHandler
                0x00001878                I2C2_IRQHandler
                0x0000187a                SPI_IRQHandler
                0x0000187c                SSP0_IRQHandler
                0x0000187e                SSP1_IRQHandler
                0x00001880                PLL0_IRQHandler
                0x00001882                RTC_IRQHandler
                0x00001884                EINT0_IRQHandler
                0x00001886                EINT1_IRQHandler
                0x00001888                EINT2_IRQHandler
                0x0000188a                EINT3_IRQHandler
                0x0000188c                ADC_IRQHandler
                0x0000188e                BOD_IRQHandler
                0x00001890                USB_IRQHandler
                0x00001892                CAN_IRQHandler
                0x00001894                DMA_IRQHandler
                0x00001896                I2S_IRQHandler
                0x00001898                ENET_IRQHandler
                0x0000189a                RIT_IRQHandler
                0x0000189c                MCPWM_IRQHandler
                0x0000189e                QEI_IRQHandler
                0x000018a0                PLL1_IRQHandler
                0x000018a2                USBActivity_IRQHandler
                0x000018a4                CANActivity_IRQHandler
 .text.SystemInit
                0x000018a8       0xd0 D:/_ishikawa/Tools/DigitalMove/ARM/MCUXpresso/DigitalMove/mbed/TARGET_LPC1768/TOOLCHAIN_GCC_ARM/system_LPC17xx.o
                0x000018a8                SystemInit
 .text.gpio_set
                0x00001978       0x18 D:/_ishikawa/Tools/DigitalMove/ARM/MCUXpresso/DigitalMove/mbed/TARGET_LPC1768/TOOLCHAIN_GCC_ARM/libmbed.a(gpio_api.o)
                0x00001978                gpio_set
 .text.gpio_mode
                0x00001990        0x8 D:/_ishikawa/Tools/DigitalMove/ARM/MCUXpresso/DigitalMove/mbed/TARGET_LPC1768/TOOLCHAIN_GCC_ARM/libmbed.a(gpio_api.o)
                0x00001990                gpio_mode
 .text.gpio_dir
                0x00001998       0x24 D:/_ishikawa/Tools/DigitalMove/ARM/MCUXpresso/DigitalMove/mbed/TARGET_LPC1768/TOOLCHAIN_GCC_ARM/libmbed.a(gpio_api.o)
                0x00001998                gpio_dir
 .text.gpio_init
                0x000019bc       0x58 D:/_ishikawa/Tools/DigitalMove/ARM/MCUXpresso/DigitalMove/mbed/TARGET_LPC1768/TOOLCHAIN_GCC_ARM/libmbed.a(gpio_api.o)
                0x000019bc                gpio_init
 .text.pin_function
                0x00001a14       0x44 D:/_ishikawa/Tools/DigitalMove/ARM/MCUXpresso/DigitalMove/mbed/TARGET_LPC1768/TOOLCHAIN_GCC_ARM/libmbed.a(pinmap.o)
                0x00001a14                pin_function
 .text.pin_mode
                0x00001a58       0x6c D:/_ishikawa/Tools/DigitalMove/ARM/MCUXpresso/DigitalMove/mbed/TARGET_LPC1768/TOOLCHAIN_GCC_ARM/libmbed.a(pinmap.o)
                0x00001a58                pin_mode
 .text.uart2_irq
                0x00001ac4       0x34 D:/_ishikawa/Tools/DigitalMove/ARM/MCUXpresso/DigitalMove/mbed/TARGET_LPC1768/TOOLCHAIN_GCC_ARM/libmbed.a(serial_api.o)
                0x00001ac4                uart2_irq
 .text.uart3_irq
                0x00001af8       0x34 D:/_ishikawa/Tools/DigitalMove/ARM/MCUXpresso/DigitalMove/mbed/TARGET_LPC1768/TOOLCHAIN_GCC_ARM/libmbed.a(serial_api.o)
                0x00001af8                uart3_irq
 .text.uart0_irq
                0x00001b2c       0x34 D:/_ishikawa/Tools/DigitalMove/ARM/MCUXpresso/DigitalMove/mbed/TARGET_LPC1768/TOOLCHAIN_GCC_ARM/libmbed.a(serial_api.o)
                0x00001b2c                uart0_irq
 .text.uart1_irq
                0x00001b60       0x34 D:/_ishikawa/Tools/DigitalMove/ARM/MCUXpresso/DigitalMove/mbed/TARGET_LPC1768/TOOLCHAIN_GCC_ARM/libmbed.a(serial_api.o)
                0x00001b60                uart1_irq
 .text.serial_baud
                0x00001b94      0x22c D:/_ishikawa/Tools/DigitalMove/ARM/MCUXpresso/DigitalMove/mbed/TARGET_LPC1768/TOOLCHAIN_GCC_ARM/libmbed.a(serial_api.o)
                0x00001b94                serial_baud
 .text.serial_format
                0x00001dc0       0x84 D:/_ishikawa/Tools/DigitalMove/ARM/MCUXpresso/DigitalMove/mbed/TARGET_LPC1768/TOOLCHAIN_GCC_ARM/libmbed.a(serial_api.o)
                0x00001dc0                serial_format
 .text.serial_init
                0x00001e44      0x2a8 D:/_ishikawa/Tools/DigitalMove/ARM/MCUXpresso/DigitalMove/mbed/TARGET_LPC1768/TOOLCHAIN_GCC_ARM/libmbed.a(serial_api.o)
                0x00001e44                serial_init
 .text.serial_irq_handler
                0x000020ec       0x20 D:/_ishikawa/Tools/DigitalMove/ARM/MCUXpresso/DigitalMove/mbed/TARGET_LPC1768/TOOLCHAIN_GCC_ARM/libmbed.a(serial_api.o)
                0x000020ec                serial_irq_handler
 .text.serial_irq_set
                0x0000210c       0xc0 D:/_ishikawa/Tools/DigitalMove/ARM/MCUXpresso/DigitalMove/mbed/TARGET_LPC1768/TOOLCHAIN_GCC_ARM/libmbed.a(serial_api.o)
                0x0000210c                serial_irq_set
 .text.serial_getc
                0x000021cc        0xc D:/_ishikawa/Tools/DigitalMove/ARM/MCUXpresso/DigitalMove/mbed/TARGET_LPC1768/TOOLCHAIN_GCC_ARM/libmbed.a(serial_api.o)
                0x000021cc                serial_getc
 .text.serial_putc
                0x000021d8       0x14 D:/_ishikawa/Tools/DigitalMove/ARM/MCUXpresso/DigitalMove/mbed/TARGET_LPC1768/TOOLCHAIN_GCC_ARM/libmbed.a(serial_api.o)
                0x000021d8                serial_putc
 .text.exit     0x000021ec       0x1c D:/_ishikawa/Tools/DigitalMove/ARM/MCUXpresso/DigitalMove/mbed/TARGET_LPC1768/TOOLCHAIN_GCC_ARM/libmbed.a(exit.o)
                0x000021ec                exit
 .text.mbed_interface_connected
                0x00002208        0x4 D:/_ishikawa/Tools/DigitalMove/ARM/MCUXpresso/DigitalMove/mbed/TARGET_LPC1768/TOOLCHAIN_GCC_ARM/libmbed.a(mbed_interface.o)
                0x00002208                mbed_interface_connected
 .text.pinmap_pinout
                0x0000220c       0x4c D:/_ishikawa/Tools/DigitalMove/ARM/MCUXpresso/DigitalMove/mbed/TARGET_LPC1768/TOOLCHAIN_GCC_ARM/libmbed.a(pinmap_common.o)
                0x0000220c                pinmap_pinout
 .text.pinmap_merge
                0x00002258       0x30 D:/_ishikawa/Tools/DigitalMove/ARM/MCUXpresso/DigitalMove/mbed/TARGET_LPC1768/TOOLCHAIN_GCC_ARM/libmbed.a(pinmap_common.o)
                0x00002258                pinmap_merge
 .text.pinmap_peripheral
                0x00002288       0x3c D:/_ishikawa/Tools/DigitalMove/ARM/MCUXpresso/DigitalMove/mbed/TARGET_LPC1768/TOOLCHAIN_GCC_ARM/libmbed.a(pinmap_common.o)
                0x00002288                pinmap_peripheral
 .text.semihost_exit
                0x000022c4       0x18 D:/_ishikawa/Tools/DigitalMove/ARM/MCUXpresso/DigitalMove/mbed/TARGET_LPC1768/TOOLCHAIN_GCC_ARM/libmbed.a(semihost_api.o)
                0x000022c4                semihost_exit
 .text.semihost_connected
                0x000022dc       0x10 D:/_ishikawa/Tools/DigitalMove/ARM/MCUXpresso/DigitalMove/mbed/TARGET_LPC1768/TOOLCHAIN_GCC_ARM/libmbed.a(semihost_api.o)
                0x000022dc                semihost_connected
 .text._ZN4mbed8FilePathC2EPKc
                0x000022ec       0x54 D:/_ishikawa/Tools/DigitalMove/ARM/MCUXpresso/DigitalMove/mbed/TARGET_LPC1768/TOOLCHAIN_GCC_ARM/libmbed.a(FilePath.o)
                0x000022ec                mbed::FilePath::FilePath(char const*)
                0x000022ec                mbed::FilePath::FilePath(char const*)
 .text._ZN4mbed8FilePath8fileNameEv
                0x00002340        0x4 D:/_ishikawa/Tools/DigitalMove/ARM/MCUXpresso/DigitalMove/mbed/TARGET_LPC1768/TOOLCHAIN_GCC_ARM/libmbed.a(FilePath.o)
                0x00002340                mbed::FilePath::fileName()
 .text._ZN4mbed8FilePath12isFileSystemEv
                0x00002344       0x14 D:/_ishikawa/Tools/DigitalMove/ARM/MCUXpresso/DigitalMove/mbed/TARGET_LPC1768/TOOLCHAIN_GCC_ARM/libmbed.a(FilePath.o)
                0x00002344                mbed::FilePath::isFileSystem()
 .text._ZN4mbed8FilePath10fileSystemEv
                0x00002358       0x10 D:/_ishikawa/Tools/DigitalMove/ARM/MCUXpresso/DigitalMove/mbed/TARGET_LPC1768/TOOLCHAIN_GCC_ARM/libmbed.a(FilePath.o)
                0x00002358                mbed::FilePath::fileSystem()
 .text._ZN4mbed8FilePath6isFileEv
                0x00002368       0x14 D:/_ishikawa/Tools/DigitalMove/ARM/MCUXpresso/DigitalMove/mbed/TARGET_LPC1768/TOOLCHAIN_GCC_ARM/libmbed.a(FilePath.o)
                0x00002368                mbed::FilePath::isFile()
 .text._ZN4mbed8FilePath4fileEv
                0x0000237c       0x14 D:/_ishikawa/Tools/DigitalMove/ARM/MCUXpresso/DigitalMove/mbed/TARGET_LPC1768/TOOLCHAIN_GCC_ARM/libmbed.a(FilePath.o)
                0x0000237c                mbed::FilePath::file()
 .text._ZN4mbed8FilePath6existsEv
                0x00002390        0xc D:/_ishikawa/Tools/DigitalMove/ARM/MCUXpresso/DigitalMove/mbed/TARGET_LPC1768/TOOLCHAIN_GCC_ARM/libmbed.a(FilePath.o)
                0x00002390                mbed::FilePath::exists()
 .text._ZN4mbed15FunctionPointerC2EPFvvE
                0x0000239c        0x8 D:/_ishikawa/Tools/DigitalMove/ARM/MCUXpresso/DigitalMove/mbed/TARGET_LPC1768/TOOLCHAIN_GCC_ARM/libmbed.a(FunctionPointer.o)
                0x0000239c                mbed::FunctionPointer::FunctionPointer(void (*)())
                0x0000239c                mbed::FunctionPointer::FunctionPointer(void (*)())
 .text._ZN4mbed15FunctionPointer6attachEPFvvE
                0x000023a4        0x8 D:/_ishikawa/Tools/DigitalMove/ARM/MCUXpresso/DigitalMove/mbed/TARGET_LPC1768/TOOLCHAIN_GCC_ARM/libmbed.a(FunctionPointer.o)
                0x000023a4                mbed::FunctionPointer::attach(void (*)())
 .text._ZN4mbed15FunctionPointer4callEv
                0x000023ac       0x18 D:/_ishikawa/Tools/DigitalMove/ARM/MCUXpresso/DigitalMove/mbed/TARGET_LPC1768/TOOLCHAIN_GCC_ARM/libmbed.a(FunctionPointer.o)
                0x000023ac                mbed::FunctionPointer::call()
 .text._ZN4mbed11InterruptIn12_irq_handlerEm14gpio_irq_event
                0x000023c4       0x18 D:/_ishikawa/Tools/DigitalMove/ARM/MCUXpresso/DigitalMove/mbed/TARGET_LPC1768/TOOLCHAIN_GCC_ARM/libmbed.a(InterruptIn.o)
                0x000023c4                mbed::InterruptIn::_irq_handler(unsigned long, gpio_irq_event)
 .text._ZN4mbed11InterruptInD2Ev
                0x000023dc       0x18 D:/_ishikawa/Tools/DigitalMove/ARM/MCUXpresso/DigitalMove/mbed/TARGET_LPC1768/TOOLCHAIN_GCC_ARM/libmbed.a(InterruptIn.o)
                0x000023dc                mbed::InterruptIn::~InterruptIn()
                0x000023dc                mbed::InterruptIn::~InterruptIn()
 .text._ZN4mbed11InterruptInD0Ev
                0x000023f4       0x14 D:/_ishikawa/Tools/DigitalMove/ARM/MCUXpresso/DigitalMove/mbed/TARGET_LPC1768/TOOLCHAIN_GCC_ARM/libmbed.a(InterruptIn.o)
                0x000023f4                mbed::InterruptIn::~InterruptIn()
 .text._ZN4mbed11InterruptInC2E7PinName
                0x00002408       0x44 D:/_ishikawa/Tools/DigitalMove/ARM/MCUXpresso/DigitalMove/mbed/TARGET_LPC1768/TOOLCHAIN_GCC_ARM/libmbed.a(InterruptIn.o)
                0x00002408                mbed::InterruptIn::InterruptIn(PinName)
                0x00002408                mbed::InterruptIn::InterruptIn(PinName)
 .text._ZN4mbed11InterruptIn4modeE7PinMode
                0x0000244c        0x8 D:/_ishikawa/Tools/DigitalMove/ARM/MCUXpresso/DigitalMove/mbed/TARGET_LPC1768/TOOLCHAIN_GCC_ARM/libmbed.a(InterruptIn.o)
                0x0000244c                mbed::InterruptIn::mode(PinMode)
 .text._ZN4mbed11InterruptIn4riseEPFvvE
                0x00002454       0x30 D:/_ishikawa/Tools/DigitalMove/ARM/MCUXpresso/DigitalMove/mbed/TARGET_LPC1768/TOOLCHAIN_GCC_ARM/libmbed.a(InterruptIn.o)
                0x00002454                mbed::InterruptIn::rise(void (*)())
 .text._ZN4mbed11InterruptIn4fallEPFvvE
                0x00002484       0x30 D:/_ishikawa/Tools/DigitalMove/ARM/MCUXpresso/DigitalMove/mbed/TARGET_LPC1768/TOOLCHAIN_GCC_ARM/libmbed.a(InterruptIn.o)
                0x00002484                mbed::InterruptIn::fall(void (*)())
 .text._ZN4mbed11InterruptIncviEv
                0x000024b4       0x10 D:/_ishikawa/Tools/DigitalMove/ARM/MCUXpresso/DigitalMove/mbed/TARGET_LPC1768/TOOLCHAIN_GCC_ARM/libmbed.a(InterruptIn.o)
                0x000024b4                mbed::InterruptIn::operator int()
 .text._ZN4mbed6Serial5_putcEi
                0x000024c4        0x8 D:/_ishikawa/Tools/DigitalMove/ARM/MCUXpresso/DigitalMove/mbed/TARGET_LPC1768/TOOLCHAIN_GCC_ARM/libmbed.a(Serial.o)
                0x000024c4                mbed::Serial::_putc(int)
 .text._ZN4mbed6Serial5_getcEv
                0x000024cc        0x8 D:/_ishikawa/Tools/DigitalMove/ARM/MCUXpresso/DigitalMove/mbed/TARGET_LPC1768/TOOLCHAIN_GCC_ARM/libmbed.a(Serial.o)
                0x000024cc                mbed::Serial::_getc()
 .text._ZN4mbed6SerialC2E7PinNameS1_PKc
                0x000024d4       0x2c D:/_ishikawa/Tools/DigitalMove/ARM/MCUXpresso/DigitalMove/mbed/TARGET_LPC1768/TOOLCHAIN_GCC_ARM/libmbed.a(Serial.o)
                0x000024d4                mbed::Serial::Serial(PinName, PinName, char const*)
                0x000024d4                mbed::Serial::Serial(PinName, PinName, char const*)
 .text._ZN4mbed10SerialBase12_irq_handlerEm9SerialIrq
                0x00002500       0x10 D:/_ishikawa/Tools/DigitalMove/ARM/MCUXpresso/DigitalMove/mbed/TARGET_LPC1768/TOOLCHAIN_GCC_ARM/libmbed.a(SerialBase.o)
                0x00002500                mbed::SerialBase::_irq_handler(unsigned long, SerialIrq)
 .text._ZN4mbed10SerialBaseC2E7PinNameS1_
                0x00002510       0x40 D:/_ishikawa/Tools/DigitalMove/ARM/MCUXpresso/DigitalMove/mbed/TARGET_LPC1768/TOOLCHAIN_GCC_ARM/libmbed.a(SerialBase.o)
                0x00002510                mbed::SerialBase::SerialBase(PinName, PinName)
                0x00002510                mbed::SerialBase::SerialBase(PinName, PinName)
 .text._ZN4mbed10SerialBase4baudEi
                0x00002550       0x10 D:/_ishikawa/Tools/DigitalMove/ARM/MCUXpresso/DigitalMove/mbed/TARGET_LPC1768/TOOLCHAIN_GCC_ARM/libmbed.a(SerialBase.o)
                0x00002550                mbed::SerialBase::baud(int)
 .text._ZN4mbed10SerialBase6attachEPFvvENS0_7IrqTypeE
                0x00002560       0x30 D:/_ishikawa/Tools/DigitalMove/ARM/MCUXpresso/DigitalMove/mbed/TARGET_LPC1768/TOOLCHAIN_GCC_ARM/libmbed.a(SerialBase.o)
                0x00002560                mbed::SerialBase::attach(void (*)(), mbed::SerialBase::IrqType)
 .text._ZN4mbed10SerialBase10_base_getcEv
                0x00002590        0x4 D:/_ishikawa/Tools/DigitalMove/ARM/MCUXpresso/DigitalMove/mbed/TARGET_LPC1768/TOOLCHAIN_GCC_ARM/libmbed.a(SerialBase.o)
                0x00002590                mbed::SerialBase::_base_getc()
 .text._ZN4mbed10SerialBase10_base_putcEi
                0x00002594        0xc D:/_ishikawa/Tools/DigitalMove/ARM/MCUXpresso/DigitalMove/mbed/TARGET_LPC1768/TOOLCHAIN_GCC_ARM/libmbed.a(SerialBase.o)
                0x00002594                mbed::SerialBase::_base_putc(int)
 .text._ZN4mbed6Stream5closeEv
                0x000025a0        0x4 D:/_ishikawa/Tools/DigitalMove/ARM/MCUXpresso/DigitalMove/mbed/TARGET_LPC1768/TOOLCHAIN_GCC_ARM/libmbed.a(Stream.o)
                0x000025a0                mbed::Stream::close()
 .text._ZN4mbed6Stream5writeEPKvj
                0x000025a4       0x78 D:/_ishikawa/Tools/DigitalMove/ARM/MCUXpresso/DigitalMove/mbed/TARGET_LPC1768/TOOLCHAIN_GCC_ARM/libmbed.a(Stream.o)
                0x000025a4                mbed::Stream::write(void const*, unsigned int)
 .text._ZN4mbed6Stream4readEPvj
                0x0000261c       0x78 D:/_ishikawa/Tools/DigitalMove/ARM/MCUXpresso/DigitalMove/mbed/TARGET_LPC1768/TOOLCHAIN_GCC_ARM/libmbed.a(Stream.o)
                0x0000261c                mbed::Stream::read(void*, unsigned int)
 .text._ZN4mbed6Stream5lseekEli
                0x00002694        0x4 D:/_ishikawa/Tools/DigitalMove/ARM/MCUXpresso/DigitalMove/mbed/TARGET_LPC1768/TOOLCHAIN_GCC_ARM/libmbed.a(Stream.o)
                0x00002694                mbed::Stream::lseek(long, int)
 .text._ZN4mbed6Stream6isattyEv
                0x00002698        0x4 D:/_ishikawa/Tools/DigitalMove/ARM/MCUXpresso/DigitalMove/mbed/TARGET_LPC1768/TOOLCHAIN_GCC_ARM/libmbed.a(Stream.o)
                0x00002698                mbed::Stream::isatty()
 .text._ZN4mbed6Stream5fsyncEv
                0x0000269c        0x4 D:/_ishikawa/Tools/DigitalMove/ARM/MCUXpresso/DigitalMove/mbed/TARGET_LPC1768/TOOLCHAIN_GCC_ARM/libmbed.a(Stream.o)
                0x0000269c                mbed::Stream::fsync()
 .text._ZN4mbed6Stream4flenEv
                0x000026a0        0x4 D:/_ishikawa/Tools/DigitalMove/ARM/MCUXpresso/DigitalMove/mbed/TARGET_LPC1768/TOOLCHAIN_GCC_ARM/libmbed.a(Stream.o)
                0x000026a0                mbed::Stream::flen()
 .text._ZN4mbed6StreamD2Ev
                0x000026a4       0x28 D:/_ishikawa/Tools/DigitalMove/ARM/MCUXpresso/DigitalMove/mbed/TARGET_LPC1768/TOOLCHAIN_GCC_ARM/libmbed.a(Stream.o)
                0x000026a4                mbed::Stream::~Stream()
                0x000026a4                mbed::Stream::~Stream()
 .text._ZThn4_N4mbed6StreamD1Ev
                0x000026cc        0x8 D:/_ishikawa/Tools/DigitalMove/ARM/MCUXpresso/DigitalMove/mbed/TARGET_LPC1768/TOOLCHAIN_GCC_ARM/libmbed.a(Stream.o)
                0x000026cc                non-virtual thunk to mbed::Stream::~Stream()
 .text._ZN4mbed6StreamD0Ev
                0x000026d4       0x14 D:/_ishikawa/Tools/DigitalMove/ARM/MCUXpresso/DigitalMove/mbed/TARGET_LPC1768/TOOLCHAIN_GCC_ARM/libmbed.a(Stream.o)
                0x000026d4                mbed::Stream::~Stream()
 .text._ZThn4_N4mbed6StreamD0Ev
                0x000026e8        0x8 D:/_ishikawa/Tools/DigitalMove/ARM/MCUXpresso/DigitalMove/mbed/TARGET_LPC1768/TOOLCHAIN_GCC_ARM/libmbed.a(Stream.o)
                0x000026e8                non-virtual thunk to mbed::Stream::~Stream()
 .text._ZN4mbed6StreamC2EPKc
                0x000026f0       0x48 D:/_ishikawa/Tools/DigitalMove/ARM/MCUXpresso/DigitalMove/mbed/TARGET_LPC1768/TOOLCHAIN_GCC_ARM/libmbed.a(Stream.o)
                0x000026f0                mbed::Stream::Stream(char const*)
                0x000026f0                mbed::Stream::Stream(char const*)
 .text._ZN4mbed6Stream4putcEi
                0x00002738       0x18 D:/_ishikawa/Tools/DigitalMove/ARM/MCUXpresso/DigitalMove/mbed/TARGET_LPC1768/TOOLCHAIN_GCC_ARM/libmbed.a(Stream.o)
                0x00002738                mbed::Stream::putc(int)
 .text._ZN4mbed6Stream4getcEv
                0x00002750       0x14 D:/_ishikawa/Tools/DigitalMove/ARM/MCUXpresso/DigitalMove/mbed/TARGET_LPC1768/TOOLCHAIN_GCC_ARM/libmbed.a(Stream.o)
                0x00002750                mbed::Stream::getc()
 .text._ZN4mbed6TickerD2Ev
                0x00002764       0x14 D:/_ishikawa/Tools/DigitalMove/ARM/MCUXpresso/DigitalMove/mbed/TARGET_LPC1768/TOOLCHAIN_GCC_ARM/libmbed.a(Ticker.o)
                0x00002764                mbed::Ticker::~Ticker()
                0x00002764                mbed::Ticker::~Ticker()
 .text._ZN4mbed6Ticker7handlerEv
                0x00002778       0x1c D:/_ishikawa/Tools/DigitalMove/ARM/MCUXpresso/DigitalMove/mbed/TARGET_LPC1768/TOOLCHAIN_GCC_ARM/libmbed.a(Ticker.o)
                0x00002778                mbed::Ticker::handler()
 .text._ZN4mbed6TickerD0Ev
                0x00002794       0x1c D:/_ishikawa/Tools/DigitalMove/ARM/MCUXpresso/DigitalMove/mbed/TARGET_LPC1768/TOOLCHAIN_GCC_ARM/libmbed.a(Ticker.o)
                0x00002794                mbed::Ticker::~Ticker()
 .text._ZN4mbed7Timeout7handlerEv
                0x000027b0        0x8 D:/_ishikawa/Tools/DigitalMove/ARM/MCUXpresso/DigitalMove/mbed/TARGET_LPC1768/TOOLCHAIN_GCC_ARM/libmbed.a(Timeout.o)
                0x000027b0                mbed::Timeout::handler()
 .text._ZN4mbed10TimerEvent3irqEm
                0x000027b8        0xc D:/_ishikawa/Tools/DigitalMove/ARM/MCUXpresso/DigitalMove/mbed/TARGET_LPC1768/TOOLCHAIN_GCC_ARM/libmbed.a(TimerEvent.o)
                0x000027b8                mbed::TimerEvent::irq(unsigned long)
 .text._ZN4mbed10TimerEventC2Ev
                0x000027c4       0x1c D:/_ishikawa/Tools/DigitalMove/ARM/MCUXpresso/DigitalMove/mbed/TARGET_LPC1768/TOOLCHAIN_GCC_ARM/libmbed.a(TimerEvent.o)
                0x000027c4                mbed::TimerEvent::TimerEvent()
                0x000027c4                mbed::TimerEvent::TimerEvent()
 .text._ZN4mbed10TimerEvent6insertEj
                0x000027e0        0x8 D:/_ishikawa/Tools/DigitalMove/ARM/MCUXpresso/DigitalMove/mbed/TARGET_LPC1768/TOOLCHAIN_GCC_ARM/libmbed.a(TimerEvent.o)
                0x000027e0                mbed::TimerEvent::insert(unsigned int)
 .text._ZN4mbed10TimerEvent6removeEv
                0x000027e8        0x8 D:/_ishikawa/Tools/DigitalMove/ARM/MCUXpresso/DigitalMove/mbed/TARGET_LPC1768/TOOLCHAIN_GCC_ARM/libmbed.a(TimerEvent.o)
                0x000027e8                mbed::TimerEvent::remove()
 .text._ZN4mbed10TimerEventD2Ev
                0x000027f0       0x14 D:/_ishikawa/Tools/DigitalMove/ARM/MCUXpresso/DigitalMove/mbed/TARGET_LPC1768/TOOLCHAIN_GCC_ARM/libmbed.a(TimerEvent.o)
                0x000027f0                mbed::TimerEvent::~TimerEvent()
                0x000027f0                mbed::TimerEvent::~TimerEvent()
 .text._ZN4mbed10TimerEventD0Ev
                0x00002804       0x14 D:/_ishikawa/Tools/DigitalMove/ARM/MCUXpresso/DigitalMove/mbed/TARGET_LPC1768/TOOLCHAIN_GCC_ARM/libmbed.a(TimerEvent.o)
                0x00002804                mbed::TimerEvent::~TimerEvent()
 .text.handle_interrupt_in
                0x00002818      0x154 D:/_ishikawa/Tools/DigitalMove/ARM/MCUXpresso/DigitalMove/mbed/TARGET_LPC1768/TOOLCHAIN_GCC_ARM/libmbed.a(gpio_irq_api.o)
 .text.gpio_irq_init
                0x0000296c       0x80 D:/_ishikawa/Tools/DigitalMove/ARM/MCUXpresso/DigitalMove/mbed/TARGET_LPC1768/TOOLCHAIN_GCC_ARM/libmbed.a(gpio_irq_api.o)
                0x0000296c                gpio_irq_init
 .text.gpio_irq_free
                0x000029ec       0x14 D:/_ishikawa/Tools/DigitalMove/ARM/MCUXpresso/DigitalMove/mbed/TARGET_LPC1768/TOOLCHAIN_GCC_ARM/libmbed.a(gpio_irq_api.o)
                0x000029ec                gpio_irq_free
 .text.gpio_irq_set
                0x00002a00      0x10c D:/_ishikawa/Tools/DigitalMove/ARM/MCUXpresso/DigitalMove/mbed/TARGET_LPC1768/TOOLCHAIN_GCC_ARM/libmbed.a(gpio_irq_api.o)
                0x00002a00                gpio_irq_set
 .text.us_ticker_init
                0x00002b0c       0x6c D:/_ishikawa/Tools/DigitalMove/ARM/MCUXpresso/DigitalMove/mbed/TARGET_LPC1768/TOOLCHAIN_GCC_ARM/libmbed.a(us_ticker.o)
                0x00002b0c                us_ticker_init
 .text.us_ticker_read
                0x00002b78       0x1c D:/_ishikawa/Tools/DigitalMove/ARM/MCUXpresso/DigitalMove/mbed/TARGET_LPC1768/TOOLCHAIN_GCC_ARM/libmbed.a(us_ticker.o)
                0x00002b78                us_ticker_read
 .text.us_ticker_set_interrupt
                0x00002b94       0x14 D:/_ishikawa/Tools/DigitalMove/ARM/MCUXpresso/DigitalMove/mbed/TARGET_LPC1768/TOOLCHAIN_GCC_ARM/libmbed.a(us_ticker.o)
                0x00002b94                us_ticker_set_interrupt
 .text.us_ticker_disable_interrupt
                0x00002ba8       0x14 D:/_ishikawa/Tools/DigitalMove/ARM/MCUXpresso/DigitalMove/mbed/TARGET_LPC1768/TOOLCHAIN_GCC_ARM/libmbed.a(us_ticker.o)
                0x00002ba8                us_ticker_disable_interrupt
 .text.us_ticker_clear_interrupt
                0x00002bbc       0x10 D:/_ishikawa/Tools/DigitalMove/ARM/MCUXpresso/DigitalMove/mbed/TARGET_LPC1768/TOOLCHAIN_GCC_ARM/libmbed.a(us_ticker.o)
                0x00002bbc                us_ticker_clear_interrupt
 .text.mbed_die
                0x00002bcc       0x84 D:/_ishikawa/Tools/DigitalMove/ARM/MCUXpresso/DigitalMove/mbed/TARGET_LPC1768/TOOLCHAIN_GCC_ARM/libmbed.a(board.o)
                0x00002bcc                mbed_die
 .text.us_ticker_set_handler
                0x00002c50       0x14 D:/_ishikawa/Tools/DigitalMove/ARM/MCUXpresso/DigitalMove/mbed/TARGET_LPC1768/TOOLCHAIN_GCC_ARM/libmbed.a(us_ticker_api.o)
                0x00002c50                us_ticker_set_handler
 .text.us_ticker_irq_handler
                0x00002c64       0x48 D:/_ishikawa/Tools/DigitalMove/ARM/MCUXpresso/DigitalMove/mbed/TARGET_LPC1768/TOOLCHAIN_GCC_ARM/libmbed.a(us_ticker_api.o)
                0x00002c64                us_ticker_irq_handler
 .text.us_ticker_insert_event
                0x00002cac       0x44 D:/_ishikawa/Tools/DigitalMove/ARM/MCUXpresso/DigitalMove/mbed/TARGET_LPC1768/TOOLCHAIN_GCC_ARM/libmbed.a(us_ticker_api.o)
                0x00002cac                us_ticker_insert_event
 .text.us_ticker_remove_event
                0x00002cf0       0x48 D:/_ishikawa/Tools/DigitalMove/ARM/MCUXpresso/DigitalMove/mbed/TARGET_LPC1768/TOOLCHAIN_GCC_ARM/libmbed.a(us_ticker_api.o)
                0x00002cf0                us_ticker_remove_event
 .text.wait_us  0x00002d38       0x18 D:/_ishikawa/Tools/DigitalMove/ARM/MCUXpresso/DigitalMove/mbed/TARGET_LPC1768/TOOLCHAIN_GCC_ARM/libmbed.a(wait_api.o)
                0x00002d38                wait_us
 .text.wait_ms  0x00002d50        0xc D:/_ishikawa/Tools/DigitalMove/ARM/MCUXpresso/DigitalMove/mbed/TARGET_LPC1768/TOOLCHAIN_GCC_ARM/libmbed.a(wait_api.o)
                0x00002d50                wait_ms
 .text._ZN4mbed8FileBaseD2Ev
                0x00002d5c       0x30 D:/_ishikawa/Tools/DigitalMove/ARM/MCUXpresso/DigitalMove/mbed/TARGET_LPC1768/TOOLCHAIN_GCC_ARM/libmbed.a(FileBase.o)
                0x00002d5c                mbed::FileBase::~FileBase()
                0x00002d5c                mbed::FileBase::~FileBase()
 .text._ZN4mbed8FileBaseD0Ev
                0x00002d8c       0x3c D:/_ishikawa/Tools/DigitalMove/ARM/MCUXpresso/DigitalMove/mbed/TARGET_LPC1768/TOOLCHAIN_GCC_ARM/libmbed.a(FileBase.o)
                0x00002d8c                mbed::FileBase::~FileBase()
 .text._ZN4mbed8FileBaseC2EPKcNS_8PathTypeE
                0x00002dc8       0x20 D:/_ishikawa/Tools/DigitalMove/ARM/MCUXpresso/DigitalMove/mbed/TARGET_LPC1768/TOOLCHAIN_GCC_ARM/libmbed.a(FileBase.o)
                0x00002dc8                mbed::FileBase::FileBase(char const*, mbed::PathType)
                0x00002dc8                mbed::FileBase::FileBase(char const*, mbed::PathType)
 .text._ZN4mbed8FileBase6lookupEPKcj
                0x00002de8       0x40 D:/_ishikawa/Tools/DigitalMove/ARM/MCUXpresso/DigitalMove/mbed/TARGET_LPC1768/TOOLCHAIN_GCC_ARM/libmbed.a(FileBase.o)
                0x00002de8                mbed::FileBase::lookup(char const*, unsigned int)
 .text._ZN4mbed8FileBase11getPathTypeEv
                0x00002e28        0x4 D:/_ishikawa/Tools/DigitalMove/ARM/MCUXpresso/DigitalMove/mbed/TARGET_LPC1768/TOOLCHAIN_GCC_ARM/libmbed.a(FileBase.o)
                0x00002e28                mbed::FileBase::getPathType()
 .text._ZN4mbed8FileLikeD2Ev
                0x00002e2c       0x28 D:/_ishikawa/Tools/DigitalMove/ARM/MCUXpresso/DigitalMove/mbed/TARGET_LPC1768/TOOLCHAIN_GCC_ARM/libmbed.a(FileLike.o)
                0x00002e2c                mbed::FileLike::~FileLike()
                0x00002e2c                mbed::FileLike::~FileLike()
 .text._ZThn4_N4mbed8FileLikeD1Ev
                0x00002e54        0x8 D:/_ishikawa/Tools/DigitalMove/ARM/MCUXpresso/DigitalMove/mbed/TARGET_LPC1768/TOOLCHAIN_GCC_ARM/libmbed.a(FileLike.o)
                0x00002e54                non-virtual thunk to mbed::FileLike::~FileLike()
 .text._ZN4mbed8FileLikeD0Ev
                0x00002e5c       0x14 D:/_ishikawa/Tools/DigitalMove/ARM/MCUXpresso/DigitalMove/mbed/TARGET_LPC1768/TOOLCHAIN_GCC_ARM/libmbed.a(FileLike.o)
                0x00002e5c                mbed::FileLike::~FileLike()
 .text._ZThn4_N4mbed8FileLikeD0Ev
                0x00002e70        0x8 D:/_ishikawa/Tools/DigitalMove/ARM/MCUXpresso/DigitalMove/mbed/TARGET_LPC1768/TOOLCHAIN_GCC_ARM/libmbed.a(FileLike.o)
                0x00002e70                non-virtual thunk to mbed::FileLike::~FileLike()
 .text._ZN4mbed8FileLikeC2EPKc
                0x00002e78       0x2c D:/_ishikawa/Tools/DigitalMove/ARM/MCUXpresso/DigitalMove/mbed/TARGET_LPC1768/TOOLCHAIN_GCC_ARM/libmbed.a(FileLike.o)
                0x00002e78                mbed::FileLike::FileLike(char const*)
                0x00002e78                mbed::FileLike::FileLike(char const*)
 .text._ZNK10__cxxabiv117__class_type_info11__do_upcastEPKS0_PPv
                0x00002ea4       0x38 c:/program files (x86)/gnu tools arm embedded/6 2017-q2-update/bin/../lib/gcc/arm-none-eabi/6.3.1/../../../../arm-none-eabi/lib/thumb/v7-m\libstdc++.a(class_type_info.o)
                0x00002ea4                __cxxabiv1::__class_type_info::__do_upcast(__cxxabiv1::__class_type_info const*, void**) const
 .text._ZNK10__cxxabiv117__class_type_info20__do_find_public_srcEiPKvPKS0_S2_
                0x00002edc        0xc c:/program files (x86)/gnu tools arm embedded/6 2017-q2-update/bin/../lib/gcc/arm-none-eabi/6.3.1/../../../../arm-none-eabi/lib/thumb/v7-m\libstdc++.a(class_type_info.o)
                0x00002edc                __cxxabiv1::__class_type_info::__do_find_public_src(int, void const*, __cxxabiv1::__class_type_info const*, void const*) const
 .text._ZN10__cxxabiv117__class_type_infoD2Ev
                0x00002ee8       0x14 c:/program files (x86)/gnu tools arm embedded/6 2017-q2-update/bin/../lib/gcc/arm-none-eabi/6.3.1/../../../../arm-none-eabi/lib/thumb/v7-m\libstdc++.a(class_type_info.o)
                0x00002ee8                __cxxabiv1::__class_type_info::~__class_type_info()
                0x00002ee8                __cxxabiv1::__class_type_info::~__class_type_info()
 .text._ZN10__cxxabiv117__class_type_infoD0Ev
                0x00002efc       0x1c c:/program files (x86)/gnu tools arm embedded/6 2017-q2-update/bin/../lib/gcc/arm-none-eabi/6.3.1/../../../../arm-none-eabi/lib/thumb/v7-m\libstdc++.a(class_type_info.o)
                0x00002efc                __cxxabiv1::__class_type_info::~__class_type_info()
 .text._ZNK10__cxxabiv117__class_type_info11__do_upcastEPKS0_PKvRNS0_15__upcast_resultE
                0x00002f18       0x18 c:/program files (x86)/gnu tools arm embedded/6 2017-q2-update/bin/../lib/gcc/arm-none-eabi/6.3.1/../../../../arm-none-eabi/lib/thumb/v7-m\libstdc++.a(class_type_info.o)
                0x00002f18                __cxxabiv1::__class_type_info::__do_upcast(__cxxabiv1::__class_type_info const*, void const*, __cxxabiv1::__class_type_info::__upcast_result&) const
 .text._ZNK10__cxxabiv117__class_type_info10__do_catchEPKSt9type_infoPPvj
                0x00002f30       0x2c c:/program files (x86)/gnu tools arm embedded/6 2017-q2-update/bin/../lib/gcc/arm-none-eabi/6.3.1/../../../../arm-none-eabi/lib/thumb/v7-m\libstdc++.a(class_type_info.o)
                0x00002f30                __cxxabiv1::__class_type_info::__do_catch(std::type_info const*, void**, unsigned int) const
 .text._ZNK10__cxxabiv117__class_type_info12__do_dyncastEiNS0_10__sub_kindEPKS0_PKvS3_S5_RNS0_16__dyncast_resultE
                0x00002f5c       0x40 c:/program files (x86)/gnu tools arm embedded/6 2017-q2-update/bin/../lib/gcc/arm-none-eabi/6.3.1/../../../../arm-none-eabi/lib/thumb/v7-m\libstdc++.a(class_type_info.o)
                0x00002f5c                __cxxabiv1::__class_type_info::__do_dyncast(int, __cxxabiv1::__class_type_info::__sub_kind, __cxxabiv1::__class_type_info const*, void const*, __cxxabiv1::__class_type_info const*, void const*, __cxxabiv1::__class_type_info::__dyncast_result&) const
 .text._ZN12_GLOBAL__N_14pool4freeEPv.constprop.4
                0x00002f9c       0x7c c:/program files (x86)/gnu tools arm embedded/6 2017-q2-update/bin/../lib/gcc/arm-none-eabi/6.3.1/../../../../arm-none-eabi/lib/thumb/v7-m\libstdc++.a(eh_alloc.o)
 .text._ZN12_GLOBAL__N_14pool8allocateEj.constprop.5
                0x00003018       0x68 c:/program files (x86)/gnu tools arm embedded/6 2017-q2-update/bin/../lib/gcc/arm-none-eabi/6.3.1/../../../../arm-none-eabi/lib/thumb/v7-m\libstdc++.a(eh_alloc.o)
 .text.__cxa_allocate_exception
                0x00003080       0x30 c:/program files (x86)/gnu tools arm embedded/6 2017-q2-update/bin/../lib/gcc/arm-none-eabi/6.3.1/../../../../arm-none-eabi/lib/thumb/v7-m\libstdc++.a(eh_alloc.o)
                0x00003080                __cxa_allocate_exception
 .text.__cxa_free_exception
                0x000030b0       0x20 c:/program files (x86)/gnu tools arm embedded/6 2017-q2-update/bin/../lib/gcc/arm-none-eabi/6.3.1/../../../../arm-none-eabi/lib/thumb/v7-m\libstdc++.a(eh_alloc.o)
                0x000030b0                __cxa_free_exception
 .text.startup._GLOBAL__sub_I__ZN9__gnu_cxx9__freeresEv
                0x000030d0       0x28 c:/program files (x86)/gnu tools arm embedded/6 2017-q2-update/bin/../lib/gcc/arm-none-eabi/6.3.1/../../../../arm-none-eabi/lib/thumb/v7-m\libstdc++.a(eh_alloc.o)
 .text.__aeabi_atexit
                0x000030f8        0xc c:/program files (x86)/gnu tools arm embedded/6 2017-q2-update/bin/../lib/gcc/arm-none-eabi/6.3.1/../../../../arm-none-eabi/lib/thumb/v7-m\libstdc++.a(atexit_arm.o)
                0x000030f8                __aeabi_atexit
 .text._ZL23__gxx_exception_cleanup19_Unwind_Reason_CodeP21_Unwind_Control_Block
                0x00003104       0x44 c:/program files (x86)/gnu tools arm embedded/6 2017-q2-update/bin/../lib/gcc/arm-none-eabi/6.3.1/../../../../arm-none-eabi/lib/thumb/v7-m\libstdc++.a(eh_throw.o)
 .text.__cxa_throw
                0x00003148       0x80 c:/program files (x86)/gnu tools arm embedded/6 2017-q2-update/bin/../lib/gcc/arm-none-eabi/6.3.1/../../../../arm-none-eabi/lib/thumb/v7-m\libstdc++.a(eh_throw.o)
                0x00003148                __cxa_throw
 .text.__cxa_rethrow
                0x000031c8       0x70 c:/program files (x86)/gnu tools arm embedded/6 2017-q2-update/bin/../lib/gcc/arm-none-eabi/6.3.1/../../../../arm-none-eabi/lib/thumb/v7-m\libstdc++.a(eh_throw.o)
                0x000031c8                __cxa_rethrow
 .text.__cxa_begin_catch
                0x00003238       0x80 c:/program files (x86)/gnu tools arm embedded/6 2017-q2-update/bin/../lib/gcc/arm-none-eabi/6.3.1/../../../../arm-none-eabi/lib/thumb/v7-m\libstdc++.a(eh_catch.o)
                0x00003238                __cxa_begin_catch
 .text.__cxa_end_catch
                0x000032b8       0x8c c:/program files (x86)/gnu tools arm embedded/6 2017-q2-update/bin/../lib/gcc/arm-none-eabi/6.3.1/../../../../arm-none-eabi/lib/thumb/v7-m\libstdc++.a(eh_catch.o)
                0x000032b8                __cxa_end_catch
 .text._ZN10__cxxabiv120__si_class_type_infoD2Ev
                0x00003344       0x14 c:/program files (x86)/gnu tools arm embedded/6 2017-q2-update/bin/../lib/gcc/arm-none-eabi/6.3.1/../../../../arm-none-eabi/lib/thumb/v7-m\libstdc++.a(si_class_type_info.o)
                0x00003344                __cxxabiv1::__si_class_type_info::~__si_class_type_info()
                0x00003344                __cxxabiv1::__si_class_type_info::~__si_class_type_info()
 .text._ZN10__cxxabiv120__si_class_type_infoD0Ev
                0x00003358       0x1c c:/program files (x86)/gnu tools arm embedded/6 2017-q2-update/bin/../lib/gcc/arm-none-eabi/6.3.1/../../../../arm-none-eabi/lib/thumb/v7-m\libstdc++.a(si_class_type_info.o)
                0x00003358                __cxxabiv1::__si_class_type_info::~__si_class_type_info()
 .text._ZNK10__cxxabiv120__si_class_type_info20__do_find_public_srcEiPKvPKNS_17__class_type_infoES2_
                0x00003374       0x3c c:/program files (x86)/gnu tools arm embedded/6 2017-q2-update/bin/../lib/gcc/arm-none-eabi/6.3.1/../../../../arm-none-eabi/lib/thumb/v7-m\libstdc++.a(si_class_type_info.o)
                0x00003374                __cxxabiv1::__si_class_type_info::__do_find_public_src(int, void const*, __cxxabiv1::__class_type_info const*, void const*) const
 .text._ZNK10__cxxabiv120__si_class_type_info12__do_dyncastEiNS_17__class_type_info10__sub_kindEPKS1_PKvS4_S6_RNS1_16__dyncast_resultE
                0x000033b0       0x98 c:/program files (x86)/gnu tools arm embedded/6 2017-q2-update/bin/../lib/gcc/arm-none-eabi/6.3.1/../../../../arm-none-eabi/lib/thumb/v7-m\libstdc++.a(si_class_type_info.o)
                0x000033b0                __cxxabiv1::__si_class_type_info::__do_dyncast(int, __cxxabiv1::__class_type_info::__sub_kind, __cxxabiv1::__class_type_info const*, void const*, __cxxabiv1::__class_type_info const*, void const*, __cxxabiv1::__class_type_info::__dyncast_result&) const
 .text._ZNK10__cxxabiv120__si_class_type_info11__do_upcastEPKNS_17__class_type_infoEPKvRNS1_15__upcast_resultE
                0x00003448       0x2c c:/program files (x86)/gnu tools arm embedded/6 2017-q2-update/bin/../lib/gcc/arm-none-eabi/6.3.1/../../../../arm-none-eabi/lib/thumb/v7-m\libstdc++.a(si_class_type_info.o)
                0x00003448                __cxxabiv1::__si_class_type_info::__do_upcast(__cxxabiv1::__class_type_info const*, void const*, __cxxabiv1::__class_type_info::__upcast_result&) const
 .text._ZdlPvj  0x00003474        0x4 c:/program files (x86)/gnu tools arm embedded/6 2017-q2-update/bin/../lib/gcc/arm-none-eabi/6.3.1/../../../../arm-none-eabi/lib/thumb/v7-m\libstdc++.a(del_ops.o)
                0x00003474                operator delete(void*, unsigned int)
 .text._ZL28read_encoded_value_with_basehjPKhPj
                0x00003478       0xc0 c:/program files (x86)/gnu tools arm embedded/6 2017-q2-update/bin/../lib/gcc/arm-none-eabi/6.3.1/../../../../arm-none-eabi/lib/thumb/v7-m\libstdc++.a(eh_personality.o)
 .text._ZL21base_of_encoded_valuehP15_Unwind_Context
                0x00003538       0x40 c:/program files (x86)/gnu tools arm embedded/6 2017-q2-update/bin/../lib/gcc/arm-none-eabi/6.3.1/../../../../arm-none-eabi/lib/thumb/v7-m\libstdc++.a(eh_personality.o)
 .text._ZL17parse_lsda_headerP15_Unwind_ContextPKhP16lsda_header_info
                0x00003578       0x94 c:/program files (x86)/gnu tools arm embedded/6 2017-q2-update/bin/../lib/gcc/arm-none-eabi/6.3.1/../../../../arm-none-eabi/lib/thumb/v7-m\libstdc++.a(eh_personality.o)
 .text.__gxx_personality_v0
                0x0000360c      0x4bc c:/program files (x86)/gnu tools arm embedded/6 2017-q2-update/bin/../lib/gcc/arm-none-eabi/6.3.1/../../../../arm-none-eabi/lib/thumb/v7-m\libstdc++.a(eh_personality.o)
                0x0000360c                __gxx_personality_v0
 .text._ZN10__cxxabiv111__terminateEPFvvE
                0x00003ac8       0x28 c:/program files (x86)/gnu tools arm embedded/6 2017-q2-update/bin/../lib/gcc/arm-none-eabi/6.3.1/../../../../arm-none-eabi/lib/thumb/v7-m\libstdc++.a(eh_terminate.o)
                0x00003ac8                __cxxabiv1::__terminate(void (*)())
 .text._ZSt9terminatev
                0x00003af0       0x14 c:/program files (x86)/gnu tools arm embedded/6 2017-q2-update/bin/../lib/gcc/arm-none-eabi/6.3.1/../../../../arm-none-eabi/lib/thumb/v7-m\libstdc++.a(eh_terminate.o)
                0x00003af0                std::terminate()
 .text._ZN10__cxxabiv112__unexpectedEPFvvE
                0x00003b04        0x8 c:/program files (x86)/gnu tools arm embedded/6 2017-q2-update/bin/../lib/gcc/arm-none-eabi/6.3.1/../../../../arm-none-eabi/lib/thumb/v7-m\libstdc++.a(eh_terminate.o)
                0x00003b04                __cxxabiv1::__unexpected(void (*)())
 .text._ZSt10unexpectedv
                0x00003b0c       0x14 c:/program files (x86)/gnu tools arm embedded/6 2017-q2-update/bin/../lib/gcc/arm-none-eabi/6.3.1/../../../../arm-none-eabi/lib/thumb/v7-m\libstdc++.a(eh_terminate.o)
                0x00003b0c                std::unexpected()
 .text._ZSt13get_terminatev
                0x00003b20       0x10 c:/program files (x86)/gnu tools arm embedded/6 2017-q2-update/bin/../lib/gcc/arm-none-eabi/6.3.1/../../../../arm-none-eabi/lib/thumb/v7-m\libstdc++.a(eh_terminate.o)
                0x00003b20                std::get_terminate()
 .text._ZSt14get_unexpectedv
                0x00003b30       0x10 c:/program files (x86)/gnu tools arm embedded/6 2017-q2-update/bin/../lib/gcc/arm-none-eabi/6.3.1/../../../../arm-none-eabi/lib/thumb/v7-m\libstdc++.a(eh_terminate.o)
                0x00003b30                std::get_unexpected()
 .text._ZdlPv   0x00003b40        0x4 c:/program files (x86)/gnu tools arm embedded/6 2017-q2-update/bin/../lib/gcc/arm-none-eabi/6.3.1/../../../../arm-none-eabi/lib/thumb/v7-m\libstdc++.a(del_op.o)
                0x00003b40                operator delete(void*)
 .text._ZN10__cxxabiv121__vmi_class_type_infoD2Ev
                0x00003b44       0x14 c:/program files (x86)/gnu tools arm embedded/6 2017-q2-update/bin/../lib/gcc/arm-none-eabi/6.3.1/../../../../arm-none-eabi/lib/thumb/v7-m\libstdc++.a(vmi_class_type_info.o)
                0x00003b44                __cxxabiv1::__vmi_class_type_info::~__vmi_class_type_info()
                0x00003b44                __cxxabiv1::__vmi_class_type_info::~__vmi_class_type_info()
 .text._ZN10__cxxabiv121__vmi_class_type_infoD0Ev
                0x00003b58       0x1c c:/program files (x86)/gnu tools arm embedded/6 2017-q2-update/bin/../lib/gcc/arm-none-eabi/6.3.1/../../../../arm-none-eabi/lib/thumb/v7-m\libstdc++.a(vmi_class_type_info.o)
                0x00003b58                __cxxabiv1::__vmi_class_type_info::~__vmi_class_type_info()
 .text._ZNK10__cxxabiv121__vmi_class_type_info20__do_find_public_srcEiPKvPKNS_17__class_type_infoES2_
                0x00003b74       0x7c c:/program files (x86)/gnu tools arm embedded/6 2017-q2-update/bin/../lib/gcc/arm-none-eabi/6.3.1/../../../../arm-none-eabi/lib/thumb/v7-m\libstdc++.a(vmi_class_type_info.o)
                0x00003b74                __cxxabiv1::__vmi_class_type_info::__do_find_public_src(int, void const*, __cxxabiv1::__class_type_info const*, void const*) const
 .text._ZNK10__cxxabiv121__vmi_class_type_info12__do_dyncastEiNS_17__class_type_info10__sub_kindEPKS1_PKvS4_S6_RNS1_16__dyncast_resultE
                0x00003bf0      0x390 c:/program files (x86)/gnu tools arm embedded/6 2017-q2-update/bin/../lib/gcc/arm-none-eabi/6.3.1/../../../../arm-none-eabi/lib/thumb/v7-m\libstdc++.a(vmi_class_type_info.o)
                0x00003bf0                __cxxabiv1::__vmi_class_type_info::__do_dyncast(int, __cxxabiv1::__class_type_info::__sub_kind, __cxxabiv1::__class_type_info const*, void const*, __cxxabiv1::__class_type_info const*, void const*, __cxxabiv1::__class_type_info::__dyncast_result&) const
 .text._ZNK10__cxxabiv121__vmi_class_type_info11__do_upcastEPKNS_17__class_type_infoEPKvRNS1_15__upcast_resultE
                0x00003f80      0x150 c:/program files (x86)/gnu tools arm embedded/6 2017-q2-update/bin/../lib/gcc/arm-none-eabi/6.3.1/../../../../arm-none-eabi/lib/thumb/v7-m\libstdc++.a(vmi_class_type_info.o)
                0x00003f80                __cxxabiv1::__vmi_class_type_info::__do_upcast(__cxxabiv1::__class_type_info const*, void const*, __cxxabiv1::__class_type_info::__upcast_result&) const
 .text._ZNSt9type_infoD2Ev
                0x000040d0        0x4 c:/program files (x86)/gnu tools arm embedded/6 2017-q2-update/bin/../lib/gcc/arm-none-eabi/6.3.1/../../../../arm-none-eabi/lib/thumb/v7-m\libstdc++.a(tinfo.o)
                0x000040d0                std::type_info::~type_info()
                0x000040d0                std::type_info::~type_info()
 .text._ZNKSt9type_info15__is_function_pEv
                0x000040d4        0x4 c:/program files (x86)/gnu tools arm embedded/6 2017-q2-update/bin/../lib/gcc/arm-none-eabi/6.3.1/../../../../arm-none-eabi/lib/thumb/v7-m\libstdc++.a(tinfo.o)
                0x000040d4                std::type_info::__is_pointer_p() const
                0x000040d4                std::type_info::__is_function_p() const
 .text._ZNKSt9type_infoeqERKS_
                0x000040d8       0x2c c:/program files (x86)/gnu tools arm embedded/6 2017-q2-update/bin/../lib/gcc/arm-none-eabi/6.3.1/../../../../arm-none-eabi/lib/thumb/v7-m\libstdc++.a(tinfo.o)
                0x000040d8                std::type_info::operator==(std::type_info const&) const
 .text.__cxa_end_cleanup
                0x00004104        0xc c:/program files (x86)/gnu tools arm embedded/6 2017-q2-update/bin/../lib/gcc/arm-none-eabi/6.3.1/../../../../arm-none-eabi/lib/thumb/v7-m\libstdc++.a(eh_arm.o)
                0x00004104                __cxa_end_cleanup
 .text.__cxa_type_match
                0x00004110       0xb8 c:/program files (x86)/gnu tools arm embedded/6 2017-q2-update/bin/../lib/gcc/arm-none-eabi/6.3.1/../../../../arm-none-eabi/lib/thumb/v7-m\libstdc++.a(eh_arm.o)
                0x00004110                __cxa_type_match
 .text.__cxa_begin_cleanup
                0x000041c8       0x64 c:/program files (x86)/gnu tools arm embedded/6 2017-q2-update/bin/../lib/gcc/arm-none-eabi/6.3.1/../../../../arm-none-eabi/lib/thumb/v7-m\libstdc++.a(eh_arm.o)
                0x000041c8                __cxa_begin_cleanup
 .text.__gnu_end_cleanup
                0x0000422c       0x70 c:/program files (x86)/gnu tools arm embedded/6 2017-q2-update/bin/../lib/gcc/arm-none-eabi/6.3.1/../../../../arm-none-eabi/lib/thumb/v7-m\libstdc++.a(eh_arm.o)
                0x0000422c                __gnu_end_cleanup
 .text.__cxa_get_globals_fast
                0x0000429c        0x8 c:/program files (x86)/gnu tools arm embedded/6 2017-q2-update/bin/../lib/gcc/arm-none-eabi/6.3.1/../../../../arm-none-eabi/lib/thumb/v7-m\libstdc++.a(eh_globals.o)
                0x0000429c                __cxa_get_globals_fast
 .text.__cxa_get_globals
                0x000042a4        0x8 c:/program files (x86)/gnu tools arm embedded/6 2017-q2-update/bin/../lib/gcc/arm-none-eabi/6.3.1/../../../../arm-none-eabi/lib/thumb/v7-m\libstdc++.a(eh_globals.o)
                0x000042a4                __cxa_get_globals
 .text._ZNSt13bad_exceptionD2Ev
                0x000042ac        0x4 c:/program files (x86)/gnu tools arm embedded/6 2017-q2-update/bin/../lib/gcc/arm-none-eabi/6.3.1/../../../../arm-none-eabi/lib/thumb/v7-m\libstdc++.a(eh_exception.o)
                0x000042ac                std::bad_exception::~bad_exception()
                0x000042ac                std::bad_exception::~bad_exception()
 .text._ZGTtNKSt13bad_exception4whatEv
                0x000042b0        0x8 c:/program files (x86)/gnu tools arm embedded/6 2017-q2-update/bin/../lib/gcc/arm-none-eabi/6.3.1/../../../../arm-none-eabi/lib/thumb/v7-m\libstdc++.a(eh_exception.o)
                0x000042b0                std::bad_exception::what() const
                0x000042b0                transaction clone for std::bad_exception::what() const
 .text._ZNSt13bad_exceptionD0Ev
                0x000042b8       0x10 c:/program files (x86)/gnu tools arm embedded/6 2017-q2-update/bin/../lib/gcc/arm-none-eabi/6.3.1/../../../../arm-none-eabi/lib/thumb/v7-m\libstdc++.a(eh_exception.o)
                0x000042b8                std::bad_exception::~bad_exception()
 .text._ZN10__cxxabiv1L24__is_gxx_exception_classEPc
                0x000042c8       0x3c c:/program files (x86)/gnu tools arm embedded/6 2017-q2-update/bin/../lib/gcc/arm-none-eabi/6.3.1/../../../../arm-none-eabi/lib/thumb/v7-m\libstdc++.a(eh_call.o)
 .text.__cxa_call_terminate
                0x00004304       0x20 c:/program files (x86)/gnu tools arm embedded/6 2017-q2-update/bin/../lib/gcc/arm-none-eabi/6.3.1/../../../../arm-none-eabi/lib/thumb/v7-m\libstdc++.a(eh_call.o)
                0x00004304                __cxa_call_terminate
 .text.__cxa_call_unexpected
                0x00004324       0xe4 c:/program files (x86)/gnu tools arm embedded/6 2017-q2-update/bin/../lib/gcc/arm-none-eabi/6.3.1/../../../../arm-none-eabi/lib/thumb/v7-m\libstdc++.a(eh_call.o)
                0x00004324                __cxa_call_unexpected
 .text.fabs     0x00004408        0x8 c:/program files (x86)/gnu tools arm embedded/6 2017-q2-update/bin/../lib/gcc/arm-none-eabi/6.3.1/../../../../arm-none-eabi/lib/thumb/v7-m\libm.a(lib_a-s_fabs.o)
                0x00004408                fabs
 .text.abort    0x00004410       0x10 c:/program files (x86)/gnu tools arm embedded/6 2017-q2-update/bin/../lib/gcc/arm-none-eabi/6.3.1/../../../../arm-none-eabi/lib/thumb/v7-m\libc.a(lib_a-abort.o)
                0x00004410                abort
 .text.__cxa_atexit
                0x00004420        0xc c:/program files (x86)/gnu tools arm embedded/6 2017-q2-update/bin/../lib/gcc/arm-none-eabi/6.3.1/../../../../arm-none-eabi/lib/thumb/v7-m\libc.a(lib_a-cxa_atexit.o)
                0x00004420                __cxa_atexit
 .text.__errno  0x0000442c        0xc c:/program files (x86)/gnu tools arm embedded/6 2017-q2-update/bin/../lib/gcc/arm-none-eabi/6.3.1/../../../../arm-none-eabi/lib/thumb/v7-m\libc.a(lib_a-errno.o)
                0x0000442c                __errno
 .text._fclose_r
                0x00004438       0xc4 c:/program files (x86)/gnu tools arm embedded/6 2017-q2-update/bin/../lib/gcc/arm-none-eabi/6.3.1/../../../../arm-none-eabi/lib/thumb/v7-m\libc.a(lib_a-fclose.o)
                0x00004438                _fclose_r
 .text.fclose   0x000044fc       0x10 c:/program files (x86)/gnu tools arm embedded/6 2017-q2-update/bin/../lib/gcc/arm-none-eabi/6.3.1/../../../../arm-none-eabi/lib/thumb/v7-m\libc.a(lib_a-fclose.o)
                0x000044fc                fclose
 .text.__sflush_r
                0x0000450c      0x138 c:/program files (x86)/gnu tools arm embedded/6 2017-q2-update/bin/../lib/gcc/arm-none-eabi/6.3.1/../../../../arm-none-eabi/lib/thumb/v7-m\libc.a(lib_a-fflush.o)
                0x0000450c                __sflush_r
 .text._fflush_r
                0x00004644       0x54 c:/program files (x86)/gnu tools arm embedded/6 2017-q2-update/bin/../lib/gcc/arm-none-eabi/6.3.1/../../../../arm-none-eabi/lib/thumb/v7-m\libc.a(lib_a-fflush.o)
                0x00004644                _fflush_r
 .text.fflush   0x00004698       0x24 c:/program files (x86)/gnu tools arm embedded/6 2017-q2-update/bin/../lib/gcc/arm-none-eabi/6.3.1/../../../../arm-none-eabi/lib/thumb/v7-m\libc.a(lib_a-fflush.o)
                0x00004698                fflush
 .text.fgetc    0x000046bc       0x70 c:/program files (x86)/gnu tools arm embedded/6 2017-q2-update/bin/../lib/gcc/arm-none-eabi/6.3.1/../../../../arm-none-eabi/lib/thumb/v7-m\libc.a(lib_a-fgetc.o)
                0x000046bc                fgetc
 .text._cleanup_r
                0x0000472c        0xc c:/program files (x86)/gnu tools arm embedded/6 2017-q2-update/bin/../lib/gcc/arm-none-eabi/6.3.1/../../../../arm-none-eabi/lib/thumb/v7-m\libc.a(lib_a-findfp.o)
                0x0000472c                _cleanup_r
 .text.std.isra.0
                0x00004738       0x50 c:/program files (x86)/gnu tools arm embedded/6 2017-q2-update/bin/../lib/gcc/arm-none-eabi/6.3.1/../../../../arm-none-eabi/lib/thumb/v7-m\libc.a(lib_a-findfp.o)
 .text.__sfmoreglue
                0x00004788       0x30 c:/program files (x86)/gnu tools arm embedded/6 2017-q2-update/bin/../lib/gcc/arm-none-eabi/6.3.1/../../../../arm-none-eabi/lib/thumb/v7-m\libc.a(lib_a-findfp.o)
                0x00004788                __sfmoreglue
 .text.__sinit  0x000047b8       0x60 c:/program files (x86)/gnu tools arm embedded/6 2017-q2-update/bin/../lib/gcc/arm-none-eabi/6.3.1/../../../../arm-none-eabi/lib/thumb/v7-m\libc.a(lib_a-findfp.o)
                0x000047b8                __sinit
 .text.__sfp    0x00004818       0xa8 c:/program files (x86)/gnu tools arm embedded/6 2017-q2-update/bin/../lib/gcc/arm-none-eabi/6.3.1/../../../../arm-none-eabi/lib/thumb/v7-m\libc.a(lib_a-findfp.o)
                0x00004818                __sfp
 .text.__sfp_lock_acquire
                0x000048c0        0xc c:/program files (x86)/gnu tools arm embedded/6 2017-q2-update/bin/../lib/gcc/arm-none-eabi/6.3.1/../../../../arm-none-eabi/lib/thumb/v7-m\libc.a(lib_a-findfp.o)
                0x000048c0                __sfp_lock_acquire
 .text.__sfp_lock_release
                0x000048cc        0xc c:/program files (x86)/gnu tools arm embedded/6 2017-q2-update/bin/../lib/gcc/arm-none-eabi/6.3.1/../../../../arm-none-eabi/lib/thumb/v7-m\libc.a(lib_a-findfp.o)
                0x000048cc                __sfp_lock_release
 .text._fopen_r
                0x000048d8       0xc0 c:/program files (x86)/gnu tools arm embedded/6 2017-q2-update/bin/../lib/gcc/arm-none-eabi/6.3.1/../../../../arm-none-eabi/lib/thumb/v7-m\libc.a(lib_a-fopen.o)
                0x000048d8                _fopen_r
 .text.fopen    0x00004998       0x10 c:/program files (x86)/gnu tools arm embedded/6 2017-q2-update/bin/../lib/gcc/arm-none-eabi/6.3.1/../../../../arm-none-eabi/lib/thumb/v7-m\libc.a(lib_a-fopen.o)
                0x00004998                fopen
 .text.fprintf  0x000049a8       0x28 c:/program files (x86)/gnu tools arm embedded/6 2017-q2-update/bin/../lib/gcc/arm-none-eabi/6.3.1/../../../../arm-none-eabi/lib/thumb/v7-m\libc.a(lib_a-fprintf.o)
                0x000049a8                fprintf
 .text.fputc    0x000049d0       0x58 c:/program files (x86)/gnu tools arm embedded/6 2017-q2-update/bin/../lib/gcc/arm-none-eabi/6.3.1/../../../../arm-none-eabi/lib/thumb/v7-m\libc.a(lib_a-fputc.o)
                0x000049d0                fputc
 .text._malloc_trim_r
                0x00004a28       0xa0 c:/program files (x86)/gnu tools arm embedded/6 2017-q2-update/bin/../lib/gcc/arm-none-eabi/6.3.1/../../../../arm-none-eabi/lib/thumb/v7-m\libc.a(lib_a-freer.o)
                0x00004a28                _malloc_trim_r
 .text._free_r  0x00004ac8      0x1cc c:/program files (x86)/gnu tools arm embedded/6 2017-q2-update/bin/../lib/gcc/arm-none-eabi/6.3.1/../../../../arm-none-eabi/lib/thumb/v7-m\libc.a(lib_a-freer.o)
                0x00004ac8                _free_r
 .text._fseek_r
                0x00004c94        0x4 c:/program files (x86)/gnu tools arm embedded/6 2017-q2-update/bin/../lib/gcc/arm-none-eabi/6.3.1/../../../../arm-none-eabi/lib/thumb/v7-m\libc.a(lib_a-fseek.o)
                0x00004c94                _fseek_r
 .text._fseeko_r
                0x00004c98      0x328 c:/program files (x86)/gnu tools arm embedded/6 2017-q2-update/bin/../lib/gcc/arm-none-eabi/6.3.1/../../../../arm-none-eabi/lib/thumb/v7-m\libc.a(lib_a-fseeko.o)
                0x00004c98                _fseeko_r
 .text._fstat_r
                0x00004fc0       0x28 c:/program files (x86)/gnu tools arm embedded/6 2017-q2-update/bin/../lib/gcc/arm-none-eabi/6.3.1/../../../../arm-none-eabi/lib/thumb/v7-m\libc.a(lib_a-fstatr.o)
                0x00004fc0                _fstat_r
 .text.__sfvwrite_r
                0x00004fe8      0x2f4 c:/program files (x86)/gnu tools arm embedded/6 2017-q2-update/bin/../lib/gcc/arm-none-eabi/6.3.1/../../../../arm-none-eabi/lib/thumb/v7-m\libc.a(lib_a-fvwrite.o)
                0x00004fe8                __sfvwrite_r
 .text._fwalk   0x000052dc       0x48 c:/program files (x86)/gnu tools arm embedded/6 2017-q2-update/bin/../lib/gcc/arm-none-eabi/6.3.1/../../../../arm-none-eabi/lib/thumb/v7-m\libc.a(lib_a-fwalk.o)
                0x000052dc                _fwalk
 .text._fwalk_reent
                0x00005324       0x50 c:/program files (x86)/gnu tools arm embedded/6 2017-q2-update/bin/../lib/gcc/arm-none-eabi/6.3.1/../../../../arm-none-eabi/lib/thumb/v7-m\libc.a(lib_a-fwalk.o)
                0x00005324                _fwalk_reent
 .text.__libc_init_array
                0x00005374       0x50 c:/program files (x86)/gnu tools arm embedded/6 2017-q2-update/bin/../lib/gcc/arm-none-eabi/6.3.1/../../../../arm-none-eabi/lib/thumb/v7-m\libc.a(lib_a-init.o)
                0x00005374                __libc_init_array
 .text.__retarget_lock_init_recursive
                0x000053c4        0x4 c:/program files (x86)/gnu tools arm embedded/6 2017-q2-update/bin/../lib/gcc/arm-none-eabi/6.3.1/../../../../arm-none-eabi/lib/thumb/v7-m\libc.a(lib_a-lock.o)
                0x000053c4                __retarget_lock_init_recursive
 .text.__retarget_lock_close_recursive
                0x000053c8        0x4 c:/program files (x86)/gnu tools arm embedded/6 2017-q2-update/bin/../lib/gcc/arm-none-eabi/6.3.1/../../../../arm-none-eabi/lib/thumb/v7-m\libc.a(lib_a-lock.o)
                0x000053c8                __retarget_lock_close_recursive
 .text.__retarget_lock_acquire_recursive
                0x000053cc        0x4 c:/program files (x86)/gnu tools arm embedded/6 2017-q2-update/bin/../lib/gcc/arm-none-eabi/6.3.1/../../../../arm-none-eabi/lib/thumb/v7-m\libc.a(lib_a-lock.o)
                0x000053cc                __retarget_lock_acquire_recursive
 .text.__retarget_lock_release_recursive
                0x000053d0        0x4 c:/program files (x86)/gnu tools arm embedded/6 2017-q2-update/bin/../lib/gcc/arm-none-eabi/6.3.1/../../../../arm-none-eabi/lib/thumb/v7-m\libc.a(lib_a-lock.o)
                0x000053d0                __retarget_lock_release_recursive
 .text.__swhatbuf_r
                0x000053d4       0x5c c:/program files (x86)/gnu tools arm embedded/6 2017-q2-update/bin/../lib/gcc/arm-none-eabi/6.3.1/../../../../arm-none-eabi/lib/thumb/v7-m\libc.a(lib_a-makebuf.o)
                0x000053d4                __swhatbuf_r
 .text.__smakebuf_r
                0x00005430       0x94 c:/program files (x86)/gnu tools arm embedded/6 2017-q2-update/bin/../lib/gcc/arm-none-eabi/6.3.1/../../../../arm-none-eabi/lib/thumb/v7-m\libc.a(lib_a-makebuf.o)
                0x00005430                __smakebuf_r
 .text.malloc   0x000054c4       0x10 c:/program files (x86)/gnu tools arm embedded/6 2017-q2-update/bin/../lib/gcc/arm-none-eabi/6.3.1/../../../../arm-none-eabi/lib/thumb/v7-m\libc.a(lib_a-malloc.o)
                0x000054c4                malloc
 .text.free     0x000054d4       0x10 c:/program files (x86)/gnu tools arm embedded/6 2017-q2-update/bin/../lib/gcc/arm-none-eabi/6.3.1/../../../../arm-none-eabi/lib/thumb/v7-m\libc.a(lib_a-malloc.o)
                0x000054d4                free
 .text._malloc_r
                0x000054e4      0x544 c:/program files (x86)/gnu tools arm embedded/6 2017-q2-update/bin/../lib/gcc/arm-none-eabi/6.3.1/../../../../arm-none-eabi/lib/thumb/v7-m\libc.a(lib_a-mallocr.o)
                0x000054e4                _malloc_r
 .text.memchr   0x00005a28       0x8c c:/program files (x86)/gnu tools arm embedded/6 2017-q2-update/bin/../lib/gcc/arm-none-eabi/6.3.1/../../../../arm-none-eabi/lib/thumb/v7-m\libc.a(lib_a-memchr-stub.o)
                0x00005a28                memchr
 .text          0x00005ab4       0xec c:/program files (x86)/gnu tools arm embedded/6 2017-q2-update/bin/../lib/gcc/arm-none-eabi/6.3.1/../../../../arm-none-eabi/lib/thumb/v7-m\libc.a(lib_a-memcpy.o)
                0x00005ab4                memcpy
 .text.memmove  0x00005ba0       0xc8 c:/program files (x86)/gnu tools arm embedded/6 2017-q2-update/bin/../lib/gcc/arm-none-eabi/6.3.1/../../../../arm-none-eabi/lib/thumb/v7-m\libc.a(lib_a-memmove.o)
                0x00005ba0                memmove
 .text.memset   0x00005c68       0x9c c:/program files (x86)/gnu tools arm embedded/6 2017-q2-update/bin/../lib/gcc/arm-none-eabi/6.3.1/../../../../arm-none-eabi/lib/thumb/v7-m\libc.a(lib_a-memset.o)
                0x00005c68                memset
 .text.__malloc_lock
                0x00005d04        0xc c:/program files (x86)/gnu tools arm embedded/6 2017-q2-update/bin/../lib/gcc/arm-none-eabi/6.3.1/../../../../arm-none-eabi/lib/thumb/v7-m\libc.a(lib_a-mlock.o)
                0x00005d04                __malloc_lock
 .text.__malloc_unlock
                0x00005d10        0xc c:/program files (x86)/gnu tools arm embedded/6 2017-q2-update/bin/../lib/gcc/arm-none-eabi/6.3.1/../../../../arm-none-eabi/lib/thumb/v7-m\libc.a(lib_a-mlock.o)
                0x00005d10                __malloc_unlock
 .text._open_r  0x00005d1c       0x2c c:/program files (x86)/gnu tools arm embedded/6 2017-q2-update/bin/../lib/gcc/arm-none-eabi/6.3.1/../../../../arm-none-eabi/lib/thumb/v7-m\libc.a(lib_a-openr.o)
                0x00005d1c                _open_r
 .text._putc_r  0x00005d48       0x70 c:/program files (x86)/gnu tools arm embedded/6 2017-q2-update/bin/../lib/gcc/arm-none-eabi/6.3.1/../../../../arm-none-eabi/lib/thumb/v7-m\libc.a(lib_a-putc.o)
                0x00005d48                _putc_r
 .text._realloc_r
                0x00005db8      0x36c c:/program files (x86)/gnu tools arm embedded/6 2017-q2-update/bin/../lib/gcc/arm-none-eabi/6.3.1/../../../../arm-none-eabi/lib/thumb/v7-m\libc.a(lib_a-reallocr.o)
                0x00005db8                _realloc_r
 .text.lflush   0x00006124       0x14 c:/program files (x86)/gnu tools arm embedded/6 2017-q2-update/bin/../lib/gcc/arm-none-eabi/6.3.1/../../../../arm-none-eabi/lib/thumb/v7-m\libc.a(lib_a-refill.o)
 .text.__srefill_r
                0x00006138      0x118 c:/program files (x86)/gnu tools arm embedded/6 2017-q2-update/bin/../lib/gcc/arm-none-eabi/6.3.1/../../../../arm-none-eabi/lib/thumb/v7-m\libc.a(lib_a-refill.o)
                0x00006138                __srefill_r
 .text.__srget_r
                0x00006250       0x34 c:/program files (x86)/gnu tools arm embedded/6 2017-q2-update/bin/../lib/gcc/arm-none-eabi/6.3.1/../../../../arm-none-eabi/lib/thumb/v7-m\libc.a(lib_a-rget.o)
                0x00006250                __srget_r
 .text._sbrk_r  0x00006284       0x24 c:/program files (x86)/gnu tools arm embedded/6 2017-q2-update/bin/../lib/gcc/arm-none-eabi/6.3.1/../../../../arm-none-eabi/lib/thumb/v7-m\libc.a(lib_a-sbrkr.o)
                0x00006284                _sbrk_r
 .text.setbuf   0x000062a8       0x10 c:/program files (x86)/gnu tools arm embedded/6 2017-q2-update/bin/../lib/gcc/arm-none-eabi/6.3.1/../../../../arm-none-eabi/lib/thumb/v7-m\libc.a(lib_a-setbuf.o)
                0x000062a8                setbuf
 .text.setvbuf  0x000062b8      0x190 c:/program files (x86)/gnu tools arm embedded/6 2017-q2-update/bin/../lib/gcc/arm-none-eabi/6.3.1/../../../../arm-none-eabi/lib/thumb/v7-m\libc.a(lib_a-setvbuf.o)
                0x000062b8                setvbuf
 .text._raise_r
                0x00006448       0x60 c:/program files (x86)/gnu tools arm embedded/6 2017-q2-update/bin/../lib/gcc/arm-none-eabi/6.3.1/../../../../arm-none-eabi/lib/thumb/v7-m\libc.a(lib_a-signal.o)
                0x00006448                _raise_r
 .text.raise    0x000064a8       0x10 c:/program files (x86)/gnu tools arm embedded/6 2017-q2-update/bin/../lib/gcc/arm-none-eabi/6.3.1/../../../../arm-none-eabi/lib/thumb/v7-m\libc.a(lib_a-signal.o)
                0x000064a8                raise
 .text._kill_r  0x000064b8       0x28 c:/program files (x86)/gnu tools arm embedded/6 2017-q2-update/bin/../lib/gcc/arm-none-eabi/6.3.1/../../../../arm-none-eabi/lib/thumb/v7-m\libc.a(lib_a-signalr.o)
                0x000064b8                _kill_r
 .text._getpid_r
                0x000064e0        0x4 c:/program files (x86)/gnu tools arm embedded/6 2017-q2-update/bin/../lib/gcc/arm-none-eabi/6.3.1/../../../../arm-none-eabi/lib/thumb/v7-m\libc.a(lib_a-signalr.o)
                0x000064e0                _getpid_r
 .text.sprintf  0x000064e4       0x4c c:/program files (x86)/gnu tools arm embedded/6 2017-q2-update/bin/../lib/gcc/arm-none-eabi/6.3.1/../../../../arm-none-eabi/lib/thumb/v7-m\libc.a(lib_a-sprintf.o)
                0x000064e4                sprintf
 .text.sscanf   0x00006530       0x58 c:/program files (x86)/gnu tools arm embedded/6 2017-q2-update/bin/../lib/gcc/arm-none-eabi/6.3.1/../../../../arm-none-eabi/lib/thumb/v7-m\libc.a(lib_a-sscanf.o)
                0x00006530                sscanf
 .text.__sread  0x00006588       0x24 c:/program files (x86)/gnu tools arm embedded/6 2017-q2-update/bin/../lib/gcc/arm-none-eabi/6.3.1/../../../../arm-none-eabi/lib/thumb/v7-m\libc.a(lib_a-stdio.o)
                0x00006588                __sread
 .text.__seofread
                0x000065ac        0x4 c:/program files (x86)/gnu tools arm embedded/6 2017-q2-update/bin/../lib/gcc/arm-none-eabi/6.3.1/../../../../arm-none-eabi/lib/thumb/v7-m\libc.a(lib_a-stdio.o)
                0x000065ac                __seofread
 .text.__swrite
                0x000065b0       0x3c c:/program files (x86)/gnu tools arm embedded/6 2017-q2-update/bin/../lib/gcc/arm-none-eabi/6.3.1/../../../../arm-none-eabi/lib/thumb/v7-m\libc.a(lib_a-stdio.o)
                0x000065b0                __swrite
 .text.__sseek  0x000065ec       0x20 c:/program files (x86)/gnu tools arm embedded/6 2017-q2-update/bin/../lib/gcc/arm-none-eabi/6.3.1/../../../../arm-none-eabi/lib/thumb/v7-m\libc.a(lib_a-stdio.o)
                0x000065ec                __sseek
 .text.__sclose
                0x0000660c        0x8 c:/program files (x86)/gnu tools arm embedded/6 2017-q2-update/bin/../lib/gcc/arm-none-eabi/6.3.1/../../../../arm-none-eabi/lib/thumb/v7-m\libc.a(lib_a-stdio.o)
                0x0000660c                __sclose
 .text          0x00006614      0x1bc c:/program files (x86)/gnu tools arm embedded/6 2017-q2-update/bin/../lib/gcc/arm-none-eabi/6.3.1/../../../../arm-none-eabi/lib/thumb/v7-m\libc.a(lib_a-strcmp.o)
                0x00006614                strcmp
 .text.strlen   0x000067d0       0x5c c:/program files (x86)/gnu tools arm embedded/6 2017-q2-update/bin/../lib/gcc/arm-none-eabi/6.3.1/../../../../arm-none-eabi/lib/thumb/v7-m\libc.a(lib_a-strlen-stub.o)
                0x000067d0                strlen
 .text.strncmp  0x0000682c       0xa0 c:/program files (x86)/gnu tools arm embedded/6 2017-q2-update/bin/../lib/gcc/arm-none-eabi/6.3.1/../../../../arm-none-eabi/lib/thumb/v7-m\libc.a(lib_a-strncmp.o)
                0x0000682c                strncmp
 .text._svfprintf_r
                0x000068cc     0x1500 c:/program files (x86)/gnu tools arm embedded/6 2017-q2-update/bin/../lib/gcc/arm-none-eabi/6.3.1/../../../../arm-none-eabi/lib/thumb/v7-m\libc.a(lib_a-svfprintf.o)
                0x000068cc                _svfprintf_r
 .text.__ssvfscanf_r
                0x00007dcc      0xe18 c:/program files (x86)/gnu tools arm embedded/6 2017-q2-update/bin/../lib/gcc/arm-none-eabi/6.3.1/../../../../arm-none-eabi/lib/thumb/v7-m\libc.a(lib_a-svfscanf.o)
                0x00007dcc                __ssvfscanf_r
 .text._vfprintf_r
                0x00008be4     0x15e8 c:/program files (x86)/gnu tools arm embedded/6 2017-q2-update/bin/../lib/gcc/arm-none-eabi/6.3.1/../../../../arm-none-eabi/lib/thumb/v7-m\libc.a(lib_a-vfprintf.o)
                0x00008be4                _vfprintf_r
 .text.__sbprintf
                0x0000a1cc       0x88 c:/program files (x86)/gnu tools arm embedded/6 2017-q2-update/bin/../lib/gcc/arm-none-eabi/6.3.1/../../../../arm-none-eabi/lib/thumb/v7-m\libc.a(lib_a-vfprintf.o)
 .text.__swbuf_r
                0x0000a254       0xb0 c:/program files (x86)/gnu tools arm embedded/6 2017-q2-update/bin/../lib/gcc/arm-none-eabi/6.3.1/../../../../arm-none-eabi/lib/thumb/v7-m\libc.a(lib_a-wbuf.o)
                0x0000a254                __swbuf_r
 .text._write_r
                0x0000a304       0x2c c:/program files (x86)/gnu tools arm embedded/6 2017-q2-update/bin/../lib/gcc/arm-none-eabi/6.3.1/../../../../arm-none-eabi/lib/thumb/v7-m\libc.a(lib_a-writer.o)
                0x0000a304                _write_r
 .text.__swsetup_r
                0x0000a330       0xc8 c:/program files (x86)/gnu tools arm embedded/6 2017-q2-update/bin/../lib/gcc/arm-none-eabi/6.3.1/../../../../arm-none-eabi/lib/thumb/v7-m\libc.a(lib_a-wsetup.o)
                0x0000a330                __swsetup_r
 .text.__register_exitproc
                0x0000a3f8       0xc4 c:/program files (x86)/gnu tools arm embedded/6 2017-q2-update/bin/../lib/gcc/arm-none-eabi/6.3.1/../../../../arm-none-eabi/lib/thumb/v7-m\libc.a(lib_a-__atexit.o)
                0x0000a3f8                __register_exitproc
 .text.startup.register_fini
                0x0000a4bc       0x14 c:/program files (x86)/gnu tools arm embedded/6 2017-q2-update/bin/../lib/gcc/arm-none-eabi/6.3.1/../../../../arm-none-eabi/lib/thumb/v7-m\libc.a(lib_a-__call_atexit.o)
 .text.atexit   0x0000a4d0        0xc c:/program files (x86)/gnu tools arm embedded/6 2017-q2-update/bin/../lib/gcc/arm-none-eabi/6.3.1/../../../../arm-none-eabi/lib/thumb/v7-m\libc.a(lib_a-atexit.o)
                0x0000a4d0                atexit
 .text._close_r
                0x0000a4dc       0x24 c:/program files (x86)/gnu tools arm embedded/6 2017-q2-update/bin/../lib/gcc/arm-none-eabi/6.3.1/../../../../arm-none-eabi/lib/thumb/v7-m\libc.a(lib_a-closer.o)
                0x0000a4dc                _close_r
 .text.quorem   0x0000a500      0x128 c:/program files (x86)/gnu tools arm embedded/6 2017-q2-update/bin/../lib/gcc/arm-none-eabi/6.3.1/../../../../arm-none-eabi/lib/thumb/v7-m\libc.a(lib_a-dtoa.o)
 .text._dtoa_r  0x0000a628      0xe44 c:/program files (x86)/gnu tools arm embedded/6 2017-q2-update/bin/../lib/gcc/arm-none-eabi/6.3.1/../../../../arm-none-eabi/lib/thumb/v7-m\libc.a(lib_a-dtoa.o)
                0x0000a628                _dtoa_r
 .text.__libc_fini_array
                0x0000b46c       0x34 c:/program files (x86)/gnu tools arm embedded/6 2017-q2-update/bin/../lib/gcc/arm-none-eabi/6.3.1/../../../../arm-none-eabi/lib/thumb/v7-m\libc.a(lib_a-fini.o)
                0x0000b46c                __libc_fini_array
 .text.__sflags
                0x0000b4a0       0x78 c:/program files (x86)/gnu tools arm embedded/6 2017-q2-update/bin/../lib/gcc/arm-none-eabi/6.3.1/../../../../arm-none-eabi/lib/thumb/v7-m\libc.a(lib_a-flags.o)
                0x0000b4a0                __sflags
 .text._isatty_r
                0x0000b518       0x24 c:/program files (x86)/gnu tools arm embedded/6 2017-q2-update/bin/../lib/gcc/arm-none-eabi/6.3.1/../../../../arm-none-eabi/lib/thumb/v7-m\libc.a(lib_a-isattyr.o)
                0x0000b518                _isatty_r
 .text.iswspace
                0x0000b53c       0x1c c:/program files (x86)/gnu tools arm embedded/6 2017-q2-update/bin/../lib/gcc/arm-none-eabi/6.3.1/../../../../arm-none-eabi/lib/thumb/v7-m\libc.a(lib_a-iswspace.o)
                0x0000b53c                iswspace
 .text.__locale_mb_cur_max
                0x0000b558       0x1c c:/program files (x86)/gnu tools arm embedded/6 2017-q2-update/bin/../lib/gcc/arm-none-eabi/6.3.1/../../../../arm-none-eabi/lib/thumb/v7-m\libc.a(lib_a-locale.o)
                0x0000b558                __locale_mb_cur_max
 .text.__locale_ctype_ptr_l
                0x0000b574        0x8 c:/program files (x86)/gnu tools arm embedded/6 2017-q2-update/bin/../lib/gcc/arm-none-eabi/6.3.1/../../../../arm-none-eabi/lib/thumb/v7-m\libc.a(lib_a-locale.o)
                0x0000b574                __locale_ctype_ptr_l
 .text.__locale_ctype_ptr
                0x0000b57c       0x1c c:/program files (x86)/gnu tools arm embedded/6 2017-q2-update/bin/../lib/gcc/arm-none-eabi/6.3.1/../../../../arm-none-eabi/lib/thumb/v7-m\libc.a(lib_a-locale.o)
                0x0000b57c                __locale_ctype_ptr
 .text.__localeconv_l
                0x0000b598        0x4 c:/program files (x86)/gnu tools arm embedded/6 2017-q2-update/bin/../lib/gcc/arm-none-eabi/6.3.1/../../../../arm-none-eabi/lib/thumb/v7-m\libc.a(lib_a-localeconv.o)
                0x0000b598                __localeconv_l
 .text._localeconv_r
                0x0000b59c       0x1c c:/program files (x86)/gnu tools arm embedded/6 2017-q2-update/bin/../lib/gcc/arm-none-eabi/6.3.1/../../../../arm-none-eabi/lib/thumb/v7-m\libc.a(lib_a-localeconv.o)
                0x0000b59c                _localeconv_r
 .text._lseek_r
                0x0000b5b8       0x2c c:/program files (x86)/gnu tools arm embedded/6 2017-q2-update/bin/../lib/gcc/arm-none-eabi/6.3.1/../../../../arm-none-eabi/lib/thumb/v7-m\libc.a(lib_a-lseekr.o)
                0x0000b5b8                _lseek_r
 .text._mbrtowc_r
                0x0000b5e4       0x5c c:/program files (x86)/gnu tools arm embedded/6 2017-q2-update/bin/../lib/gcc/arm-none-eabi/6.3.1/../../../../arm-none-eabi/lib/thumb/v7-m\libc.a(lib_a-mbrtowc.o)
                0x0000b5e4                _mbrtowc_r
 .text.__ascii_mbtowc
                0x0000b640       0x2c c:/program files (x86)/gnu tools arm embedded/6 2017-q2-update/bin/../lib/gcc/arm-none-eabi/6.3.1/../../../../arm-none-eabi/lib/thumb/v7-m\libc.a(lib_a-mbtowc_r.o)
                0x0000b640                __ascii_mbtowc
 .text._Balloc  0x0000b66c       0x4c c:/program files (x86)/gnu tools arm embedded/6 2017-q2-update/bin/../lib/gcc/arm-none-eabi/6.3.1/../../../../arm-none-eabi/lib/thumb/v7-m\libc.a(lib_a-mprec.o)
                0x0000b66c                _Balloc
 .text._Bfree   0x0000b6b8       0x14 c:/program files (x86)/gnu tools arm embedded/6 2017-q2-update/bin/../lib/gcc/arm-none-eabi/6.3.1/../../../../arm-none-eabi/lib/thumb/v7-m\libc.a(lib_a-mprec.o)
                0x0000b6b8                _Bfree
 .text.__multadd
                0x0000b6cc       0x84 c:/program files (x86)/gnu tools arm embedded/6 2017-q2-update/bin/../lib/gcc/arm-none-eabi/6.3.1/../../../../arm-none-eabi/lib/thumb/v7-m\libc.a(lib_a-mprec.o)
                0x0000b6cc                __multadd
 .text.__s2b    0x0000b750       0x9c c:/program files (x86)/gnu tools arm embedded/6 2017-q2-update/bin/../lib/gcc/arm-none-eabi/6.3.1/../../../../arm-none-eabi/lib/thumb/v7-m\libc.a(lib_a-mprec.o)
                0x0000b750                __s2b
 .text.__hi0bits
                0x0000b7ec       0x40 c:/program files (x86)/gnu tools arm embedded/6 2017-q2-update/bin/../lib/gcc/arm-none-eabi/6.3.1/../../../../arm-none-eabi/lib/thumb/v7-m\libc.a(lib_a-mprec.o)
                0x0000b7ec                __hi0bits
 .text.__lo0bits
                0x0000b82c       0x60 c:/program files (x86)/gnu tools arm embedded/6 2017-q2-update/bin/../lib/gcc/arm-none-eabi/6.3.1/../../../../arm-none-eabi/lib/thumb/v7-m\libc.a(lib_a-mprec.o)
                0x0000b82c                __lo0bits
 .text.__i2b    0x0000b88c       0x14 c:/program files (x86)/gnu tools arm embedded/6 2017-q2-update/bin/../lib/gcc/arm-none-eabi/6.3.1/../../../../arm-none-eabi/lib/thumb/v7-m\libc.a(lib_a-mprec.o)
                0x0000b88c                __i2b
 .text.__multiply
                0x0000b8a0      0x124 c:/program files (x86)/gnu tools arm embedded/6 2017-q2-update/bin/../lib/gcc/arm-none-eabi/6.3.1/../../../../arm-none-eabi/lib/thumb/v7-m\libc.a(lib_a-mprec.o)
                0x0000b8a0                __multiply
 .text.__pow5mult
                0x0000b9c4       0xa0 c:/program files (x86)/gnu tools arm embedded/6 2017-q2-update/bin/../lib/gcc/arm-none-eabi/6.3.1/../../../../arm-none-eabi/lib/thumb/v7-m\libc.a(lib_a-mprec.o)
                0x0000b9c4                __pow5mult
 .text.__lshift
                0x0000ba64       0xa0 c:/program files (x86)/gnu tools arm embedded/6 2017-q2-update/bin/../lib/gcc/arm-none-eabi/6.3.1/../../../../arm-none-eabi/lib/thumb/v7-m\libc.a(lib_a-mprec.o)
                0x0000ba64                __lshift
 .text.__mcmp   0x0000bb04       0x38 c:/program files (x86)/gnu tools arm embedded/6 2017-q2-update/bin/../lib/gcc/arm-none-eabi/6.3.1/../../../../arm-none-eabi/lib/thumb/v7-m\libc.a(lib_a-mprec.o)
                0x0000bb04                __mcmp
 .text.__mdiff  0x0000bb3c      0x11c c:/program files (x86)/gnu tools arm embedded/6 2017-q2-update/bin/../lib/gcc/arm-none-eabi/6.3.1/../../../../arm-none-eabi/lib/thumb/v7-m\libc.a(lib_a-mprec.o)
                0x0000bb3c                __mdiff
 .text.__ulp    0x0000bc58       0x44 c:/program files (x86)/gnu tools arm embedded/6 2017-q2-update/bin/../lib/gcc/arm-none-eabi/6.3.1/../../../../arm-none-eabi/lib/thumb/v7-m\libc.a(lib_a-mprec.o)
                0x0000bc58                __ulp
 .text.__b2d    0x0000bc9c       0xd4 c:/program files (x86)/gnu tools arm embedded/6 2017-q2-update/bin/../lib/gcc/arm-none-eabi/6.3.1/../../../../arm-none-eabi/lib/thumb/v7-m\libc.a(lib_a-mprec.o)
                0x0000bc9c                __b2d
 .text.__d2b    0x0000bd70       0xa8 c:/program files (x86)/gnu tools arm embedded/6 2017-q2-update/bin/../lib/gcc/arm-none-eabi/6.3.1/../../../../arm-none-eabi/lib/thumb/v7-m\libc.a(lib_a-mprec.o)
                0x0000bd70                __d2b
 .text.__ratio  0x0000be18       0x58 c:/program files (x86)/gnu tools arm embedded/6 2017-q2-update/bin/../lib/gcc/arm-none-eabi/6.3.1/../../../../arm-none-eabi/lib/thumb/v7-m\libc.a(lib_a-mprec.o)
                0x0000be18                __ratio
 .text.__copybits
                0x0000be70       0x48 c:/program files (x86)/gnu tools arm embedded/6 2017-q2-update/bin/../lib/gcc/arm-none-eabi/6.3.1/../../../../arm-none-eabi/lib/thumb/v7-m\libc.a(lib_a-mprec.o)
                0x0000be70                __copybits
 .text.__any_on
                0x0000beb8       0x5c c:/program files (x86)/gnu tools arm embedded/6 2017-q2-update/bin/../lib/gcc/arm-none-eabi/6.3.1/../../../../arm-none-eabi/lib/thumb/v7-m\libc.a(lib_a-mprec.o)
                0x0000beb8                __any_on
 .text._read_r  0x0000bf14       0x2c c:/program files (x86)/gnu tools arm embedded/6 2017-q2-update/bin/../lib/gcc/arm-none-eabi/6.3.1/../../../../arm-none-eabi/lib/thumb/v7-m\libc.a(lib_a-readr.o)
                0x0000bf14                _read_r