Archive member included to satisfy reference by file (symbol)

D:/_ishikawa/Tools/DigitalMove/ARM/MCUXpresso/DigitalMove/mbed/TARGET_LPC1768/TOOLCHAIN_GCC_ARM/libmbed.a(gpio_api.o)
                              ./src/boot.o (gpio_mode)
D:/_ishikawa/Tools/DigitalMove/ARM/MCUXpresso/DigitalMove/mbed/TARGET_LPC1768/TOOLCHAIN_GCC_ARM/libmbed.a(pinmap.o)
                              D:/_ishikawa/Tools/DigitalMove/ARM/MCUXpresso/DigitalMove/mbed/TARGET_LPC1768/TOOLCHAIN_GCC_ARM/libmbed.a(gpio_api.o) (pin_function)
D:/_ishikawa/Tools/DigitalMove/ARM/MCUXpresso/DigitalMove/mbed/TARGET_LPC1768/TOOLCHAIN_GCC_ARM/libmbed.a(serial_api.o)
                              D:/_ishikawa/Tools/DigitalMove/ARM/MCUXpresso/DigitalMove/mbed/TARGET_LPC1768/TOOLCHAIN_GCC_ARM/retarget.o (serial_init)
D:/_ishikawa/Tools/DigitalMove/ARM/MCUXpresso/DigitalMove/mbed/TARGET_LPC1768/TOOLCHAIN_GCC_ARM/libmbed.a(exit.o)
                              c:/program files (x86)/gnu tools arm embedded/6 2017-q2-update/bin/../lib/gcc/arm-none-eabi/6.3.1/../../../../arm-none-eabi/lib/thumb/v7-m/crt0.o (exit)
D:/_ishikawa/Tools/DigitalMove/ARM/MCUXpresso/DigitalMove/mbed/TARGET_LPC1768/TOOLCHAIN_GCC_ARM/libmbed.a(mbed_interface.o)
                              D:/_ishikawa/Tools/DigitalMove/ARM/MCUXpresso/DigitalMove/mbed/TARGET_LPC1768/TOOLCHAIN_GCC_ARM/libmbed.a(exit.o) (mbed_interface_connected)
D:/_ishikawa/Tools/DigitalMove/ARM/MCUXpresso/DigitalMove/mbed/TARGET_LPC1768/TOOLCHAIN_GCC_ARM/libmbed.a(pinmap_common.o)
                              D:/_ishikawa/Tools/DigitalMove/ARM/MCUXpresso/DigitalMove/mbed/TARGET_LPC1768/TOOLCHAIN_GCC_ARM/libmbed.a(serial_api.o) (pinmap_pinout)
D:/_ishikawa/Tools/DigitalMove/ARM/MCUXpresso/DigitalMove/mbed/TARGET_LPC1768/TOOLCHAIN_GCC_ARM/libmbed.a(semihost_api.o)
                              D:/_ishikawa/Tools/DigitalMove/ARM/MCUXpresso/DigitalMove/mbed/TARGET_LPC1768/TOOLCHAIN_GCC_ARM/libmbed.a(exit.o) (semihost_exit)
D:/_ishikawa/Tools/DigitalMove/ARM/MCUXpresso/DigitalMove/mbed/TARGET_LPC1768/TOOLCHAIN_GCC_ARM/libmbed.a(FilePath.o)
                              D:/_ishikawa/Tools/DigitalMove/ARM/MCUXpresso/DigitalMove/mbed/TARGET_LPC1768/TOOLCHAIN_GCC_ARM/retarget.o (mbed::FilePath::FilePath(char const*))
D:/_ishikawa/Tools/DigitalMove/ARM/MCUXpresso/DigitalMove/mbed/TARGET_LPC1768/TOOLCHAIN_GCC_ARM/libmbed.a(FileSystemLike.o)
                              D:/_ishikawa/Tools/DigitalMove/ARM/MCUXpresso/DigitalMove/mbed/TARGET_LPC1768/TOOLCHAIN_GCC_ARM/retarget.o (mbed::FileSystemLike::opendir())
D:/_ishikawa/Tools/DigitalMove/ARM/MCUXpresso/DigitalMove/mbed/TARGET_LPC1768/TOOLCHAIN_GCC_ARM/libmbed.a(InterruptIn.o)
                              ./src/io.o (mbed::InterruptIn::~InterruptIn())
D:/_ishikawa/Tools/DigitalMove/ARM/MCUXpresso/DigitalMove/mbed/TARGET_LPC1768/TOOLCHAIN_GCC_ARM/libmbed.a(Serial.o)
                              ./src/sc0uart.o (mbed::Serial::Serial(PinName, PinName, char const*))
D:/_ishikawa/Tools/DigitalMove/ARM/MCUXpresso/DigitalMove/mbed/TARGET_LPC1768/TOOLCHAIN_GCC_ARM/libmbed.a(SerialBase.o)
                              D:/_ishikawa/Tools/DigitalMove/ARM/MCUXpresso/DigitalMove/mbed/TARGET_LPC1768/TOOLCHAIN_GCC_ARM/libmbed.a(Serial.o) (mbed::SerialBase::SerialBase(PinName, PinName))
D:/_ishikawa/Tools/DigitalMove/ARM/MCUXpresso/DigitalMove/mbed/TARGET_LPC1768/TOOLCHAIN_GCC_ARM/libmbed.a(Stream.o)
                              D:/_ishikawa/Tools/DigitalMove/ARM/MCUXpresso/DigitalMove/mbed/TARGET_LPC1768/TOOLCHAIN_GCC_ARM/libmbed.a(Serial.o) (mbed::Stream::close())
D:/_ishikawa/Tools/DigitalMove/ARM/MCUXpresso/DigitalMove/mbed/TARGET_LPC1768/TOOLCHAIN_GCC_ARM/libmbed.a(gpio_irq_api.o)
                              D:/_ishikawa/Tools/DigitalMove/ARM/MCUXpresso/DigitalMove/mbed/TARGET_LPC1768/TOOLCHAIN_GCC_ARM/libmbed.a(InterruptIn.o) (gpio_irq_init)
D:/_ishikawa/Tools/DigitalMove/ARM/MCUXpresso/DigitalMove/mbed/TARGET_LPC1768/TOOLCHAIN_GCC_ARM/libmbed.a(board.o)
                              D:/_ishikawa/Tools/DigitalMove/ARM/MCUXpresso/DigitalMove/mbed/TARGET_LPC1768/TOOLCHAIN_GCC_ARM/libmbed.a(exit.o) (mbed_die)
D:/_ishikawa/Tools/DigitalMove/ARM/MCUXpresso/DigitalMove/mbed/TARGET_LPC1768/TOOLCHAIN_GCC_ARM/libmbed.a(wait_api.o)
                              D:/_ishikawa/Tools/DigitalMove/ARM/MCUXpresso/DigitalMove/mbed/TARGET_LPC1768/TOOLCHAIN_GCC_ARM/libmbed.a(SerialBase.o) (wait_us)
D:/_ishikawa/Tools/DigitalMove/ARM/MCUXpresso/DigitalMove/mbed/TARGET_LPC1768/TOOLCHAIN_GCC_ARM/libmbed.a(FileBase.o)
                              D:/_ishikawa/Tools/DigitalMove/ARM/MCUXpresso/DigitalMove/mbed/TARGET_LPC1768/TOOLCHAIN_GCC_ARM/libmbed.a(FileSystemLike.o) (mbed::FileBase::~FileBase())
D:/_ishikawa/Tools/DigitalMove/ARM/MCUXpresso/DigitalMove/mbed/TARGET_LPC1768/TOOLCHAIN_GCC_ARM/libmbed.a(FileLike.o)
                              D:/_ishikawa/Tools/DigitalMove/ARM/MCUXpresso/DigitalMove/mbed/TARGET_LPC1768/TOOLCHAIN_GCC_ARM/libmbed.a(Stream.o) (mbed::FileLike::~FileLike())
[...]
Memory Configuration

Name             Origin             Length             Attributes
FLASH            0x00000000         0x00080000         xr
RAM              0x100000c8         0x00007f38         xrw
USB_RAM          0x2007c000         0x00004000         xrw
ETH_RAM          0x20080000         0x00004000         xrw
*default*        0x00000000         0xffffffff

Linker script and memory map

LOAD c:/program files (x86)/gnu tools arm embedded/6 2017-q2-update/bin/../lib/gcc/arm-none-eabi/6.3.1/thumb/v7-m/crti.o
LOAD c:/program files (x86)/gnu tools arm embedded/6 2017-q2-update/bin/../lib/gcc/arm-none-eabi/6.3.1/thumb/v7-m/crtbegin.o
LOAD c:/program files (x86)/gnu tools arm embedded/6 2017-q2-update/bin/../lib/gcc/arm-none-eabi/6.3.1/../../../../arm-none-eabi/lib/thumb/v7-m/crt0.o
START GROUP
LOAD c:/program files (x86)/gnu tools arm embedded/6 2017-q2-update/bin/../lib/gcc/arm-none-eabi/6.3.1/../../../../arm-none-eabi/lib/thumb/v7-m\libstdc++.a
LOAD c:/program files (x86)/gnu tools arm embedded/6 2017-q2-update/bin/../lib/gcc/arm-none-eabi/6.3.1/../../../../arm-none-eabi/lib/thumb/v7-m\libsupc++.a
LOAD c:/program files (x86)/gnu tools arm embedded/6 2017-q2-update/bin/../lib/gcc/arm-none-eabi/6.3.1/thumb/v7-m\libgcc.a
LOAD c:/program files (x86)/gnu tools arm embedded/6 2017-q2-update/bin/../lib/gcc/arm-none-eabi/6.3.1/../../../../arm-none-eabi/lib/thumb/v7-m\libnosys.a
END GROUP
LOAD ./src/bios.o
LOAD ./src/boot.o
LOAD ./src/cmd_act.o
LOAD ./src/holetbl.o
LOAD ./src/io.o
LOAD ./src/main.o
LOAD ./src/needle.o
LOAD ./src/sc0uart.o
LOAD ./src/sub_func.o
LOAD ./src/version.o
LOAD D:/_ishikawa/Tools/DigitalMove/ARM/MCUXpresso/DigitalMove/mbed/TARGET_LPC1768/TOOLCHAIN_GCC_ARM/cmsis_nvic.o
LOAD D:/_ishikawa/Tools/DigitalMove/ARM/MCUXpresso/DigitalMove/mbed/TARGET_LPC1768/TOOLCHAIN_GCC_ARM/retarget.o
LOAD D:/_ishikawa/Tools/DigitalMove/ARM/MCUXpresso/DigitalMove/mbed/TARGET_LPC1768/TOOLCHAIN_GCC_ARM/startup_LPC17xx.o
LOAD D:/_ishikawa/Tools/DigitalMove/ARM/MCUXpresso/DigitalMove/mbed/TARGET_LPC1768/TOOLCHAIN_GCC_ARM/system_LPC17xx.o
LOAD D:/_ishikawa/Tools/DigitalMove/ARM/MCUXpresso/DigitalMove/mbed/TARGET_LPC1768/TOOLCHAIN_GCC_ARM/libmbed.a
LOAD c:/program files (x86)/gnu tools arm embedded/6 2017-q2-update/bin/../lib/gcc/arm-none-eabi/6.3.1/../../../../arm-none-eabi/lib/thumb/v7-m\libstdc++.a
LOAD c:/program files (x86)/gnu tools arm embedded/6 2017-q2-update/bin/../lib/gcc/arm-none-eabi/6.3.1/../../../../arm-none-eabi/lib/thumb/v7-m\libsupc++.a
LOAD c:/program files (x86)/gnu tools arm embedded/6 2017-q2-update/bin/../lib/gcc/arm-none-eabi/6.3.1/../../../../arm-none-eabi/lib/thumb/v7-m\libm.a
LOAD c:/program files (x86)/gnu tools arm embedded/6 2017-q2-update/bin/../lib/gcc/arm-none-eabi/6.3.1/../../../../arm-none-eabi/lib/thumb/v7-m\libc.a
LOAD c:/program files (x86)/gnu tools arm embedded/6 2017-q2-update/bin/../lib/gcc/arm-none-eabi/6.3.1/thumb/v7-m\libgcc.a
LOAD c:/program files (x86)/gnu tools arm embedded/6 2017-q2-update/bin/../lib/gcc/arm-none-eabi/6.3.1/../../../../arm-none-eabi/lib/thumb/v7-m\libnosys.a
LOAD D:/_ishikawa/Tools/DigitalMove/ARM/MCUXpresso/DigitalMove/mbed/TARGET_LPC1768/TOOLCHAIN_GCC_ARM\libmbed.a
LOAD c:/program files (x86)/gnu tools arm embedded/6 2017-q2-update/bin/../lib/gcc/arm-none-eabi/6.3.1/../../../../arm-none-eabi/lib/thumb/v7-m\libstdc++.a
LOAD c:/program files (x86)/gnu tools arm embedded/6 2017-q2-update/bin/../lib/gcc/arm-none-eabi/6.3.1/../../../../arm-none-eabi/lib/thumb/v7-m\libm.a
LOAD c:/program files (x86)/gnu tools arm embedded/6 2017-q2-update/bin/../lib/gcc/arm-none-eabi/6.3.1/../../../../arm-none-eabi/lib/thumb/v7-m\libc.a
START GROUP
LOAD c:/program files (x86)/gnu tools arm embedded/6 2017-q2-update/bin/../lib/gcc/arm-none-eabi/6.3.1/thumb/v7-m\libgcc.a
LOAD c:/program files (x86)/gnu tools arm embedded/6 2017-q2-update/bin/../lib/gcc/arm-none-eabi/6.3.1/../../../../arm-none-eabi/lib/thumb/v7-m\libg.a
LOAD c:/program files (x86)/gnu tools arm embedded/6 2017-q2-update/bin/../lib/gcc/arm-none-eabi/6.3.1/../../../../arm-none-eabi/lib/thumb/v7-m\libc.a
END GROUP
LOAD c:/program files (x86)/gnu tools arm embedded/6 2017-q2-update/bin/../lib/gcc/arm-none-eabi/6.3.1/thumb/v7-m/crtend.o
LOAD c:/program files (x86)/gnu tools arm embedded/6 2017-q2-update/bin/../lib/gcc/arm-none-eabi/6.3.1/thumb/v7-m/crtn.o

.text           0x00000000    0x118c8
 *(.isr_vector)
 .isr_vector    0x00000000       0xcc D:/_ishikawa/Tools/DigitalMove/ARM/MCUXpresso/DigitalMove/mbed/TARGET_LPC1768/TOOLCHAIN_GCC_ARM/startup_LPC17xx.o
                0x00000000                __isr_vector
 *(.text*)
 .text          0x000000cc       0x6c c:/program files (x86)/gnu tools arm embedded/6 2017-q2-update/bin/../lib/gcc/arm-none-eabi/6.3.1/thumb/v7-m/crtbegin.o
 .text          0x00000138       0x74 c:/program files (x86)/gnu tools arm embedded/6 2017-q2-update/bin/../lib/gcc/arm-none-eabi/6.3.1/../../../../arm-none-eabi/lib/thumb/v7-m/crt0.o
                0x00000138                _start
                0x00000138                _mainCRTStartup
 .text.gpio_write
                0x000001ac       0x30 ./src/boot.o
 .text._ZN4mbed9DigitalIn4modeE7PinMode
                0x000001dc       0x20 ./src/boot.o
                0x000001dc                mbed::DigitalIn::mode(PinMode)
 .text._ZN4mbed10DigitalOut5writeEi
                0x000001fc       0x1c ./src/boot.o
                0x000001fc                mbed::DigitalOut::write(int)
 .text._ZN4mbed10DigitalOutaSEi
                0x00000218       0x1c ./src/boot.o
                0x00000218                mbed::DigitalOut::operator=(int)
 .text._Z4bootv
                0x00000234       0x18 ./src/boot.o
                0x00000234                boot()
 .text._Z8init_cpuv
                0x0000024c       0xb0 ./src/boot.o
                0x0000024c                init_cpu()
 .text._Z13init_variablev
                0x000002fc       0x48 ./src/boot.o
                0x000002fc                init_variable()
 .text._Z8cmd_recvv
                0x00000344       0x34 ./src/cmd_act.o
                0x00000344                cmd_recv()
 .text._Z11cmd_analyzePh
                0x00000378       0xc4 ./src/cmd_act.o
                0x00000378                cmd_analyze(unsigned char*)
 .text._Z13cmd_get_countPh
                0x0000043c      0x1b0 ./src/cmd_act.o
                0x0000043c                cmd_get_count(unsigned char*)
 .text._Z13cmd_set_resetPh
                0x000005ec       0x14 ./src/cmd_act.o
                0x000005ec                cmd_set_reset(unsigned char*)
 .text._Z13cmd_set_motorPh
                0x00000600      0x124 ./src/cmd_act.o
                0x00000600                cmd_set_motor(unsigned char*)
 .text._Z11cmd_set_ledPh
                0x00000724      0x3b4 ./src/cmd_act.o
                0x00000724                cmd_set_led(unsigned char*)
 .text._Z13cmd_set_applyPh
                0x00000ad8       0x14 ./src/cmd_act.o
                0x00000ad8                cmd_set_apply(unsigned char*)
 .text._Z17cmd_set_needlegapPh
                0x00000aec      0x164 ./src/cmd_act.o
                0x00000aec                cmd_set_needlegap(unsigned char*)
 .text._Z16cmd_clear_motcntv
                0x00000c50       0x38 ./src/cmd_act.o
                0x00000c50                cmd_clear_motcnt()
 .text._Z14cmd_resp_storePh
                0x00000c88       0x3c ./src/cmd_act.o
                0x00000c88                cmd_resp_store(unsigned char*)
 .text._Z8cmd_sendv
                0x00000cc4       0x34 ./src/cmd_act.o
                0x00000cc4                cmd_send()
 .text._ZN4mbed9DigitalInC2E7PinName
                0x00000cf8       0x20 ./src/io.o
                0x00000cf8                mbed::DigitalIn::DigitalIn(PinName)
                0x00000cf8                mbed::DigitalIn::DigitalIn(PinName)
 .text._ZN4mbed10DigitalOutC2E7PinName
                0x00000d18       0x20 ./src/io.o
                0x00000d18                mbed::DigitalOut::DigitalOut(PinName)
                0x00000d18                mbed::DigitalOut::DigitalOut(PinName)
 .text._Z41__static_initialization_and_destruction_0ii
                0x00000d38      0x148 ./src/io.o
 .text._GLOBAL__sub_I_LED1_P
                0x00000e80       0x10 ./src/io.o
 .text.gpio_read
                0x00000e90       0x28 ./src/main.o
 .text._ZN4mbed9DigitalIn4readEv
                0x00000eb8       0x1a ./src/main.o
                0x00000eb8                mbed::DigitalIn::read()
 .text._ZN4mbed9DigitalIncviEv
                0x00000ed2       0x18 ./src/main.o
                0x00000ed2                mbed::DigitalIn::operator int()
 .text.main     0x00000eea       0x16 ./src/main.o
                0x00000eea                main
 .text._Z8dec_recvv
                0x00000f00       0x50 ./src/main.o
                0x00000f00                dec_recv()
 .text._Z16interrupt_motorav
                0x00000f50       0x68 ./src/main.o
                0x00000f50                interrupt_motora()
 .text._Z16interrupt_motorbv
                0x00000fb8       0x68 ./src/main.o
                0x00000fb8                interrupt_motorb()
 .text._Z11calc_motcntP8MOTPARAMh
                0x00001020       0x56 ./src/main.o
                0x00001020                calc_motcnt(MOTPARAM*, unsigned char)
 *fill*         0x00001076        0x2 
 .text._Z19interrupt_fall_led1v
                0x00001078       0x30 ./src/main.o
                0x00001078                interrupt_fall_led1()
 .text._Z19interrupt_rise_led1v
                0x000010a8        0xc ./src/main.o
                0x000010a8                interrupt_rise_led1()
 .text._Z17start_detect_holeh
                0x000010b4       0x94 ./src/needle.o
                0x000010b4                start_detect_hole(unsigned char)
 .text._Z16stop_detect_holev
                0x00001148       0x2c ./src/needle.o
                0x00001148                stop_detect_hole()
 .text._Z10check_holeP9NDETPARAM
                0x00001174      0x150 ./src/needle.o
                0x00001174                check_hole(NDETPARAM*)
 .text._Z10judge_holeP8LEDPARAMPK9HOLEPARAM
                0x000012c4       0xc8 ./src/needle.o
                0x000012c4                judge_hole(LEDPARAM*, HOLEPARAM const*)
 .text._Z15judge_hole_noneP8LEDPARAMPK9HOLEPARAM
                0x0000138c       0xf8 ./src/needle.o
                0x0000138c                judge_hole_none(LEDPARAM*, HOLEPARAM const*)
 .text._Z12get_sensrankP8SENSRANK
                0x00001484       0x1a ./src/needle.o
                0x00001484                get_sensrank(SENSRANK*)
 *fill*         0x0000149e        0x2 
 .text._Z17get_sensrank_ns30P8SENSRANK
                0x000014a0      0x118 ./src/needle.o
                0x000014a0                get_sensrank_ns30(SENSRANK*)
 .text._Z12init_sc0uartv
                0x000015b8       0x34 ./src/sc0uart.o
                0x000015b8                init_sc0uart()
 .text._Z16sc0uart_recv_intv
                0x000015ec       0x48 ./src/sc0uart.o
                0x000015ec                sc0uart_recv_int()
 .text._Z16sc0uart_wait_stxv
                0x00001634       0x40 ./src/sc0uart.o
                0x00001634                sc0uart_wait_stx()
 .text._Z16sc0uart_wait_etxv
                0x00001674       0x88 ./src/sc0uart.o
                0x00001674                sc0uart_wait_etx()
 .text._Z16sc0uart_wait_bccv
                0x000016fc       0x68 ./src/sc0uart.o
                0x000016fc                sc0uart_wait_bcc()
 .text._Z18sc0uart_resp_checkv
                0x00001764        0xe ./src/sc0uart.o
                0x00001764                sc0uart_resp_check()
 *fill*         0x00001772        0x2 
 .text._Z18sc0uart_recv_clearv
                0x00001774       0x34 ./src/sc0uart.o
                0x00001774                sc0uart_recv_clear()
 .text._Z16sc0uart_send_intv
                0x000017a8       0x70 ./src/sc0uart.o
                0x000017a8                sc0uart_send_int()
 .text._Z18sc0uart_send_startv
                0x00001818       0x6c ./src/sc0uart.o
                0x00001818                sc0uart_send_start()
 .text._Z18sc0uart_send_clearv
                0x00001884       0x30 ./src/sc0uart.o
                0x00001884                sc0uart_send_clear()
 .text._Z12sc0uart_recvv
                0x000018b4       0x80 ./src/sc0uart.o
                0x000018b4                sc0uart_recv()
 .text._Z12sc0uart_sendv
                0x00001934       0x54 ./src/sc0uart.o
                0x00001934                sc0uart_send()
 .text._Z19sc0uart_send_packetv
                0x00001988       0xa8 ./src/sc0uart.o
                0x00001988                sc0uart_send_packet()
 .text._Z18sc0uart_recv_storePh
                0x00001a30       0x4a ./src/sc0uart.o
                0x00001a30                sc0uart_recv_store(unsigned char*)
 *fill*         0x00001a7a        0x2 
 .text._Z19sc0uart_recv_setqueh
                0x00001a7c       0x68 ./src/sc0uart.o
                0x00001a7c                sc0uart_recv_setque(unsigned char)
 .text._Z19sc0uart_recv_getquev
                0x00001ae4       0x60 ./src/sc0uart.o
                0x00001ae4                sc0uart_recv_getque()
 .text._Z24sc0uart_recv_term_searchv
                0x00001b44       0x98 ./src/sc0uart.o
                0x00001b44                sc0uart_recv_term_search()
 .text._Z18sc0uart_recv_errorv
                0x00001bdc       0x28 ./src/sc0uart.o
                0x00001bdc                sc0uart_recv_error()
 .text._Z18sc0uart_send_storePh
                0x00001c04       0x4a ./src/sc0uart.o
                0x00001c04                sc0uart_send_store(unsigned char*)
 *fill*         0x00001c4e        0x2 
 .text._Z19sc0uart_send_setqueh
                0x00001c50       0x68 ./src/sc0uart.o
                0x00001c50                sc0uart_send_setque(unsigned char)
 .text._Z19sc0uart_send_getquev
                0x00001cb8       0x5c ./src/sc0uart.o
                0x00001cb8                sc0uart_send_getque()
 .text._Z24sc0uart_send_term_searchv
                0x00001d14       0x98 ./src/sc0uart.o
                0x00001d14                sc0uart_send_term_search()
 .text._Z18sc0uart_send_errorv
                0x00001dac       0x28 ./src/sc0uart.o
                0x00001dac                sc0uart_send_error()
 .text._ZN4mbed6SerialD2Ev
                0x00001dd4       0x38 ./src/sc0uart.o
                0x00001dd4                mbed::Serial::~Serial()
                0x00001dd4                mbed::Serial::~Serial()
                0x00001e04                non-virtual thunk to mbed::Serial::~Serial()
 .text._ZN4mbed6SerialD0Ev
                0x00001e0c       0x24 ./src/sc0uart.o
                0x00001e0c                mbed::Serial::~Serial()
                0x00001e2a                non-virtual thunk to mbed::Serial::~Serial()
 .text._Z41__static_initialization_and_destruction_0ii
                0x00001e30       0x4c ./src/sc0uart.o
 .text._GLOBAL__sub_I_sc0uart
                0x00001e7c       0x10 ./src/sc0uart.o
 .text._Z7asc_hexh
                0x00001e8c       0x48 ./src/sub_func.o
                0x00001e8c                asc_hex(unsigned char)
 .text._Z7hex_asch
                0x00001ed4       0x30 ./src/sub_func.o
                0x00001ed4                hex_asc(unsigned char)
 .text.NVIC_SetVector
                0x00001f04       0x4c D:/_ishikawa/Tools/DigitalMove/ARM/MCUXpresso/DigitalMove/mbed/TARGET_LPC1768/TOOLCHAIN_GCC_ARM/cmsis_nvic.o
                0x00001f04                NVIC_SetVector
 .text._ZN4mbed10FileHandle4flenEv
                0x00001f50       0x38 D:/_ishikawa/Tools/DigitalMove/ARM/MCUXpresso/DigitalMove/mbed/TARGET_LPC1768/TOOLCHAIN_GCC_ARM/retarget.o
                0x00001f50                mbed::FileHandle::flen()
 .text._ZN4mbed10FileHandleD2Ev
                0x00001f88       0x40 D:/_ishikawa/Tools/DigitalMove/ARM/MCUXpresso/DigitalMove/mbed/TARGET_LPC1768/TOOLCHAIN_GCC_ARM/retarget.o
                0x00001f88                mbed::FileHandle::~FileHandle()
                0x00001f88                mbed::FileHandle::~FileHandle()
 .text._ZN4mbed10FileHandleD0Ev
                0x00001fc8       0x48 D:/_ishikawa/Tools/DigitalMove/ARM/MCUXpresso/DigitalMove/mbed/TARGET_LPC1768/TOOLCHAIN_GCC_ARM/retarget.o
                0x00001fc8                mbed::FileHandle::~FileHandle()
 .text._ZL11init_serialv
                0x00002010       0x28 D:/_ishikawa/Tools/DigitalMove/ARM/MCUXpresso/DigitalMove/mbed/TARGET_LPC1768/TOOLCHAIN_GCC_ARM/retarget.o
 .text._open    0x00002038       0xe0 D:/_ishikawa/Tools/DigitalMove/ARM/MCUXpresso/DigitalMove/mbed/TARGET_LPC1768/TOOLCHAIN_GCC_ARM/retarget.o
                0x00002038                _open
 .text._close   0x00002118       0x2c D:/_ishikawa/Tools/DigitalMove/ARM/MCUXpresso/DigitalMove/mbed/TARGET_LPC1768/TOOLCHAIN_GCC_ARM/retarget.o
                0x00002118                _close
 .text._write   0x00002144       0x8c D:/_ishikawa/Tools/DigitalMove/ARM/MCUXpresso/DigitalMove/mbed/TARGET_LPC1768/TOOLCHAIN_GCC_ARM/retarget.o
                0x00002144                _write
 .text._read    0x000021d0       0x3c D:/_ishikawa/Tools/DigitalMove/ARM/MCUXpresso/DigitalMove/mbed/TARGET_LPC1768/TOOLCHAIN_GCC_ARM/retarget.o
                0x000021d0                _read
 .text._isatty  0x0000220c       0x28 D:/_ishikawa/Tools/DigitalMove/ARM/MCUXpresso/DigitalMove/mbed/TARGET_LPC1768/TOOLCHAIN_GCC_ARM/retarget.o
                0x0000220c                _isatty
 .text._lseek   0x00002234       0x28 D:/_ishikawa/Tools/DigitalMove/ARM/MCUXpresso/DigitalMove/mbed/TARGET_LPC1768/TOOLCHAIN_GCC_ARM/retarget.o
                0x00002234                _lseek
 .text._fstat   0x0000225c       0x20 D:/_ishikawa/Tools/DigitalMove/ARM/MCUXpresso/DigitalMove/mbed/TARGET_LPC1768/TOOLCHAIN_GCC_ARM/retarget.o
                0x0000225c                _fstat
 .text._ZN9__gnu_cxx27__verbose_terminate_handlerEv
                0x0000227c       0x20 D:/_ishikawa/Tools/DigitalMove/ARM/MCUXpresso/DigitalMove/mbed/TARGET_LPC1768/TOOLCHAIN_GCC_ARM/retarget.o
                0x0000227c                __gnu_cxx::__verbose_terminate_handler()
 .text.__cxa_pure_virtual
                0x0000229c        0x8 D:/_ishikawa/Tools/DigitalMove/ARM/MCUXpresso/DigitalMove/mbed/TARGET_LPC1768/TOOLCHAIN_GCC_ARM/retarget.o
                0x0000229c                __cxa_pure_virtual
 .text._sbrk    0x000022a4       0x2c D:/_ishikawa/Tools/DigitalMove/ARM/MCUXpresso/DigitalMove/mbed/TARGET_LPC1768/TOOLCHAIN_GCC_ARM/retarget.o
                0x000022a4                _sbrk
 .text          0x000022d0       0x90 D:/_ishikawa/Tools/DigitalMove/ARM/MCUXpresso/DigitalMove/mbed/TARGET_LPC1768/TOOLCHAIN_GCC_ARM/startup_LPC17xx.o
                0x000022d0                Reset_Handler
                0x00002304                NMI_Handler
                0x00002306                HardFault_Handler
                0x00002308                MemManage_Handler
                0x0000230a                BusFault_Handler
                0x0000230c                UsageFault_Handler
                0x0000230e                SVC_Handler
                0x00002310                DebugMon_Handler
                0x00002312                PendSV_Handler
                0x00002314                SysTick_Handler
                0x00002316                DEF_IRQHandler
                0x00002316                Default_Handler
                0x00002318                WDT_IRQHandler
                0x0000231a                TIMER0_IRQHandler
                0x0000231c                TIMER1_IRQHandler
                0x0000231e                TIMER2_IRQHandler
                0x00002320                TIMER3_IRQHandler
                0x00002322                UART0_IRQHandler
                0x00002324                UART1_IRQHandler
                0x00002326                UART2_IRQHandler
                0x00002328                UART3_IRQHandler
                0x0000232a                PWM1_IRQHandler
                0x0000232c                I2C0_IRQHandler
                0x0000232e                I2C1_IRQHandler
                0x00002330                I2C2_IRQHandler
                0x00002332                SPI_IRQHandler
                0x00002334                SSP0_IRQHandler
                0x00002336                SSP1_IRQHandler
                0x00002338                PLL0_IRQHandler
                0x0000233a                RTC_IRQHandler
                0x0000233c                EINT0_IRQHandler
                0x0000233e                EINT1_IRQHandler
                0x00002340                EINT2_IRQHandler
                0x00002342                EINT3_IRQHandler
                0x00002344                ADC_IRQHandler
                0x00002346                BOD_IRQHandler
                0x00002348                USB_IRQHandler
                0x0000234a                CAN_IRQHandler
                0x0000234c                DMA_IRQHandler
                0x0000234e                I2S_IRQHandler
                0x00002350                ENET_IRQHandler
                0x00002352                RIT_IRQHandler
                0x00002354                MCPWM_IRQHandler
                0x00002356                QEI_IRQHandler
                0x00002358                PLL1_IRQHandler
                0x0000235a                USBActivity_IRQHandler
                0x0000235c                CANActivity_IRQHandler
 .text.SystemInit
                0x00002360       0xd0 D:/_ishikawa/Tools/DigitalMove/ARM/MCUXpresso/DigitalMove/mbed/TARGET_LPC1768/TOOLCHAIN_GCC_ARM/system_LPC17xx.o
                0x00002360                SystemInit
 .text.gpio_set
                0x00002430       0x18 D:/_ishikawa/Tools/DigitalMove/ARM/MCUXpresso/DigitalMove/mbed/TARGET_LPC1768/TOOLCHAIN_GCC_ARM/libmbed.a(gpio_api.o)
                0x00002430                gpio_set
 .text.gpio_mode
                0x00002448        0x8 D:/_ishikawa/Tools/DigitalMove/ARM/MCUXpresso/DigitalMove/mbed/TARGET_LPC1768/TOOLCHAIN_GCC_ARM/libmbed.a(gpio_api.o)
                0x00002448                gpio_mode
 .text.gpio_dir
                0x00002450       0x24 D:/_ishikawa/Tools/DigitalMove/ARM/MCUXpresso/DigitalMove/mbed/TARGET_LPC1768/TOOLCHAIN_GCC_ARM/libmbed.a(gpio_api.o)
                0x00002450                gpio_dir
 .text.gpio_init
                0x00002474       0x58 D:/_ishikawa/Tools/DigitalMove/ARM/MCUXpresso/DigitalMove/mbed/TARGET_LPC1768/TOOLCHAIN_GCC_ARM/libmbed.a(gpio_api.o)
                0x00002474                gpio_init
 .text.pin_function
                0x000024cc       0x44 D:/_ishikawa/Tools/DigitalMove/ARM/MCUXpresso/DigitalMove/mbed/TARGET_LPC1768/TOOLCHAIN_GCC_ARM/libmbed.a(pinmap.o)
                0x000024cc                pin_function
 .text.pin_mode
                0x00002510       0x6c D:/_ishikawa/Tools/DigitalMove/ARM/MCUXpresso/DigitalMove/mbed/TARGET_LPC1768/TOOLCHAIN_GCC_ARM/libmbed.a(pinmap.o)
                0x00002510                pin_mode
 .text.uart2_irq
                0x0000257c       0x34 D:/_ishikawa/Tools/DigitalMove/ARM/MCUXpresso/DigitalMove/mbed/TARGET_LPC1768/TOOLCHAIN_GCC_ARM/libmbed.a(serial_api.o)
                0x0000257c                uart2_irq
 .text.uart3_irq
                0x000025b0       0x34 D:/_ishikawa/Tools/DigitalMove/ARM/MCUXpresso/DigitalMove/mbed/TARGET_LPC1768/TOOLCHAIN_GCC_ARM/libmbed.a(serial_api.o)
                0x000025b0                uart3_irq
 .text.uart0_irq
                0x000025e4       0x34 D:/_ishikawa/Tools/DigitalMove/ARM/MCUXpresso/DigitalMove/mbed/TARGET_LPC1768/TOOLCHAIN_GCC_ARM/libmbed.a(serial_api.o)
                0x000025e4                uart0_irq
 .text.uart1_irq
                0x00002618       0x34 D:/_ishikawa/Tools/DigitalMove/ARM/MCUXpresso/DigitalMove/mbed/TARGET_LPC1768/TOOLCHAIN_GCC_ARM/libmbed.a(serial_api.o)
                0x00002618                uart1_irq
 .text.serial_baud
                0x0000264c      0x22c D:/_ishikawa/Tools/DigitalMove/ARM/MCUXpresso/DigitalMove/mbed/TARGET_LPC1768/TOOLCHAIN_GCC_ARM/libmbed.a(serial_api.o)
                0x0000264c                serial_baud
 .text.serial_format
                0x00002878       0x84 D:/_ishikawa/Tools/DigitalMove/ARM/MCUXpresso/DigitalMove/mbed/TARGET_LPC1768/TOOLCHAIN_GCC_ARM/libmbed.a(serial_api.o)
                0x00002878                serial_format
 .text.serial_init
                0x000028fc      0x2a8 D:/_ishikawa/Tools/DigitalMove/ARM/MCUXpresso/DigitalMove/mbed/TARGET_LPC1768/TOOLCHAIN_GCC_ARM/libmbed.a(serial_api.o)
                0x000028fc                serial_init
 .text.serial_irq_handler
                0x00002ba4       0x20 D:/_ishikawa/Tools/DigitalMove/ARM/MCUXpresso/DigitalMove/mbed/TARGET_LPC1768/TOOLCHAIN_GCC_ARM/libmbed.a(serial_api.o)
                0x00002ba4                serial_irq_handler
 .text.serial_irq_set
                0x00002bc4       0xc0 D:/_ishikawa/Tools/DigitalMove/ARM/MCUXpresso/DigitalMove/mbed/TARGET_LPC1768/TOOLCHAIN_GCC_ARM/libmbed.a(serial_api.o)
                0x00002bc4                serial_irq_set
 .text.serial_getc
                0x00002c84        0xc D:/_ishikawa/Tools/DigitalMove/ARM/MCUXpresso/DigitalMove/mbed/TARGET_LPC1768/TOOLCHAIN_GCC_ARM/libmbed.a(serial_api.o)
                0x00002c84                serial_getc
 .text.serial_putc
                0x00002c90       0x14 D:/_ishikawa/Tools/DigitalMove/ARM/MCUXpresso/DigitalMove/mbed/TARGET_LPC1768/TOOLCHAIN_GCC_ARM/libmbed.a(serial_api.o)
                0x00002c90                serial_putc
 .text.exit     0x00002ca4       0x1c D:/_ishikawa/Tools/DigitalMove/ARM/MCUXpresso/DigitalMove/mbed/TARGET_LPC1768/TOOLCHAIN_GCC_ARM/libmbed.a(exit.o)
                0x00002ca4                exit
 .text.mbed_interface_connected
                0x00002cc0        0x4 D:/_ishikawa/Tools/DigitalMove/ARM/MCUXpresso/DigitalMove/mbed/TARGET_LPC1768/TOOLCHAIN_GCC_ARM/libmbed.a(mbed_interface.o)
                0x00002cc0                mbed_interface_connected
 .text.pinmap_pinout
                0x00002cc4       0x4c D:/_ishikawa/Tools/DigitalMove/ARM/MCUXpresso/DigitalMove/mbed/TARGET_LPC1768/TOOLCHAIN_GCC_ARM/libmbed.a(pinmap_common.o)
                0x00002cc4                pinmap_pinout
 .text.pinmap_merge
                0x00002d10       0x30 D:/_ishikawa/Tools/DigitalMove/ARM/MCUXpresso/DigitalMove/mbed/TARGET_LPC1768/TOOLCHAIN_GCC_ARM/libmbed.a(pinmap_common.o)
                0x00002d10                pinmap_merge
 .text.pinmap_peripheral
                0x00002d40       0x3c D:/_ishikawa/Tools/DigitalMove/ARM/MCUXpresso/DigitalMove/mbed/TARGET_LPC1768/TOOLCHAIN_GCC_ARM/libmbed.a(pinmap_common.o)
                0x00002d40                pinmap_peripheral
 .text.semihost_exit
                0x00002d7c       0x18 D:/_ishikawa/Tools/DigitalMove/ARM/MCUXpresso/DigitalMove/mbed/TARGET_LPC1768/TOOLCHAIN_GCC_ARM/libmbed.a(semihost_api.o)
                0x00002d7c                semihost_exit
 .text.semihost_connected
                0x00002d94       0x10 D:/_ishikawa/Tools/DigitalMove/ARM/MCUXpresso/DigitalMove/mbed/TARGET_LPC1768/TOOLCHAIN_GCC_ARM/libmbed.a(semihost_api.o)
                0x00002d94                semihost_connected
 .text._ZN4mbed8FilePathC2EPKc
                0x00002da4       0x54 D:/_ishikawa/Tools/DigitalMove/ARM/MCUXpresso/DigitalMove/mbed/TARGET_LPC1768/TOOLCHAIN_GCC_ARM/libmbed.a(FilePath.o)
                0x00002da4                mbed::FilePath::FilePath(char const*)
                0x00002da4                mbed::FilePath::FilePath(char const*)
 .text._ZN4mbed8FilePath8fileNameEv
                0x00002df8        0x4 D:/_ishikawa/Tools/DigitalMove/ARM/MCUXpresso/DigitalMove/mbed/TARGET_LPC1768/TOOLCHAIN_GCC_ARM/libmbed.a(FilePath.o)
                0x00002df8                mbed::FilePath::fileName()
 .text._ZN4mbed8FilePath12isFileSystemEv
                0x00002dfc       0x14 D:/_ishikawa/Tools/DigitalMove/ARM/MCUXpresso/DigitalMove/mbed/TARGET_LPC1768/TOOLCHAIN_GCC_ARM/libmbed.a(FilePath.o)
                0x00002dfc                mbed::FilePath::isFileSystem()
 .text._ZN4mbed8FilePath10fileSystemEv
                0x00002e10       0x10 D:/_ishikawa/Tools/DigitalMove/ARM/MCUXpresso/DigitalMove/mbed/TARGET_LPC1768/TOOLCHAIN_GCC_ARM/libmbed.a(FilePath.o)
                0x00002e10                mbed::FilePath::fileSystem()
 .text._ZN4mbed8FilePath6isFileEv
                0x00002e20       0x14 D:/_ishikawa/Tools/DigitalMove/ARM/MCUXpresso/DigitalMove/mbed/TARGET_LPC1768/TOOLCHAIN_GCC_ARM/libmbed.a(FilePath.o)
                0x00002e20                mbed::FilePath::isFile()
 .text._ZN4mbed8FilePath4fileEv
                0x00002e34       0x14 D:/_ishikawa/Tools/DigitalMove/ARM/MCUXpresso/DigitalMove/mbed/TARGET_LPC1768/TOOLCHAIN_GCC_ARM/libmbed.a(FilePath.o)
                0x00002e34                mbed::FilePath::file()
 .text._ZN4mbed8FilePath6existsEv
                0x00002e48        0xc D:/_ishikawa/Tools/DigitalMove/ARM/MCUXpresso/DigitalMove/mbed/TARGET_LPC1768/TOOLCHAIN_GCC_ARM/libmbed.a(FilePath.o)
                0x00002e48                mbed::FilePath::exists()
 .text._ZN4mbed11InterruptIn12_irq_handlerEm14gpio_irq_event
                0x00002e54       0x18 D:/_ishikawa/Tools/DigitalMove/ARM/MCUXpresso/DigitalMove/mbed/TARGET_LPC1768/TOOLCHAIN_GCC_ARM/libmbed.a(InterruptIn.o)
                0x00002e54                mbed::InterruptIn::_irq_handler(unsigned long, gpio_irq_event)
 .text._ZN4mbed11InterruptInD2Ev
                0x00002e6c       0x18 D:/_ishikawa/Tools/DigitalMove/ARM/MCUXpresso/DigitalMove/mbed/TARGET_LPC1768/TOOLCHAIN_GCC_ARM/libmbed.a(InterruptIn.o)
                0x00002e6c                mbed::InterruptIn::~InterruptIn()
                0x00002e6c                mbed::InterruptIn::~InterruptIn()
 .text._ZN4mbed11InterruptInD0Ev
                0x00002e84       0x14 D:/_ishikawa/Tools/DigitalMove/ARM/MCUXpresso/DigitalMove/mbed/TARGET_LPC1768/TOOLCHAIN_GCC_ARM/libmbed.a(InterruptIn.o)
                0x00002e84                mbed::InterruptIn::~InterruptIn()
 .text._ZN4mbed11InterruptInC2E7PinName
                0x00002e98       0x44 D:/_ishikawa/Tools/DigitalMove/ARM/MCUXpresso/DigitalMove/mbed/TARGET_LPC1768/TOOLCHAIN_GCC_ARM/libmbed.a(InterruptIn.o)
                0x00002e98                mbed::InterruptIn::InterruptIn(PinName)
                0x00002e98                mbed::InterruptIn::InterruptIn(PinName)
 .text._ZN4mbed11InterruptIn4modeE7PinMode
                0x00002edc        0x8 D:/_ishikawa/Tools/DigitalMove/ARM/MCUXpresso/DigitalMove/mbed/TARGET_LPC1768/TOOLCHAIN_GCC_ARM/libmbed.a(InterruptIn.o)
                0x00002edc                mbed::InterruptIn::mode(PinMode)
 .text._ZN4mbed11InterruptIn4riseEPFvvE
                0x00002ee4       0x30 D:/_ishikawa/Tools/DigitalMove/ARM/MCUXpresso/DigitalMove/mbed/TARGET_LPC1768/TOOLCHAIN_GCC_ARM/libmbed.a(InterruptIn.o)
                0x00002ee4                mbed::InterruptIn::rise(void (*)())
 .text._ZN4mbed11InterruptIn4fallEPFvvE
                0x00002f14       0x30 D:/_ishikawa/Tools/DigitalMove/ARM/MCUXpresso/DigitalMove/mbed/TARGET_LPC1768/TOOLCHAIN_GCC_ARM/libmbed.a(InterruptIn.o)
                0x00002f14                mbed::InterruptIn::fall(void (*)())
 .text._ZN4mbed11InterruptIncviEv
                0x00002f44       0x10 D:/_ishikawa/Tools/DigitalMove/ARM/MCUXpresso/DigitalMove/mbed/TARGET_LPC1768/TOOLCHAIN_GCC_ARM/libmbed.a(InterruptIn.o)
                0x00002f44                mbed::InterruptIn::operator int()
 .text._ZN4mbed6Serial5_putcEi
                0x00002f54        0x8 D:/_ishikawa/Tools/DigitalMove/ARM/MCUXpresso/DigitalMove/mbed/TARGET_LPC1768/TOOLCHAIN_GCC_ARM/libmbed.a(Serial.o)
                0x00002f54                mbed::Serial::_putc(int)
 .text._ZN4mbed6Serial5_getcEv
                0x00002f5c        0x8 D:/_ishikawa/Tools/DigitalMove/ARM/MCUXpresso/DigitalMove/mbed/TARGET_LPC1768/TOOLCHAIN_GCC_ARM/libmbed.a(Serial.o)
                0x00002f5c                mbed::Serial::_getc()
 .text._ZN4mbed6SerialC2E7PinNameS1_PKc
                0x00002f64       0x2c D:/_ishikawa/Tools/DigitalMove/ARM/MCUXpresso/DigitalMove/mbed/TARGET_LPC1768/TOOLCHAIN_GCC_ARM/libmbed.a(Serial.o)
                0x00002f64                mbed::Serial::Serial(PinName, PinName, char const*)
                0x00002f64                mbed::Serial::Serial(PinName, PinName, char const*)
 .text._ZN4mbed10SerialBase12_irq_handlerEm9SerialIrq
                0x00002f90       0x10 D:/_ishikawa/Tools/DigitalMove/ARM/MCUXpresso/DigitalMove/mbed/TARGET_LPC1768/TOOLCHAIN_GCC_ARM/libmbed.a(SerialBase.o)
                0x00002f90                mbed::SerialBase::_irq_handler(unsigned long, SerialIrq)
 .text._ZN4mbed10SerialBaseC2E7PinNameS1_
                0x00002fa0       0x40 D:/_ishikawa/Tools/DigitalMove/ARM/MCUXpresso/DigitalMove/mbed/TARGET_LPC1768/TOOLCHAIN_GCC_ARM/libmbed.a(SerialBase.o)
                0x00002fa0                mbed::SerialBase::SerialBase(PinName, PinName)
                0x00002fa0                mbed::SerialBase::SerialBase(PinName, PinName)
 .text._ZN4mbed10SerialBase4baudEi
                0x00002fe0       0x10 D:/_ishikawa/Tools/DigitalMove/ARM/MCUXpresso/DigitalMove/mbed/TARGET_LPC1768/TOOLCHAIN_GCC_ARM/libmbed.a(SerialBase.o)
                0x00002fe0                mbed::SerialBase::baud(int)
 .text._ZN4mbed10SerialBase6attachEPFvvENS0_7IrqTypeE
                0x00002ff0       0x30 D:/_ishikawa/Tools/DigitalMove/ARM/MCUXpresso/DigitalMove/mbed/TARGET_LPC1768/TOOLCHAIN_GCC_ARM/libmbed.a(SerialBase.o)
                0x00002ff0                mbed::SerialBase::attach(void (*)(), mbed::SerialBase::IrqType)
 .text._ZN4mbed10SerialBase10_base_getcEv
                0x00003020        0x4 D:/_ishikawa/Tools/DigitalMove/ARM/MCUXpresso/DigitalMove/mbed/TARGET_LPC1768/TOOLCHAIN_GCC_ARM/libmbed.a(SerialBase.o)
                0x00003020                mbed::SerialBase::_base_getc()
 .text._ZN4mbed10SerialBase10_base_putcEi
                0x00003024        0xc D:/_ishikawa/Tools/DigitalMove/ARM/MCUXpresso/DigitalMove/mbed/TARGET_LPC1768/TOOLCHAIN_GCC_ARM/libmbed.a(SerialBase.o)
                0x00003024                mbed::SerialBase::_base_putc(int)
 .text._ZN4mbed6Stream5closeEv
                0x00003030        0x4 D:/_ishikawa/Tools/DigitalMove/ARM/MCUXpresso/DigitalMove/mbed/TARGET_LPC1768/TOOLCHAIN_GCC_ARM/libmbed.a(Stream.o)
                0x00003030                mbed::Stream::close()
 .text._ZN4mbed6Stream5writeEPKvj
                0x00003034       0x78 D:/_ishikawa/Tools/DigitalMove/ARM/MCUXpresso/DigitalMove/mbed/TARGET_LPC1768/TOOLCHAIN_GCC_ARM/libmbed.a(Stream.o)
                0x00003034                mbed::Stream::write(void const*, unsigned int)
 .text._ZN4mbed6Stream4readEPvj
                0x000030ac       0x78 D:/_ishikawa/Tools/DigitalMove/ARM/MCUXpresso/DigitalMove/mbed/TARGET_LPC1768/TOOLCHAIN_GCC_ARM/libmbed.a(Stream.o)
                0x000030ac                mbed::Stream::read(void*, unsigned int)
 .text._ZN4mbed6Stream5lseekEli
                0x00003124        0x4 D:/_ishikawa/Tools/DigitalMove/ARM/MCUXpresso/DigitalMove/mbed/TARGET_LPC1768/TOOLCHAIN_GCC_ARM/libmbed.a(Stream.o)
                0x00003124                mbed::Stream::lseek(long, int)
 .text._ZN4mbed6Stream6isattyEv
                0x00003128        0x4 D:/_ishikawa/Tools/DigitalMove/ARM/MCUXpresso/DigitalMove/mbed/TARGET_LPC1768/TOOLCHAIN_GCC_ARM/libmbed.a(Stream.o)
                0x00003128                mbed::Stream::isatty()
 .text._ZN4mbed6Stream5fsyncEv
                0x0000312c        0x4 D:/_ishikawa/Tools/DigitalMove/ARM/MCUXpresso/DigitalMove/mbed/TARGET_LPC1768/TOOLCHAIN_GCC_ARM/libmbed.a(Stream.o)
                0x0000312c                mbed::Stream::fsync()
 .text._ZN4mbed6Stream4flenEv
                0x00003130        0x4 D:/_ishikawa/Tools/DigitalMove/ARM/MCUXpresso/DigitalMove/mbed/TARGET_LPC1768/TOOLCHAIN_GCC_ARM/libmbed.a(Stream.o)
                0x00003130                mbed::Stream::flen()
 .text._ZN4mbed6StreamD2Ev
                0x00003134       0x28 D:/_ishikawa/Tools/DigitalMove/ARM/MCUXpresso/DigitalMove/mbed/TARGET_LPC1768/TOOLCHAIN_GCC_ARM/libmbed.a(Stream.o)
                0x00003134                mbed::Stream::~Stream()
                0x00003134                mbed::Stream::~Stream()
 .text._ZThn4_N4mbed6StreamD1Ev
                0x0000315c        0x8 D:/_ishikawa/Tools/DigitalMove/ARM/MCUXpresso/DigitalMove/mbed/TARGET_LPC1768/TOOLCHAIN_GCC_ARM/libmbed.a(Stream.o)
                0x0000315c                non-virtual thunk to mbed::Stream::~Stream()
 .text._ZN4mbed6StreamD0Ev
                0x00003164       0x14 D:/_ishikawa/Tools/DigitalMove/ARM/MCUXpresso/DigitalMove/mbed/TARGET_LPC1768/TOOLCHAIN_GCC_ARM/libmbed.a(Stream.o)
                0x00003164                mbed::Stream::~Stream()
 .text._ZThn4_N4mbed6StreamD0Ev
                0x00003178        0x8 D:/_ishikawa/Tools/DigitalMove/ARM/MCUXpresso/DigitalMove/mbed/TARGET_LPC1768/TOOLCHAIN_GCC_ARM/libmbed.a(Stream.o)
                0x00003178                non-virtual thunk to mbed::Stream::~Stream()
 .text._ZN4mbed6StreamC2EPKc
                0x00003180       0x48 D:/_ishikawa/Tools/DigitalMove/ARM/MCUXpresso/DigitalMove/mbed/TARGET_LPC1768/TOOLCHAIN_GCC_ARM/libmbed.a(Stream.o)
                0x00003180                mbed::Stream::Stream(char const*)
                0x00003180                mbed::Stream::Stream(char const*)
 .text._ZN4mbed6Stream4putcEi
                0x000031c8       0x18 D:/_ishikawa/Tools/DigitalMove/ARM/MCUXpresso/DigitalMove/mbed/TARGET_LPC1768/TOOLCHAIN_GCC_ARM/libmbed.a(Stream.o)
                0x000031c8                mbed::Stream::putc(int)
 .text._ZN4mbed6Stream4getcEv
                0x000031e0       0x14 D:/_ishikawa/Tools/DigitalMove/ARM/MCUXpresso/DigitalMove/mbed/TARGET_LPC1768/TOOLCHAIN_GCC_ARM/libmbed.a(Stream.o)
                0x000031e0                mbed::Stream::getc()
 .text.handle_interrupt_in
                0x000031f4      0x154 D:/_ishikawa/Tools/DigitalMove/ARM/MCUXpresso/DigitalMove/mbed/TARGET_LPC1768/TOOLCHAIN_GCC_ARM/libmbed.a(gpio_irq_api.o)
 .text.gpio_irq_init
                0x00003348       0x80 D:/_ishikawa/Tools/DigitalMove/ARM/MCUXpresso/DigitalMove/mbed/TARGET_LPC1768/TOOLCHAIN_GCC_ARM/libmbed.a(gpio_irq_api.o)
                0x00003348                gpio_irq_init
 .text.gpio_irq_free
                0x000033c8       0x14 D:/_ishikawa/Tools/DigitalMove/ARM/MCUXpresso/DigitalMove/mbed/TARGET_LPC1768/TOOLCHAIN_GCC_ARM/libmbed.a(gpio_irq_api.o)
                0x000033c8                gpio_irq_free
 .text.gpio_irq_set
                0x000033dc      0x10c D:/_ishikawa/Tools/DigitalMove/ARM/MCUXpresso/DigitalMove/mbed/TARGET_LPC1768/TOOLCHAIN_GCC_ARM/libmbed.a(gpio_irq_api.o)
                0x000033dc                gpio_irq_set
 .text.mbed_die
                0x000034e8       0x84 D:/_ishikawa/Tools/DigitalMove/ARM/MCUXpresso/DigitalMove/mbed/TARGET_LPC1768/TOOLCHAIN_GCC_ARM/libmbed.a(board.o)
                0x000034e8                mbed_die
 .text.wait_us  0x0000356c       0x18 D:/_ishikawa/Tools/DigitalMove/ARM/MCUXpresso/DigitalMove/mbed/TARGET_LPC1768/TOOLCHAIN_GCC_ARM/libmbed.a(wait_api.o)
                0x0000356c                wait_us
 .text.wait_ms  0x00003584        0xc D:/_ishikawa/Tools/DigitalMove/ARM/MCUXpresso/DigitalMove/mbed/TARGET_LPC1768/TOOLCHAIN_GCC_ARM/libmbed.a(wait_api.o)
                0x00003584                wait_ms
 .text._ZN4mbed8FileBaseD2Ev
                0x00003590       0x30 D:/_ishikawa/Tools/DigitalMove/ARM/MCUXpresso/DigitalMove/mbed/TARGET_LPC1768/TOOLCHAIN_GCC_ARM/libmbed.a(FileBase.o)
                0x00003590                mbed::FileBase::~FileBase()
                0x00003590                mbed::FileBase::~FileBase()
 .text._ZN4mbed8FileBaseD0Ev
                0x000035c0       0x3c D:/_ishikawa/Tools/DigitalMove/ARM/MCUXpresso/DigitalMove/mbed/TARGET_LPC1768/TOOLCHAIN_GCC_ARM/libmbed.a(FileBase.o)
                0x000035c0                mbed::FileBase::~FileBase()
 .text._ZN4mbed8FileBaseC2EPKcNS_8PathTypeE
                0x000035fc       0x20 D:/_ishikawa/Tools/DigitalMove/ARM/MCUXpresso/DigitalMove/mbed/TARGET_LPC1768/TOOLCHAIN_GCC_ARM/libmbed.a(FileBase.o)
                0x000035fc                mbed::FileBase::FileBase(char const*, mbed::PathType)
                0x000035fc                mbed::FileBase::FileBase(char const*, mbed::PathType)
 .text._ZN4mbed8FileBase6lookupEPKcj
                0x0000361c       0x40 D:/_ishikawa/Tools/DigitalMove/ARM/MCUXpresso/DigitalMove/mbed/TARGET_LPC1768/TOOLCHAIN_GCC_ARM/libmbed.a(FileBase.o)
                0x0000361c                mbed::FileBase::lookup(char const*, unsigned int)
 .text._ZN4mbed8FileBase11getPathTypeEv
                0x0000365c        0x4 D:/_ishikawa/Tools/DigitalMove/ARM/MCUXpresso/DigitalMove/mbed/TARGET_LPC1768/TOOLCHAIN_GCC_ARM/libmbed.a(FileBase.o)
                0x0000365c                mbed::FileBase::getPathType()
 .text._ZN4mbed8FileLikeD2Ev
                0x00003660       0x28 D:/_ishikawa/Tools/DigitalMove/ARM/MCUXpresso/DigitalMove/mbed/TARGET_LPC1768/TOOLCHAIN_GCC_ARM/libmbed.a(FileLike.o)
                0x00003660                mbed::FileLike::~FileLike()
                0x00003660                mbed::FileLike::~FileLike()
 .text._ZThn4_N4mbed8FileLikeD1Ev
                0x00003688        0x8 D:/_ishikawa/Tools/DigitalMove/ARM/MCUXpresso/DigitalMove/mbed/TARGET_LPC1768/TOOLCHAIN_GCC_ARM/libmbed.a(FileLike.o)
                0x00003688                non-virtual thunk to mbed::FileLike::~FileLike()
 .text._ZN4mbed8FileLikeD0Ev
                0x00003690       0x14 D:/_ishikawa/Tools/DigitalMove/ARM/MCUXpresso/DigitalMove/mbed/TARGET_LPC1768/TOOLCHAIN_GCC_ARM/libmbed.a(FileLike.o)
                0x00003690                mbed::FileLike::~FileLike()
 .text._ZThn4_N4mbed8FileLikeD0Ev
                0x000036a4        0x8 D:/_ishikawa/Tools/DigitalMove/ARM/MCUXpresso/DigitalMove/mbed/TARGET_LPC1768/TOOLCHAIN_GCC_ARM/libmbed.a(FileLike.o)
                0x000036a4                non-virtual thunk to mbed::FileLike::~FileLike()
 .text._ZN4mbed8FileLikeC2EPKc
                0x000036ac       0x2c D:/_ishikawa/Tools/DigitalMove/ARM/MCUXpresso/DigitalMove/mbed/TARGET_LPC1768/TOOLCHAIN_GCC_ARM/libmbed.a(FileLike.o)
                0x000036ac                mbed::FileLike::FileLike(char const*)
                0x000036ac                mbed::FileLike::FileLike(char const*)
 .text._ZN4mbed15FunctionPointerC2EPFvvE
                0x000036d8        0x8 D:/_ishikawa/Tools/DigitalMove/ARM/MCUXpresso/DigitalMove/mbed/TARGET_LPC1768/TOOLCHAIN_GCC_ARM/libmbed.a(FunctionPointer.o)
                0x000036d8                mbed::FunctionPointer::FunctionPointer(void (*)())
                0x000036d8                mbed::FunctionPointer::FunctionPointer(void (*)())
 .text._ZN4mbed15FunctionPointer6attachEPFvvE
                0x000036e0        0x8 D:/_ishikawa/Tools/DigitalMove/ARM/MCUXpresso/DigitalMove/mbed/TARGET_LPC1768/TOOLCHAIN_GCC_ARM/libmbed.a(FunctionPointer.o)
                0x000036e0                mbed::FunctionPointer::attach(void (*)())
 .text._ZN4mbed15FunctionPointer4callEv
                0x000036e8       0x18 D:/_ishikawa/Tools/DigitalMove/ARM/MCUXpresso/DigitalMove/mbed/TARGET_LPC1768/TOOLCHAIN_GCC_ARM/libmbed.a(FunctionPointer.o)
                0x000036e8                mbed::FunctionPointer::call()
 .text.us_ticker_init
                0x00003700       0x6c D:/_ishikawa/Tools/DigitalMove/ARM/MCUXpresso/DigitalMove/mbed/TARGET_LPC1768/TOOLCHAIN_GCC_ARM/libmbed.a(us_ticker.o)
                0x00003700                us_ticker_init
 .text.us_ticker_read
                0x0000376c       0x1c D:/_ishikawa/Tools/DigitalMove/ARM/MCUXpresso/DigitalMove/mbed/TARGET_LPC1768/TOOLCHAIN_GCC_ARM/libmbed.a(us_ticker.o)
                0x0000376c                us_ticker_read
 .text.us_ticker_set_interrupt
                0x00003788       0x14 D:/_ishikawa/Tools/DigitalMove/ARM/MCUXpresso/DigitalMove/mbed/TARGET_LPC1768/TOOLCHAIN_GCC_ARM/libmbed.a(us_ticker.o)
                0x00003788                us_ticker_set_interrupt
 .text.us_ticker_disable_interrupt
                0x0000379c       0x14 D:/_ishikawa/Tools/DigitalMove/ARM/MCUXpresso/DigitalMove/mbed/TARGET_LPC1768/TOOLCHAIN_GCC_ARM/libmbed.a(us_ticker.o)
                0x0000379c                us_ticker_disable_interrupt
 .text.us_ticker_clear_interrupt
                0x000037b0       0x10 D:/_ishikawa/Tools/DigitalMove/ARM/MCUXpresso/DigitalMove/mbed/TARGET_LPC1768/TOOLCHAIN_GCC_ARM/libmbed.a(us_ticker.o)
                0x000037b0                us_ticker_clear_interrupt
 .text.us_ticker_irq_handler
                0x000037c0       0x48 D:/_ishikawa/Tools/DigitalMove/ARM/MCUXpresso/DigitalMove/mbed/TARGET_LPC1768/TOOLCHAIN_GCC_ARM/libmbed.a(us_ticker_api.o)
                0x000037c0                us_ticker_irq_handler
 .text._ZNK10__cxxabiv117__class_type_info11__do_upcastEPKS0_PPv
                0x00003808       0x38 c:/program files (x86)/gnu tools arm embedded/6 2017-q2-update/bin/../lib/gcc/arm-none-eabi/6.3.1/../../../../arm-none-eabi/lib/thumb/v7-m\libstdc++.a(class_type_info.o)
                0x00003808                __cxxabiv1::__class_type_info::__do_upcast(__cxxabiv1::__class_type_info const*, void**) const
 .text._ZNK10__cxxabiv117__class_type_info20__do_find_public_srcEiPKvPKS0_S2_
                0x00003840        0xc c:/program files (x86)/gnu tools arm embedded/6 2017-q2-update/bin/../lib/gcc/arm-none-eabi/6.3.1/../../../../arm-none-eabi/lib/thumb/v7-m\libstdc++.a(class_type_info.o)
                0x00003840                __cxxabiv1::__class_type_info::__do_find_public_src(int, void const*, __cxxabiv1::__class_type_info const*, void const*) const
 .text._ZN10__cxxabiv117__class_type_infoD2Ev
                0x0000384c       0x14 c:/program files (x86)/gnu tools arm embedded/6 2017-q2-update/bin/../lib/gcc/arm-none-eabi/6.3.1/../../../../arm-none-eabi/lib/thumb/v7-m\libstdc++.a(class_type_info.o)
                0x0000384c                __cxxabiv1::__class_type_info::~__class_type_info()
                0x0000384c                __cxxabiv1::__class_type_info::~__class_type_info()
 .text._ZN10__cxxabiv117__class_type_infoD0Ev
                0x00003860       0x1c c:/program files (x86)/gnu tools arm embedded/6 2017-q2-update/bin/../lib/gcc/arm-none-eabi/6.3.1/../../../../arm-none-eabi/lib/thumb/v7-m\libstdc++.a(class_type_info.o)
                0x00003860                __cxxabiv1::__class_type_info::~__class_type_info()
 .text._ZNK10__cxxabiv117__class_type_info11__do_upcastEPKS0_PKvRNS0_15__upcast_resultE
                0x0000387c       0x18 c:/program files (x86)/gnu tools arm embedded/6 2017-q2-update/bin/../lib/gcc/arm-none-eabi/6.3.1/../../../../arm-none-eabi/lib/thumb/v7-m\libstdc++.a(class_type_info.o)
                0x0000387c                __cxxabiv1::__class_type_info::__do_upcast(__cxxabiv1::__class_type_info const*, void const*, __cxxabiv1::__class_type_info::__upcast_result&) const
 .text._ZNK10__cxxabiv117__class_type_info10__do_catchEPKSt9type_infoPPvj
                0x00003894       0x2c c:/program files (x86)/gnu tools arm embedded/6 2017-q2-update/bin/../lib/gcc/arm-none-eabi/6.3.1/../../../../arm-none-eabi/lib/thumb/v7-m\libstdc++.a(class_type_info.o)
                0x00003894                __cxxabiv1::__class_type_info::__do_catch(std::type_info const*, void**, unsigned int) const
 .text._ZNK10__cxxabiv117__class_type_info12__do_dyncastEiNS0_10__sub_kindEPKS0_PKvS3_S5_RNS0_16__dyncast_resultE
                0x000038c0       0x40 c:/program files (x86)/gnu tools arm embedded/6 2017-q2-update/bin/../lib/gcc/arm-none-eabi/6.3.1/../../../../arm-none-eabi/lib/thumb/v7-m\libstdc++.a(class_type_info.o)
                0x000038c0                __cxxabiv1::__class_type_info::__do_dyncast(int, __cxxabiv1::__class_type_info::__sub_kind, __cxxabiv1::__class_type_info const*, void const*, __cxxabiv1::__class_type_info const*, void const*, __cxxabiv1::__class_type_info::__dyncast_result&) const
 .text._ZN12_GLOBAL__N_14pool4freeEPv.constprop.4
                0x00003900       0x7c c:/program files (x86)/gnu tools arm embedded/6 2017-q2-update/bin/../lib/gcc/arm-none-eabi/6.3.1/../../../../arm-none-eabi/lib/thumb/v7-m\libstdc++.a(eh_alloc.o)
 .text._ZN12_GLOBAL__N_14pool8allocateEj.constprop.5
                0x0000397c       0x68 c:/program files (x86)/gnu tools arm embedded/6 2017-q2-update/bin/../lib/gcc/arm-none-eabi/6.3.1/../../../../arm-none-eabi/lib/thumb/v7-m\libstdc++.a(eh_alloc.o)
 .text.__cxa_allocate_exception
                0x000039e4       0x30 c:/program files (x86)/gnu tools arm embedded/6 2017-q2-update/bin/../lib/gcc/arm-none-eabi/6.3.1/../../../../arm-none-eabi/lib/thumb/v7-m\libstdc++.a(eh_alloc.o)
                0x000039e4                __cxa_allocate_exception
 .text.__cxa_free_exception
                0x00003a14       0x20 c:/program files (x86)/gnu tools arm embedded/6 2017-q2-update/bin/../lib/gcc/arm-none-eabi/6.3.1/../../../../arm-none-eabi/lib/thumb/v7-m\libstdc++.a(eh_alloc.o)
                0x00003a14                __cxa_free_exception
 .text.startup._GLOBAL__sub_I__ZN9__gnu_cxx9__freeresEv
                0x00003a34       0x28 c:/program files (x86)/gnu tools arm embedded/6 2017-q2-update/bin/../lib/gcc/arm-none-eabi/6.3.1/../../../../arm-none-eabi/lib/thumb/v7-m\libstdc++.a(eh_alloc.o)
 .text.__aeabi_atexit
                0x00003a5c        0xc c:/program files (x86)/gnu tools arm embedded/6 2017-q2-update/bin/../lib/gcc/arm-none-eabi/6.3.1/../../../../arm-none-eabi/lib/thumb/v7-m\libstdc++.a(atexit_arm.o)
                0x00003a5c                __aeabi_atexit
 .text._ZL23__gxx_exception_cleanup19_Unwind_Reason_CodeP21_Unwind_Control_Block
                0x00003a68       0x44 c:/program files (x86)/gnu tools arm embedded/6 2017-q2-update/bin/../lib/gcc/arm-none-eabi/6.3.1/../../../../arm-none-eabi/lib/thumb/v7-m\libstdc++.a(eh_throw.o)
 .text.__cxa_throw
                0x00003aac       0x80 c:/program files (x86)/gnu tools arm embedded/6 2017-q2-update/bin/../lib/gcc/arm-none-eabi/6.3.1/../../../../arm-none-eabi/lib/thumb/v7-m\libstdc++.a(eh_throw.o)
                0x00003aac                __cxa_throw
 .text.__cxa_rethrow
                0x00003b2c       0x70 c:/program files (x86)/gnu tools arm embedded/6 2017-q2-update/bin/../lib/gcc/arm-none-eabi/6.3.1/../../../../arm-none-eabi/lib/thumb/v7-m\libstdc++.a(eh_throw.o)
                0x00003b2c                __cxa_rethrow
 .text.__cxa_begin_catch
                0x00003b9c       0x80 c:/program files (x86)/gnu tools arm embedded/6 2017-q2-update/bin/../lib/gcc/arm-none-eabi/6.3.1/../../../../arm-none-eabi/lib/thumb/v7-m\libstdc++.a(eh_catch.o)
                0x00003b9c                __cxa_begin_catch
 .text.__cxa_end_catch
                0x00003c1c       0x8c c:/program files (x86)/gnu tools arm embedded/6 2017-q2-update/bin/../lib/gcc/arm-none-eabi/6.3.1/../../../../arm-none-eabi/lib/thumb/v7-m\libstdc++.a(eh_catch.o)
                0x00003c1c                __cxa_end_catch
 .text._ZN10__cxxabiv120__si_class_type_infoD2Ev
                0x00003ca8       0x14 c:/program files (x86)/gnu tools arm embedded/6 2017-q2-update/bin/../lib/gcc/arm-none-eabi/6.3.1/../../../../arm-none-eabi/lib/thumb/v7-m\libstdc++.a(si_class_type_info.o)
                0x00003ca8                __cxxabiv1::__si_class_type_info::~__si_class_type_info()
                0x00003ca8                __cxxabiv1::__si_class_type_info::~__si_class_type_info()
 .text._ZN10__cxxabiv120__si_class_type_infoD0Ev
                0x00003cbc       0x1c c:/program files (x86)/gnu tools arm embedded/6 2017-q2-update/bin/../lib/gcc/arm-none-eabi/6.3.1/../../../../arm-none-eabi/lib/thumb/v7-m\libstdc++.a(si_class_type_info.o)
                0x00003cbc                __cxxabiv1::__si_class_type_info::~__si_class_type_info()
 .text._ZNK10__cxxabiv120__si_class_type_info20__do_find_public_srcEiPKvPKNS_17__class_type_infoES2_
                0x00003cd8       0x3c c:/program files (x86)/gnu tools arm embedded/6 2017-q2-update/bin/../lib/gcc/arm-none-eabi/6.3.1/../../../../arm-none-eabi/lib/thumb/v7-m\libstdc++.a(si_class_type_info.o)
                0x00003cd8                __cxxabiv1::__si_class_type_info::__do_find_public_src(int, void const*, __cxxabiv1::__class_type_info const*, void const*) const
 .text._ZNK10__cxxabiv120__si_class_type_info12__do_dyncastEiNS_17__class_type_info10__sub_kindEPKS1_PKvS4_S6_RNS1_16__dyncast_resultE
                0x00003d14       0x98 c:/program files (x86)/gnu tools arm embedded/6 2017-q2-update/bin/../lib/gcc/arm-none-eabi/6.3.1/../../../../arm-none-eabi/lib/thumb/v7-m\libstdc++.a(si_class_type_info.o)
                0x00003d14                __cxxabiv1::__si_class_type_info::__do_dyncast(int, __cxxabiv1::__class_type_info::__sub_kind, __cxxabiv1::__class_type_info const*, void const*, __cxxabiv1::__class_type_info const*, void const*, __cxxabiv1::__class_type_info::__dyncast_result&) const
 .text._ZNK10__cxxabiv120__si_class_type_info11__do_upcastEPKNS_17__class_type_infoEPKvRNS1_15__upcast_resultE
                0x00003dac       0x2c c:/program files (x86)/gnu tools arm embedded/6 2017-q2-update/bin/../lib/gcc/arm-none-eabi/6.3.1/../../../../arm-none-eabi/lib/thumb/v7-m\libstdc++.a(si_class_type_info.o)
                0x00003dac                __cxxabiv1::__si_class_type_info::__do_upcast(__cxxabiv1::__class_type_info const*, void const*, __cxxabiv1::__class_type_info::__upcast_result&) const
 .text._ZdlPvj  0x00003dd8        0x4 c:/program files (x86)/gnu tools arm embedded/6 2017-q2-update/bin/../lib/gcc/arm-none-eabi/6.3.1/../../../../arm-none-eabi/lib/thumb/v7-m\libstdc++.a(del_ops.o)
                0x00003dd8                operator delete(void*, unsigned int)
 .text._ZL28read_encoded_value_with_basehjPKhPj
                0x00003ddc       0xc0 c:/program files (x86)/gnu tools arm embedded/6 2017-q2-update/bin/../lib/gcc/arm-none-eabi/6.3.1/../../../../arm-none-eabi/lib/thumb/v7-m\libstdc++.a(eh_personality.o)
 .text._ZL21base_of_encoded_valuehP15_Unwind_Context
                0x00003e9c       0x40 c:/program files (x86)/gnu tools arm embedded/6 2017-q2-update/bin/../lib/gcc/arm-none-eabi/6.3.1/../../../../arm-none-eabi/lib/thumb/v7-m\libstdc++.a(eh_personality.o)
 .text._ZL17parse_lsda_headerP15_Unwind_ContextPKhP16lsda_header_info
                0x00003edc       0x94 c:/program files (x86)/gnu tools arm embedded/6 2017-q2-update/bin/../lib/gcc/arm-none-eabi/6.3.1/../../../../arm-none-eabi/lib/thumb/v7-m\libstdc++.a(eh_personality.o)
 .text.__gxx_personality_v0
                0x00003f70      0x4bc c:/program files (x86)/gnu tools arm embedded/6 2017-q2-update/bin/../lib/gcc/arm-none-eabi/6.3.1/../../../../arm-none-eabi/lib/thumb/v7-m\libstdc++.a(eh_personality.o)
                0x00003f70                __gxx_personality_v0
 .text._ZN10__cxxabiv111__terminateEPFvvE
                0x0000442c       0x28 c:/program files (x86)/gnu tools arm embedded/6 2017-q2-update/bin/../lib/gcc/arm-none-eabi/6.3.1/../../../../arm-none-eabi/lib/thumb/v7-m\libstdc++.a(eh_terminate.o)
                0x0000442c                __cxxabiv1::__terminate(void (*)())
 .text._ZSt9terminatev
                0x00004454       0x14 c:/program files (x86)/gnu tools arm embedded/6 2017-q2-update/bin/../lib/gcc/arm-none-eabi/6.3.1/../../../../arm-none-eabi/lib/thumb/v7-m\libstdc++.a(eh_terminate.o)
                0x00004454                std::terminate()
 .text._ZN10__cxxabiv112__unexpectedEPFvvE
                0x00004468        0x8 c:/program files (x86)/gnu tools arm embedded/6 2017-q2-update/bin/../lib/gcc/arm-none-eabi/6.3.1/../../../../arm-none-eabi/lib/thumb/v7-m\libstdc++.a(eh_terminate.o)
                0x00004468                __cxxabiv1::__unexpected(void (*)())
 .text._ZSt10unexpectedv
                0x00004470       0x14 c:/program files (x86)/gnu tools arm embedded/6 2017-q2-update/bin/../lib/gcc/arm-none-eabi/6.3.1/../../../../arm-none-eabi/lib/thumb/v7-m\libstdc++.a(eh_terminate.o)
                0x00004470                std::unexpected()
 .text._ZSt13get_terminatev
                0x00004484       0x10 c:/program files (x86)/gnu tools arm embedded/6 2017-q2-update/bin/../lib/gcc/arm-none-eabi/6.3.1/../../../../arm-none-eabi/lib/thumb/v7-m\libstdc++.a(eh_terminate.o)
                0x00004484                std::get_terminate()
 .text._ZSt14get_unexpectedv
                0x00004494       0x10 c:/program files (x86)/gnu tools arm embedded/6 2017-q2-update/bin/../lib/gcc/arm-none-eabi/6.3.1/../../../../arm-none-eabi/lib/thumb/v7-m\libstdc++.a(eh_terminate.o)
                0x00004494                std::get_unexpected()
 .text._ZdlPv   0x000044a4        0x4 c:/program files (x86)/gnu tools arm embedded/6 2017-q2-update/bin/../lib/gcc/arm-none-eabi/6.3.1/../../../../arm-none-eabi/lib/thumb/v7-m\libstdc++.a(del_op.o)
                0x000044a4                operator delete(void*)
 .text._ZN10__cxxabiv121__vmi_class_type_infoD2Ev
                0x000044a8       0x14 c:/program files (x86)/gnu tools arm embedded/6 2017-q2-update/bin/../lib/gcc/arm-none-eabi/6.3.1/../../../../arm-none-eabi/lib/thumb/v7-m\libstdc++.a(vmi_class_type_info.o)
                0x000044a8                __cxxabiv1::__vmi_class_type_info::~__vmi_class_type_info()
                0x000044a8                __cxxabiv1::__vmi_class_type_info::~__vmi_class_type_info()
 .text._ZN10__cxxabiv121__vmi_class_type_infoD0Ev
                0x000044bc       0x1c c:/program files (x86)/gnu tools arm embedded/6 2017-q2-update/bin/../lib/gcc/arm-none-eabi/6.3.1/../../../../arm-none-eabi/lib/thumb/v7-m\libstdc++.a(vmi_class_type_info.o)
                0x000044bc                __cxxabiv1::__vmi_class_type_info::~__vmi_class_type_info()
 .text._ZNK10__cxxabiv121__vmi_class_type_info20__do_find_public_srcEiPKvPKNS_17__class_type_infoES2_
                0x000044d8       0x7c c:/program files (x86)/gnu tools arm embedded/6 2017-q2-update/bin/../lib/gcc/arm-none-eabi/6.3.1/../../../../arm-none-eabi/lib/thumb/v7-m\libstdc++.a(vmi_class_type_info.o)
                0x000044d8                __cxxabiv1::__vmi_class_type_info::__do_find_public_src(int, void const*, __cxxabiv1::__class_type_info const*, void const*) const
 .text._ZNK10__cxxabiv121__vmi_class_type_info12__do_dyncastEiNS_17__class_type_info10__sub_kindEPKS1_PKvS4_S6_RNS1_16__dyncast_resultE
                0x00004554      0x390 c:/program files (x86)/gnu tools arm embedded/6 2017-q2-update/bin/../lib/gcc/arm-none-eabi/6.3.1/../../../../arm-none-eabi/lib/thumb/v7-m\libstdc++.a(vmi_class_type_info.o)
                0x00004554                __cxxabiv1::__vmi_class_type_info::__do_dyncast(int, __cxxabiv1::__class_type_info::__sub_kind, __cxxabiv1::__class_type_info const*, void const*, __cxxabiv1::__class_type_info const*, void const*, __cxxabiv1::__class_type_info::__dyncast_result&) const
 .text._ZNK10__cxxabiv121__vmi_class_type_info11__do_upcastEPKNS_17__class_type_infoEPKvRNS1_15__upcast_resultE
                0x000048e4      0x150 c:/program files (x86)/gnu tools arm embedded/6 2017-q2-update/bin/../lib/gcc/arm-none-eabi/6.3.1/../../../../arm-none-eabi/lib/thumb/v7-m\libstdc++.a(vmi_class_type_info.o)
                0x000048e4                __cxxabiv1::__vmi_class_type_info::__do_upcast(__cxxabiv1::__class_type_info const*, void const*, __cxxabiv1::__class_type_info::__upcast_result&) const
 .text._ZNSt9type_infoD2Ev
                0x00004a34        0x4 c:/program files (x86)/gnu tools arm embedded/6 2017-q2-update/bin/../lib/gcc/arm-none-eabi/6.3.1/../../../../arm-none-eabi/lib/thumb/v7-m\libstdc++.a(tinfo.o)
                0x00004a34                std::type_info::~type_info()
                0x00004a34                std::type_info::~type_info()
 .text._ZNKSt9type_info15__is_function_pEv
                0x00004a38        0x4 c:/program files (x86)/gnu tools arm embedded/6 2017-q2-update/bin/../lib/gcc/arm-none-eabi/6.3.1/../../../../arm-none-eabi/lib/thumb/v7-m\libstdc++.a(tinfo.o)
                0x00004a38                std::type_info::__is_pointer_p() const
                0x00004a38                std::type_info::__is_function_p() const
 .text._ZNKSt9type_infoeqERKS_
                0x00004a3c       0x2c c:/program files (x86)/gnu tools arm embedded/6 2017-q2-update/bin/../lib/gcc/arm-none-eabi/6.3.1/../../../../arm-none-eabi/lib/thumb/v7-m\libstdc++.a(tinfo.o)
                0x00004a3c                std::type_info::operator==(std::type_info const&) const
 .text.__cxa_end_cleanup
                0x00004a68        0xc c:/program files (x86)/gnu tools arm embedded/6 2017-q2-update/bin/../lib/gcc/arm-none-eabi/6.3.1/../../../../arm-none-eabi/lib/thumb/v7-m\libstdc++.a(eh_arm.o)
                0x00004a68                __cxa_end_cleanup
 .text.__cxa_type_match
                0x00004a74       0xb8 c:/program files (x86)/gnu tools arm embedded/6 2017-q2-update/bin/../lib/gcc/arm-none-eabi/6.3.1/../../../../arm-none-eabi/lib/thumb/v7-m\libstdc++.a(eh_arm.o)
                0x00004a74                __cxa_type_match
 .text.__cxa_begin_cleanup
                0x00004b2c       0x64 c:/program files (x86)/gnu tools arm embedded/6 2017-q2-update/bin/../lib/gcc/arm-none-eabi/6.3.1/../../../../arm-none-eabi/lib/thumb/v7-m\libstdc++.a(eh_arm.o)
                0x00004b2c                __cxa_begin_cleanup
 .text.__gnu_end_cleanup
                0x00004b90       0x70 c:/program files (x86)/gnu tools arm embedded/6 2017-q2-update/bin/../lib/gcc/arm-none-eabi/6.3.1/../../../../arm-none-eabi/lib/thumb/v7-m\libstdc++.a(eh_arm.o)
                0x00004b90                __gnu_end_cleanup
 .text.__cxa_get_globals_fast
                0x00004c00        0x8 c:/program files (x86)/gnu tools arm embedded/6 2017-q2-update/bin/../lib/gcc/arm-none-eabi/6.3.1/../../../../arm-none-eabi/lib/thumb/v7-m\libstdc++.a(eh_globals.o)
                0x00004c00                __cxa_get_globals_fast
 .text.__cxa_get_globals
                0x00004c08        0x8 c:/program files (x86)/gnu tools arm embedded/6 2017-q2-update/bin/../lib/gcc/arm-none-eabi/6.3.1/../../../../arm-none-eabi/lib/thumb/v7-m\libstdc++.a(eh_globals.o)
                0x00004c08                __cxa_get_globals
 .text._ZNSt13bad_exceptionD2Ev
                0x00004c10        0x4 c:/program files (x86)/gnu tools arm embedded/6 2017-q2-update/bin/../lib/gcc/arm-none-eabi/6.3.1/../../../../arm-none-eabi/lib/thumb/v7-m\libstdc++.a(eh_exception.o)
                0x00004c10                std::bad_exception::~bad_exception()
                0x00004c10                std::bad_exception::~bad_exception()
 .text._ZGTtNKSt13bad_exception4whatEv
                0x00004c14        0x8 c:/program files (x86)/gnu tools arm embedded/6 2017-q2-update/bin/../lib/gcc/arm-none-eabi/6.3.1/../../../../arm-none-eabi/lib/thumb/v7-m\libstdc++.a(eh_exception.o)
                0x00004c14                std::bad_exception::what() const
                0x00004c14                transaction clone for std::bad_exception::what() const
 .text._ZNSt13bad_exceptionD0Ev
                0x00004c1c       0x10 c:/program files (x86)/gnu tools arm embedded/6 2017-q2-update/bin/../lib/gcc/arm-none-eabi/6.3.1/../../../../arm-none-eabi/lib/thumb/v7-m\libstdc++.a(eh_exception.o)
                0x00004c1c                std::bad_exception::~bad_exception()
 .text._ZN10__cxxabiv1L24__is_gxx_exception_classEPc
                0x00004c2c       0x3c c:/program files (x86)/gnu tools arm embedded/6 2017-q2-update/bin/../lib/gcc/arm-none-eabi/6.3.1/../../../../arm-none-eabi/lib/thumb/v7-m\libstdc++.a(eh_call.o)
 .text.__cxa_call_terminate
                0x00004c68       0x20 c:/program files (x86)/gnu tools arm embedded/6 2017-q2-update/bin/../lib/gcc/arm-none-eabi/6.3.1/../../../../arm-none-eabi/lib/thumb/v7-m\libstdc++.a(eh_call.o)
                0x00004c68                __cxa_call_terminate
 .text.__cxa_call_unexpected
                0x00004c88       0xe4 c:/program files (x86)/gnu tools arm embedded/6 2017-q2-update/bin/../lib/gcc/arm-none-eabi/6.3.1/../../../../arm-none-eabi/lib/thumb/v7-m\libstdc++.a(eh_call.o)
                0x00004c88                __cxa_call_unexpected
 .text.fabs     0x00004d6c        0x8 c:/program files (x86)/gnu tools arm embedded/6 2017-q2-update/bin/../lib/gcc/arm-none-eabi/6.3.1/../../../../arm-none-eabi/lib/thumb/v7-m\libm.a(lib_a-s_fabs.o)
                0x00004d6c                fabs
 .text.abort    0x00004d74       0x10 c:/program files (x86)/gnu tools arm embedded/6 2017-q2-update/bin/../lib/gcc/arm-none-eabi/6.3.1/../../../../arm-none-eabi/lib/thumb/v7-m\libc.a(lib_a-abort.o)
                0x00004d74                abort
 .text.__cxa_atexit
                0x00004d84        0xc c:/program files (x86)/gnu tools arm embedded/6 2017-q2-update/bin/../lib/gcc/arm-none-eabi/6.3.1/../../../../arm-none-eabi/lib/thumb/v7-m\libc.a(lib_a-cxa_atexit.o)
                0x00004d84                __cxa_atexit
 .text.__errno  0x00004d90        0xc c:/program files (x86)/gnu tools arm embedded/6 2017-q2-update/bin/../lib/gcc/arm-none-eabi/6.3.1/../../../../arm-none-eabi/lib/thumb/v7-m\libc.a(lib_a-errno.o)
                0x00004d90                __errno
 .text._fclose_r
                0x00004d9c       0xc4 c:/program files (x86)/gnu tools arm embedded/6 2017-q2-update/bin/../lib/gcc/arm-none-eabi/6.3.1/../../../../arm-none-eabi/lib/thumb/v7-m\libc.a(lib_a-fclose.o)
                0x00004d9c                _fclose_r
 .text.fclose   0x00004e60       0x10 c:/program files (x86)/gnu tools arm embedded/6 2017-q2-update/bin/../lib/gcc/arm-none-eabi/6.3.1/../../../../arm-none-eabi/lib/thumb/v7-m\libc.a(lib_a-fclose.o)
                0x00004e60                fclose
 .text.__sflush_r
                0x00004e70      0x138 c:/program files (x86)/gnu tools arm embedded/6 2017-q2-update/bin/../lib/gcc/arm-none-eabi/6.3.1/../../../../arm-none-eabi/lib/thumb/v7-m\libc.a(lib_a-fflush.o)
                0x00004e70                __sflush_r
 .text._fflush_r
                0x00004fa8       0x54 c:/program files (x86)/gnu tools arm embedded/6 2017-q2-update/bin/../lib/gcc/arm-none-eabi/6.3.1/../../../../arm-none-eabi/lib/thumb/v7-m\libc.a(lib_a-fflush.o)
                0x00004fa8                _fflush_r
 .text.fflush   0x00004ffc       0x24 c:/program files (x86)/gnu tools arm embedded/6 2017-q2-update/bin/../lib/gcc/arm-none-eabi/6.3.1/../../../../arm-none-eabi/lib/thumb/v7-m\libc.a(lib_a-fflush.o)
                0x00004ffc                fflush
 .text.fgetc    0x00005020       0x70 c:/program files (x86)/gnu tools arm embedded/6 2017-q2-update/bin/../lib/gcc/arm-none-eabi/6.3.1/../../../../arm-none-eabi/lib/thumb/v7-m\libc.a(lib_a-fgetc.o)
                0x00005020                fgetc
 .text._cleanup_r
                0x00005090        0xc c:/program files (x86)/gnu tools arm embedded/6 2017-q2-update/bin/../lib/gcc/arm-none-eabi/6.3.1/../../../../arm-none-eabi/lib/thumb/v7-m\libc.a(lib_a-findfp.o)
                0x00005090                _cleanup_r
 .text.std.isra.0
                0x0000509c       0x50 c:/program files (x86)/gnu tools arm embedded/6 2017-q2-update/bin/../lib/gcc/arm-none-eabi/6.3.1/../../../../arm-none-eabi/lib/thumb/v7-m\libc.a(lib_a-findfp.o)
 .text.__sfmoreglue
                0x000050ec       0x30 c:/program files (x86)/gnu tools arm embedded/6 2017-q2-update/bin/../lib/gcc/arm-none-eabi/6.3.1/../../../../arm-none-eabi/lib/thumb/v7-m\libc.a(lib_a-findfp.o)
                0x000050ec                __sfmoreglue
 .text.__sinit  0x0000511c       0x60 c:/program files (x86)/gnu tools arm embedded/6 2017-q2-update/bin/../lib/gcc/arm-none-eabi/6.3.1/../../../../arm-none-eabi/lib/thumb/v7-m\libc.a(lib_a-findfp.o)
                0x0000511c                __sinit
 .text.__sfp    0x0000517c       0xa8 c:/program files (x86)/gnu tools arm embedded/6 2017-q2-update/bin/../lib/gcc/arm-none-eabi/6.3.1/../../../../arm-none-eabi/lib/thumb/v7-m\libc.a(lib_a-findfp.o)
                0x0000517c                __sfp
 .text.__sfp_lock_acquire
                0x00005224        0xc c:/program files (x86)/gnu tools arm embedded/6 2017-q2-update/bin/../lib/gcc/arm-none-eabi/6.3.1/../../../../arm-none-eabi/lib/thumb/v7-m\libc.a(lib_a-findfp.o)
                0x00005224                __sfp_lock_acquire
 .text.__sfp_lock_release
                0x00005230        0xc c:/program files (x86)/gnu tools arm embedded/6 2017-q2-update/bin/../lib/gcc/arm-none-eabi/6.3.1/../../../../arm-none-eabi/lib/thumb/v7-m\libc.a(lib_a-findfp.o)
                0x00005230                __sfp_lock_release
 .text._fopen_r
                0x0000523c       0xc0 c:/program files (x86)/gnu tools arm embedded/6 2017-q2-update/bin/../lib/gcc/arm-none-eabi/6.3.1/../../../../arm-none-eabi/lib/thumb/v7-m\libc.a(lib_a-fopen.o)
                0x0000523c                _fopen_r
 .text.fopen    0x000052fc       0x10 c:/program files (x86)/gnu tools arm embedded/6 2017-q2-update/bin/../lib/gcc/arm-none-eabi/6.3.1/../../../../arm-none-eabi/lib/thumb/v7-m\libc.a(lib_a-fopen.o)
                0x000052fc                fopen
 .text.fprintf  0x0000530c       0x28 c:/program files (x86)/gnu tools arm embedded/6 2017-q2-update/bin/../lib/gcc/arm-none-eabi/6.3.1/../../../../arm-none-eabi/lib/thumb/v7-m\libc.a(lib_a-fprintf.o)
                0x0000530c                fprintf
 .text.fputc    0x00005334       0x58 c:/program files (x86)/gnu tools arm embedded/6 2017-q2-update/bin/../lib/gcc/arm-none-eabi/6.3.1/../../../../arm-none-eabi/lib/thumb/v7-m\libc.a(lib_a-fputc.o)
                0x00005334                fputc
 .text._malloc_trim_r
                0x0000538c       0xa0 c:/program files (x86)/gnu tools arm embedded/6 2017-q2-update/bin/../lib/gcc/arm-none-eabi/6.3.1/../../../../arm-none-eabi/lib/thumb/v7-m\libc.a(lib_a-freer.o)
                0x0000538c                _malloc_trim_r
 .text._free_r  0x0000542c      0x1cc c:/program files (x86)/gnu tools arm embedded/6 2017-q2-update/bin/../lib/gcc/arm-none-eabi/6.3.1/../../../../arm-none-eabi/lib/thumb/v7-m\libc.a(lib_a-freer.o)
                0x0000542c                _free_r
 .text._fseek_r
                0x000055f8        0x4 c:/program files (x86)/gnu tools arm embedded/6 2017-q2-update/bin/../lib/gcc/arm-none-eabi/6.3.1/../../../../arm-none-eabi/lib/thumb/v7-m\libc.a(lib_a-fseek.o)
                0x000055f8                _fseek_r
 .text._fseeko_r
                0x000055fc      0x328 c:/program files (x86)/gnu tools arm embedded/6 2017-q2-update/bin/../lib/gcc/arm-none-eabi/6.3.1/../../../../arm-none-eabi/lib/thumb/v7-m\libc.a(lib_a-fseeko.o)
                0x000055fc                _fseeko_r
 .text._fstat_r
                0x00005924       0x28 c:/program files (x86)/gnu tools arm embedded/6 2017-q2-update/bin/../lib/gcc/arm-none-eabi/6.3.1/../../../../arm-none-eabi/lib/thumb/v7-m\libc.a(lib_a-fstatr.o)
                0x00005924                _fstat_r
 .text.__sfvwrite_r
                0x0000594c      0x2f4 c:/program files (x86)/gnu tools arm embedded/6 2017-q2-update/bin/../lib/gcc/arm-none-eabi/6.3.1/../../../../arm-none-eabi/lib/thumb/v7-m\libc.a(lib_a-fvwrite.o)
                0x0000594c                __sfvwrite_r
 .text._fwalk   0x00005c40       0x48 c:/program files (x86)/gnu tools arm embedded/6 2017-q2-update/bin/../lib/gcc/arm-none-eabi/6.3.1/../../../../arm-none-eabi/lib/thumb/v7-m\libc.a(lib_a-fwalk.o)
                0x00005c40                _fwalk
 .text._fwalk_reent
                0x00005c88       0x50 c:/program files (x86)/gnu tools arm embedded/6 2017-q2-update/bin/../lib/gcc/arm-none-eabi/6.3.1/../../../../arm-none-eabi/lib/thumb/v7-m\libc.a(lib_a-fwalk.o)
                0x00005c88                _fwalk_reent
 .text.__libc_init_array
                0x00005cd8       0x50 c:/program files (x86)/gnu tools arm embedded/6 2017-q2-update/bin/../lib/gcc/arm-none-eabi/6.3.1/../../../../arm-none-eabi/lib/thumb/v7-m\libc.a(lib_a-init.o)
                0x00005cd8                __libc_init_array
 .text.__retarget_lock_init_recursive
                0x00005d28        0x4 c:/program files (x86)/gnu tools arm embedded/6 2017-q2-update/bin/../lib/gcc/arm-none-eabi/6.3.1/../../../../arm-none-eabi/lib/thumb/v7-m\libc.a(lib_a-lock.o)
                0x00005d28                __retarget_lock_init_recursive
 .text.__retarget_lock_close_recursive
                0x00005d2c        0x4 c:/program files (x86)/gnu tools arm embedded/6 2017-q2-update/bin/../lib/gcc/arm-none-eabi/6.3.1/../../../../arm-none-eabi/lib/thumb/v7-m\libc.a(lib_a-lock.o)
                0x00005d2c                __retarget_lock_close_recursive
 .text.__retarget_lock_acquire_recursive
                0x00005d30        0x4 c:/program files (x86)/gnu tools arm embedded/6 2017-q2-update/bin/../lib/gcc/arm-none-eabi/6.3.1/../../../../arm-none-eabi/lib/thumb/v7-m\libc.a(lib_a-lock.o)
                0x00005d30                __retarget_lock_acquire_recursive
 .text.__retarget_lock_release_recursive
                0x00005d34        0x4 c:/program files (x86)/gnu tools arm embedded/6 2017-q2-update/bin/../lib/gcc/arm-none-eabi/6.3.1/../../../../arm-none-eabi/lib/thumb/v7-m\libc.a(lib_a-lock.o)
                0x00005d34                __retarget_lock_release_recursive
 .text.__swhatbuf_r
                0x00005d38       0x5c c:/program files (x86)/gnu tools arm embedded/6 2017-q2-update/bin/../lib/gcc/arm-none-eabi/6.3.1/../../../../arm-none-eabi/lib/thumb/v7-m\libc.a(lib_a-makebuf.o)
                0x00005d38                __swhatbuf_r
 .text.__smakebuf_r
                0x00005d94       0x94 c:/program files (x86)/gnu tools arm embedded/6 2017-q2-update/bin/../lib/gcc/arm-none-eabi/6.3.1/../../../../arm-none-eabi/lib/thumb/v7-m\libc.a(lib_a-makebuf.o)
                0x00005d94                __smakebuf_r
 .text.malloc   0x00005e28       0x10 c:/program files (x86)/gnu tools arm embedded/6 2017-q2-update/bin/../lib/gcc/arm-none-eabi/6.3.1/../../../../arm-none-eabi/lib/thumb/v7-m\libc.a(lib_a-malloc.o)
                0x00005e28                malloc
 .text.free     0x00005e38       0x10 c:/program files (x86)/gnu tools arm embedded/6 2017-q2-update/bin/../lib/gcc/arm-none-eabi/6.3.1/../../../../arm-none-eabi/lib/thumb/v7-m\libc.a(lib_a-malloc.o)
                0x00005e38                free
 .text._malloc_r
                0x00005e48      0x544 c:/program files (x86)/gnu tools arm embedded/6 2017-q2-update/bin/../lib/gcc/arm-none-eabi/6.3.1/../../../../arm-none-eabi/lib/thumb/v7-m\libc.a(lib_a-mallocr.o)
                0x00005e48                _malloc_r
 .text.memchr   0x0000638c       0x8c c:/program files (x86)/gnu tools arm embedded/6 2017-q2-update/bin/../lib/gcc/arm-none-eabi/6.3.1/../../../../arm-none-eabi/lib/thumb/v7-m\libc.a(lib_a-memchr-stub.o)
                0x0000638c                memchr
 .text          0x00006418       0xec c:/program files (x86)/gnu tools arm embedded/6 2017-q2-update/bin/../lib/gcc/arm-none-eabi/6.3.1/../../../../arm-none-eabi/lib/thumb/v7-m\libc.a(lib_a-memcpy.o)
                0x00006418                memcpy
 .text.memmove  0x00006504       0xc8 c:/program files (x86)/gnu tools arm embedded/6 2017-q2-update/bin/../lib/gcc/arm-none-eabi/6.3.1/../../../../arm-none-eabi/lib/thumb/v7-m\libc.a(lib_a-memmove.o)
                0x00006504                memmove
 .text.memset   0x000065cc       0x9c c:/program files (x86)/gnu tools arm embedded/6 2017-q2-update/bin/../lib/gcc/arm-none-eabi/6.3.1/../../../../arm-none-eabi/lib/thumb/v7-m\libc.a(lib_a-memset.o)
                0x000065cc                memset
 .text.__malloc_lock
                0x00006668        0xc c:/program files (x86)/gnu tools arm embedded/6 2017-q2-update/bin/../lib/gcc/arm-none-eabi/6.3.1/../../../../arm-none-eabi/lib/thumb/v7-m\libc.a(lib_a-mlock.o)
                0x00006668                __malloc_lock
 .text.__malloc_unlock
                0x00006674        0xc c:/program files (x86)/gnu tools arm embedded/6 2017-q2-update/bin/../lib/gcc/arm-none-eabi/6.3.1/../../../../arm-none-eabi/lib/thumb/v7-m\libc.a(lib_a-mlock.o)
                0x00006674                __malloc_unlock
 .text._open_r  0x00006680       0x2c c:/program files (x86)/gnu tools arm embedded/6 2017-q2-update/bin/../lib/gcc/arm-none-eabi/6.3.1/../../../../arm-none-eabi/lib/thumb/v7-m\libc.a(lib_a-openr.o)
                0x00006680                _open_r
 .text._putc_r  0x000066ac       0x70 c:/program files (x86)/gnu tools arm embedded/6 2017-q2-update/bin/../lib/gcc/arm-none-eabi/6.3.1/../../../../arm-none-eabi/lib/thumb/v7-m\libc.a(lib_a-putc.o)
                0x000066ac                _putc_r
 .text._realloc_r
                0x0000671c      0x36c c:/program files (x86)/gnu tools arm embedded/6 2017-q2-update/bin/../lib/gcc/arm-none-eabi/6.3.1/../../../../arm-none-eabi/lib/thumb/v7-m\libc.a(lib_a-reallocr.o)
                0x0000671c                _realloc_r
 .text.lflush   0x00006a88       0x14 c:/program files (x86)/gnu tools arm embedded/6 2017-q2-update/bin/../lib/gcc/arm-none-eabi/6.3.1/../../../../arm-none-eabi/lib/thumb/v7-m\libc.a(lib_a-refill.o)
 .text.__srefill_r
                0x00006a9c      0x118 c:/program files (x86)/gnu tools arm embedded/6 2017-q2-update/bin/../lib/gcc/arm-none-eabi/6.3.1/../../../../arm-none-eabi/lib/thumb/v7-m\libc.a(lib_a-refill.o)
                0x00006a9c                __srefill_r
 .text.__srget_r
                0x00006bb4       0x34 c:/program files (x86)/gnu tools arm embedded/6 2017-q2-update/bin/../lib/gcc/arm-none-eabi/6.3.1/../../../../arm-none-eabi/lib/thumb/v7-m\libc.a(lib_a-rget.o)
                0x00006bb4                __srget_r
 .text._sbrk_r  0x00006be8       0x24 c:/program files (x86)/gnu tools arm embedded/6 2017-q2-update/bin/../lib/gcc/arm-none-eabi/6.3.1/../../../../arm-none-eabi/lib/thumb/v7-m\libc.a(lib_a-sbrkr.o)
                0x00006be8                _sbrk_r
 .text.setbuf   0x00006c0c       0x10 c:/program files (x86)/gnu tools arm embedded/6 2017-q2-update/bin/../lib/gcc/arm-none-eabi/6.3.1/../../../../arm-none-eabi/lib/thumb/v7-m\libc.a(lib_a-setbuf.o)
                0x00006c0c                setbuf
 .text.setvbuf  0x00006c1c      0x190 c:/program files (x86)/gnu tools arm embedded/6 2017-q2-update/bin/../lib/gcc/arm-none-eabi/6.3.1/../../../../arm-none-eabi/lib/thumb/v7-m\libc.a(lib_a-setvbuf.o)
                0x00006c1c                setvbuf
 .text._raise_r
                0x00006dac       0x60 c:/program files (x86)/gnu tools arm embedded/6 2017-q2-update/bin/../lib/gcc/arm-none-eabi/6.3.1/../../../../arm-none-eabi/lib/thumb/v7-m\libc.a(lib_a-signal.o)
                0x00006dac                _raise_r
 .text.raise    0x00006e0c       0x10 c:/program files (x86)/gnu tools arm embedded/6 2017-q2-update/bin/../lib/gcc/arm-none-eabi/6.3.1/../../../../arm-none-eabi/lib/thumb/v7-m\libc.a(lib_a-signal.o)
                0x00006e0c                raise
 .text._kill_r  0x00006e1c       0x28 c:/program files (x86)/gnu tools arm embedded/6 2017-q2-update/bin/../lib/gcc/arm-none-eabi/6.3.1/../../../../arm-none-eabi/lib/thumb/v7-m\libc.a(lib_a-signalr.o)
                0x00006e1c                _kill_r
 .text._getpid_r
                0x00006e44        0x4 c:/program files (x86)/gnu tools arm embedded/6 2017-q2-update/bin/../lib/gcc/arm-none-eabi/6.3.1/../../../../arm-none-eabi/lib/thumb/v7-m\libc.a(lib_a-signalr.o)
                0x00006e44                _getpid_r
 .text.sprintf  0x00006e48       0x4c c:/program files (x86)/gnu tools arm embedded/6 2017-q2-update/bin/../lib/gcc/arm-none-eabi/6.3.1/../../../../arm-none-eabi/lib/thumb/v7-m\libc.a(lib_a-sprintf.o)
                0x00006e48                sprintf
 .text.sscanf   0x00006e94       0x58 c:/program files (x86)/gnu tools arm embedded/6 2017-q2-update/bin/../lib/gcc/arm-none-eabi/6.3.1/../../../../arm-none-eabi/lib/thumb/v7-m\libc.a(lib_a-sscanf.o)
                0x00006e94                sscanf
 .text.__sread  0x00006eec       0x24 c:/program files (x86)/gnu tools arm embedded/6 2017-q2-update/bin/../lib/gcc/arm-none-eabi/6.3.1/../../../../arm-none-eabi/lib/thumb/v7-m\libc.a(lib_a-stdio.o)
                0x00006eec                __sread
 .text.__seofread
                0x00006f10        0x4 c:/program files (x86)/gnu tools arm embedded/6 2017-q2-update/bin/../lib/gcc/arm-none-eabi/6.3.1/../../../../arm-none-eabi/lib/thumb/v7-m\libc.a(lib_a-stdio.o)
                0x00006f10                __seofread
 .text.__swrite
                0x00006f14       0x3c c:/program files (x86)/gnu tools arm embedded/6 2017-q2-update/bin/../lib/gcc/arm-none-eabi/6.3.1/../../../../arm-none-eabi/lib/thumb/v7-m\libc.a(lib_a-stdio.o)
                0x00006f14                __swrite
 .text.__sseek  0x00006f50       0x20 c:/program files (x86)/gnu tools arm embedded/6 2017-q2-update/bin/../lib/gcc/arm-none-eabi/6.3.1/../../../../arm-none-eabi/lib/thumb/v7-m\libc.a(lib_a-stdio.o)
                0x00006f50                __sseek
 .text.__sclose
                0x00006f70        0x8 c:/program files (x86)/gnu tools arm embedded/6 2017-q2-update/bin/../lib/gcc/arm-none-eabi/6.3.1/../../../../arm-none-eabi/lib/thumb/v7-m\libc.a(lib_a-stdio.o)
                0x00006f70                __sclose
 .text          0x00006f78      0x1bc c:/program files (x86)/gnu tools arm embedded/6 2017-q2-update/bin/../lib/gcc/arm-none-eabi/6.3.1/../../../../arm-none-eabi/lib/thumb/v7-m\libc.a(lib_a-strcmp.o)
                0x00006f78                strcmp
 .text.strlen   0x00007134       0x5c c:/program files (x86)/gnu tools arm embedded/6 2017-q2-update/bin/../lib/gcc/arm-none-eabi/6.3.1/../../../../arm-none-eabi/lib/thumb/v7-m\libc.a(lib_a-strlen-stub.o)
                0x00007134                strlen
 .text.strncmp  0x00007190       0xa0 c:/program files (x86)/gnu tools arm embedded/6 2017-q2-update/bin/../lib/gcc/arm-none-eabi/6.3.1/../../../../arm-none-eabi/lib/thumb/v7-m\libc.a(lib_a-strncmp.o)
                0x00007190                strncmp
 .text._svfprintf_r
                0x00007230     0x1500 c:/program files (x86)/gnu tools arm embedded/6 2017-q2-update/bin/../lib/gcc/arm-none-eabi/6.3.1/../../../../arm-none-eabi/lib/thumb/v7-m\libc.a(lib_a-svfprintf.o)
                0x00007230                _svfprintf_r
 .text.__ssvfscanf_r
                0x00008730      0xe18 c:/program files (x86)/gnu tools arm embedded/6 2017-q2-update/bin/../lib/gcc/arm-none-eabi/6.3.1/../../../../arm-none-eabi/lib/thumb/v7-m\libc.a(lib_a-svfscanf.o)
                0x00008730                __ssvfscanf_r
 .text._vfprintf_r
                0x00009548     0x15e8 c:/program files (x86)/gnu tools arm embedded/6 2017-q2-update/bin/../lib/gcc/arm-none-eabi/6.3.1/../../../../arm-none-eabi/lib/thumb/v7-m\libc.a(lib_a-vfprintf.o)
                0x00009548                _vfprintf_r
 .text.__sbprintf
                0x0000ab30       0x88 c:/program files (x86)/gnu tools arm embedded/6 2017-q2-update/bin/../lib/gcc/arm-none-eabi/6.3.1/../../../../arm-none-eabi/lib/thumb/v7-m\libc.a(lib_a-vfprintf.o)
 .text.__swbuf_r
                0x0000abb8       0xb0 c:/program files (x86)/gnu tools arm embedded/6 2017-q2-update/bin/../lib/gcc/arm-none-eabi/6.3.1/../../../../arm-none-eabi/lib/thumb/v7-m\libc.a(lib_a-wbuf.o)
                0x0000abb8                __swbuf_r
 .text._write_r
                0x0000ac68       0x2c c:/program files (x86)/gnu tools arm embedded/6 2017-q2-update/bin/../lib/gcc/arm-none-eabi/6.3.1/../../../../arm-none-eabi/lib/thumb/v7-m\libc.a(lib_a-writer.o)
                0x0000ac68                _write_r
 .text.__swsetup_r
                0x0000ac94       0xc8 c:/program files (x86)/gnu tools arm embedded/6 2017-q2-update/bin/../lib/gcc/arm-none-eabi/6.3.1/../../../../arm-none-eabi/lib/thumb/v7-m\libc.a(lib_a-wsetup.o)
                0x0000ac94                __swsetup_r
 .text.__register_exitproc
                0x0000ad5c       0xc4 c:/program files (x86)/gnu tools arm embedded/6 2017-q2-update/bin/../lib/gcc/arm-none-eabi/6.3.1/../../../../arm-none-eabi/lib/thumb/v7-m\libc.a(lib_a-__atexit.o)
                0x0000ad5c                __register_exitproc
 .text.startup.register_fini
                0x0000ae20       0x14 c:/program files (x86)/gnu tools arm embedded/6 2017-q2-update/bin/../lib/gcc/arm-none-eabi/6.3.1/../../../../arm-none-eabi/lib/thumb/v7-m\libc.a(lib_a-__call_atexit.o)
 .text.atexit   0x0000ae34        0xc c:/program files (x86)/gnu tools arm embedded/6 2017-q2-update/bin/../lib/gcc/arm-none-eabi/6.3.1/../../../../arm-none-eabi/lib/thumb/v7-m\libc.a(lib_a-atexit.o)
                0x0000ae34                atexit
 .text._close_r
                0x0000ae40       0x24 c:/program files (x86)/gnu tools arm embedded/6 2017-q2-update/bin/../lib/gcc/arm-none-eabi/6.3.1/../../../../arm-none-eabi/lib/thumb/v7-m\libc.a(lib_a-closer.o)
                0x0000ae40                _close_r
 .text.quorem   0x0000ae64      0x128 c:/program files (x86)/gnu tools arm embedded/6 2017-q2-update/bin/../lib/gcc/arm-none-eabi/6.3.1/../../../../arm-none-eabi/lib/thumb/v7-m\libc.a(lib_a-dtoa.o)
 *fill*         0x0000af8c        0x4 
 .text._dtoa_r  0x0000af90      0xe44 c:/program files (x86)/gnu tools arm embedded/6 2017-q2-update/bin/../lib/gcc/arm-none-eabi/6.3.1/../../../../arm-none-eabi/lib/thumb/v7-m\libc.a(lib_a-dtoa.o)
                0x0000af90                _dtoa_r
 .text.__libc_fini_array
                0x0000bdd4       0x34 c:/program files (x86)/gnu tools arm embedded/6 2017-q2-update/bin/../lib/gcc/arm-none-eabi/6.3.1/../../../../arm-none-eabi/lib/thumb/v7-m\libc.a(lib_a-fini.o)
                0x0000bdd4                __libc_fini_array
 .text.__sflags
                0x0000be08       0x78 c:/program files (x86)/gnu tools arm embedded/6 2017-q2-update/bin/../lib/gcc/arm-none-eabi/6.3.1/../../../../arm-none-eabi/lib/thumb/v7-m\libc.a(lib_a-flags.o)
                0x0000be08                __sflags
 .text._isatty_r
                0x0000be80       0x24 c:/program files (x86)/gnu tools arm embedded/6 2017-q2-update/bin/../lib/gcc/arm-none-eabi/6.3.1/../../../../arm-none-eabi/lib/thumb/v7-m\libc.a(lib_a-isattyr.o)
                0x0000be80                _isatty_r
 .text.iswspace
                0x0000bea4       0x1c c:/program files (x86)/gnu tools arm embedded/6 2017-q2-update/bin/../lib/gcc/arm-none-eabi/6.3.1/../../../../arm-none-eabi/lib/thumb/v7-m\libc.a(lib_a-iswspace.o)
                0x0000bea4                iswspace
 .text.__locale_mb_cur_max
                0x0000bec0       0x1c c:/program files (x86)/gnu tools arm embedded/6 2017-q2-update/bin/../lib/gcc/arm-none-eabi/6.3.1/../../../../arm-none-eabi/lib/thumb/v7-m\libc.a(lib_a-locale.o)
                0x0000bec0                __locale_mb_cur_max
 .text.__locale_ctype_ptr_l
                0x0000bedc        0x8 c:/program files (x86)/gnu tools arm embedded/6 2017-q2-update/bin/../lib/gcc/arm-none-eabi/6.3.1/../../../../arm-none-eabi/lib/thumb/v7-m\libc.a(lib_a-locale.o)
                0x0000bedc                __locale_ctype_ptr_l
 .text.__locale_ctype_ptr
                0x0000bee4       0x1c c:/program files (x86)/gnu tools arm embedded/6 2017-q2-update/bin/../lib/gcc/arm-none-eabi/6.3.1/../../../../arm-none-eabi/lib/thumb/v7-m\libc.a(lib_a-locale.o)
                0x0000bee4                __locale_ctype_ptr
 .text.__localeconv_l
                0x0000bf00        0x4 c:/program files (x86)/gnu tools arm embedded/6 2017-q2-update/bin/../lib/gcc/arm-none-eabi/6.3.1/../../../../arm-none-eabi/lib/thumb/v7-m\libc.a(lib_a-localeconv.o)
                0x0000bf00                __localeconv_l
 .text._localeconv_r
                0x0000bf04       0x1c c:/program files (x86)/gnu tools arm embedded/6 2017-q2-update/bin/../lib/gcc/arm-none-eabi/6.3.1/../../../../arm-none-eabi/lib/thumb/v7-m\libc.a(lib_a-localeconv.o)
                0x0000bf04                _localeconv_r
 .text._lseek_r
                0x0000bf20       0x2c c:/program files (x86)/gnu tools arm embedded/6 2017-q2-update/bin/../lib/gcc/arm-none-eabi/6.3.1/../../../../arm-none-eabi/lib/thumb/v7-m\libc.a(lib_a-lseekr.o)
                0x0000bf20                _lseek_r
 .text._mbrtowc_r
                0x0000bf4c       0x5c c:/program files (x86)/gnu tools arm embedded/6 2017-q2-update/bin/../lib/gcc/arm-none-eabi/6.3.1/../../../../arm-none-eabi/lib/thumb/v7-m\libc.a(lib_a-mbrtowc.o)
                0x0000bf4c                _mbrtowc_r
 .text.__ascii_mbtowc
                0x0000bfa8       0x2c c:/program files (x86)/gnu tools arm embedded/6 2017-q2-update/bin/../lib/gcc/arm-none-eabi/6.3.1/../../../../arm-none-eabi/lib/thumb/v7-m\libc.a(lib_a-mbtowc_r.o)
                0x0000bfa8                __ascii_mbtowc
 .text._Balloc  0x0000bfd4       0x4c c:/program files (x86)/gnu tools arm embedded/6 2017-q2-update/bin/../lib/gcc/arm-none-eabi/6.3.1/../../../../arm-none-eabi/lib/thumb/v7-m\libc.a(lib_a-mprec.o)
                0x0000bfd4                _Balloc
 .text._Bfree   0x0000c020       0x14 c:/program files (x86)/gnu tools arm embedded/6 2017-q2-update/bin/../lib/gcc/arm-none-eabi/6.3.1/../../../../arm-none-eabi/lib/thumb/v7-m\libc.a(lib_a-mprec.o)
                0x0000c020                _Bfree
 .text.__multadd
                0x0000c034       0x84 c:/program files (x86)/gnu tools arm embedded/6 2017-q2-update/bin/../lib/gcc/arm-none-eabi/6.3.1/../../../../arm-none-eabi/lib/thumb/v7-m\libc.a(lib_a-mprec.o)
                0x0000c034                __multadd
 .text.__s2b    0x0000c0b8       0x9c c:/program files (x86)/gnu tools arm embedded/6 2017-q2-update/bin/../lib/gcc/arm-none-eabi/6.3.1/../../../../arm-none-eabi/lib/thumb/v7-m\libc.a(lib_a-mprec.o)
                0x0000c0b8                __s2b
 .text.__hi0bits
                0x0000c154       0x40 c:/program files (x86)/gnu tools arm embedded/6 2017-q2-update/bin/../lib/gcc/arm-none-eabi/6.3.1/../../../../arm-none-eabi/lib/thumb/v7-m\libc.a(lib_a-mprec.o)
                0x0000c154                __hi0bits
 .text.__lo0bits
                0x0000c194       0x60 c:/program files (x86)/gnu tools arm embedded/6 2017-q2-update/bin/../lib/gcc/arm-none-eabi/6.3.1/../../../../arm-none-eabi/lib/thumb/v7-m\libc.a(lib_a-mprec.o)
                0x0000c194                __lo0bits
 .text.__i2b    0x0000c1f4       0x14 c:/program files (x86)/gnu tools arm embedded/6 2017-q2-update/bin/../lib/gcc/arm-none-eabi/6.3.1/../../../../arm-none-eabi/lib/thumb/v7-m\libc.a(lib_a-mprec.o)
                0x0000c1f4                __i2b
 .text.__multiply
                0x0000c208      0x124 c:/program files (x86)/gnu tools arm embedded/6 2017-q2-update/bin/../lib/gcc/arm-none-eabi/6.3.1/../../../../arm-none-eabi/lib/thumb/v7-m\libc.a(lib_a-mprec.o)
                0x0000c208                __multiply
 .text.__pow5mult
                0x0000c32c       0xa0 c:/program files (x86)/gnu tools arm embedded/6 2017-q2-update/bin/../lib/gcc/arm-none-eabi/6.3.1/../../../../arm-none-eabi/lib/thumb/v7-m\libc.a(lib_a-mprec.o)
                0x0000c32c                __pow5mult
 .text.__lshift
                0x0000c3cc       0xa0 c:/program files (x86)/gnu tools arm embedded/6 2017-q2-update/bin/../lib/gcc/arm-none-eabi/6.3.1/../../../../arm-none-eabi/lib/thumb/v7-m\libc.a(lib_a-mprec.o)
                0x0000c3cc                __lshift
 .text.__mcmp   0x0000c46c       0x38 c:/program files (x86)/gnu tools arm embedded/6 2017-q2-update/bin/../lib/gcc/arm-none-eabi/6.3.1/../../../../arm-none-eabi/lib/thumb/v7-m\libc.a(lib_a-mprec.o)
                0x0000c46c                __mcmp
 .text.__mdiff  0x0000c4a4      0x11c c:/program files (x86)/gnu tools arm embedded/6 2017-q2-update/bin/../lib/gcc/arm-none-eabi/6.3.1/../../../../arm-none-eabi/lib/thumb/v7-m\libc.a(lib_a-mprec.o)
                0x0000c4a4                __mdiff
 .text.__ulp    0x0000c5c0       0x44 c:/program files (x86)/gnu tools arm embedded/6 2017-q2-update/bin/../lib/gcc/arm-none-eabi/6.3.1/../../../../arm-none-eabi/lib/thumb/v7-m\libc.a(lib_a-mprec.o)
                0x0000c5c0                __ulp
 .text.__b2d    0x0000c604       0xd4 c:/program files (x86)/gnu tools arm embedded/6 2017-q2-update/bin/../lib/gcc/arm-none-eabi/6.3.1/../../../../arm-none-eabi/lib/thumb/v7-m\libc.a(lib_a-mprec.o)
                0x0000c604                __b2d
 .text.__d2b    0x0000c6d8       0xa8 c:/program files (x86)/gnu tools arm embedded/6 2017-q2-update/bin/../lib/gcc/arm-none-eabi/6.3.1/../../../../arm-none-eabi/lib/thumb/v7-m\libc.a(lib_a-mprec.o)
                0x0000c6d8                __d2b
 .text.__ratio  0x0000c780       0x58 c:/program files (x86)/gnu tools arm embedded/6 2017-q2-update/bin/../lib/gcc/arm-none-eabi/6.3.1/../../../../arm-none-eabi/lib/thumb/v7-m\libc.a(lib_a-mprec.o)
                0x0000c780                __ratio
 .text.__copybits
                0x0000c7d8       0x48 c:/program files (x86)/gnu tools arm embedded/6 2017-q2-update/bin/../lib/gcc/arm-none-eabi/6.3.1/../../../../arm-none-eabi/lib/thumb/v7-m\libc.a(lib_a-mprec.o)
                0x0000c7d8                __copybits
 .text.__any_on
                0x0000c820       0x5c c:/program files (x86)/gnu tools arm embedded/6 2017-q2-update/bin/../lib/gcc/arm-none-eabi/6.3.1/../../../../arm-none-eabi/lib/thumb/v7-m\libc.a(lib_a-mprec.o)
                0x0000c820                __any_on
 .text._read_r  0x0000c87c       0x2c c:/program files (x86)/gnu tools arm embedded/6 2017-q2-update/bin/../lib/gcc/arm-none-eabi/6.3.1/../../../../arm-none-eabi/lib/thumb/v7-m\libc.a(lib_a-readr.o)
                0x0000c87c                _read_r
 .text.__sccl   0x0000c8a8       0x74 c:/program files (x86)/gnu tools arm embedded/6 2017-q2-update/bin/../lib/gcc/arm-none-eabi/6.3.1/../../../../arm-none-eabi/lib/thumb/v7-m\libc.a(lib_a-sccl.o)
                0x0000c8a8                __sccl
 .text.nanf     0x0000c91c        0x8 c:/program files (x86)/gnu tools arm embedded/6 2017-q2-update/bin/../lib/gcc/arm-none-eabi/6.3.1/../../../../arm-none-eabi/lib/thumb/v7-m\libc.a(lib_a-sf_nan.o)
                0x0000c91c                nanf
 .text.unlikely.sulp
                0x0000c924       0x42 c:/program files (x86)/gnu tools arm embedded/6 2017-q2-update/bin/../lib/gcc/arm-none-eabi/6.3.1/../../../../arm-none-eabi/lib/thumb/v7-m\libc.a(lib_a-strtod.o)
 *fill*         0x0000c966        0x2 
 .text._strtod_l
                0x0000c968      0xec0 c:/program files (x86)/gnu tools arm embedded/6 2017-q2-update/bin/../lib/gcc/arm-none-eabi/6.3.1/../../../../arm-none-eabi/lib/thumb/v7-m\libc.a(lib_a-strtod.o)
                0x0000c968                _strtod_l
 .text._strtod_r