08:21:26 **** Build of configuration H800 for project AutoVerify ****
make -j4 all 
Building file: ../src/bios.cpp
Building file: ../src/boot.cpp
Building file: ../src/cmd_act.cpp
Building file: ../src/holetbl.cpp
Invoking: Cross ARM C++ Compiler
Invoking: Cross ARM C++ Compiler
arm-none-eabi-g++ -mcpu=cortex-m3 -mthumb -O2 -fmessage-length=0 -fsigned-char -ffunction-sections -fdata-sections -fno-builtin -Wall  -g -DTARGET_MBED_LPC1768 -DCALSELECT=8 -DCALH800=8 -DTARGET_M3 -D__MBED_CMSIS_RTOS_CM -DDEVICE_CAN=1 -DDEVICE_I2CSLAVE=1 -DMBED_BUILD_TIMESTAMP=1593401688.5458272 -DTARGET_CORTEX_M -DDEVICE_LOCALFILESYSTEM=1 -DDEVICE_SERIAL=1 -DDEVICE_SERIAL_FC=1 -DTOOLCHAIN_GCC -DDEVICE_DEBUG_AWARENESS=1 -DDEVICE_INTERRUPTIN=1 -DDEVICE_ANALOGIN=1 -DDEVICE_STDIO_MESSAGES=1 -DTARGET_LIKE_CORTEX_M3 -D__MBED__=1 -DARM_MATH_CM3 -D__CMSIS_RTOS -DTARGET_NAME=LPC1768 -DDEVICE_PORTINOUT=1 -DTARGET_LPCTarget -DTARGET_RELEASE -DDEVICE_PORTOUT=1 -DDEVICE_SLEEP=1 -DDEVICE_SEMIHOST=1 -DDEVICE_PWMOUT=1 -DTARGET_LIKE_MBED -DDEVICE_ANALOGOUT=1 -DDEVICE_PORTIN=1 -DDEVICE_RTC=1 -DTOOLCHAIN_GCC_ARM -DTARGET_CORTEX -DTARGET_LPC1768 -D__CORTEX_M3 -DTARGET_LPC176X -DTARGET_NXP -DDEVICE_ETHERNET=1 -DDEVICE_SPISLAVE=1 -DDEVICE_ERROR_PATTERN=1 -DDEVICE_I2C=1 -DDEVICE_SPI=1 -I"D:/_ishikawa/Tools/DigitalMove/ARM/MCUXpresso/AutoVerify/" -I"D:/_ishikawa/Tools/DigitalMove/ARM/MCUXpresso/AutoVerify//usr/src/mbed-sdk" -I"D:/_ishikawa/Tools/DigitalMove/ARM/MCUXpresso/AutoVerify/mbed" -I"D:/_ishikawa/Tools/DigitalMove/ARM/MCUXpresso/AutoVerify/mbed/TARGET_LPC1768" -I"D:/_ishikawa/Tools/DigitalMove/ARM/MCUXpresso/AutoVerify/src" -I"D:/_ishikawa/Tools/DigitalMove/ARM/MCUXpresso/AutoVerify/src/MODSERIAL" -I"D:/_ishikawa/Tools/DigitalMove/ARM/MCUXpresso/AutoVerify/src/TextLCD" -include"D:/_ishikawa/Tools/DigitalMove/ARM/MCUXpresso/AutoVerify/mbed_config.h" -std=gnu++98 -fabi-version=0 -fno-exceptions -mthumb -MMD -MP -MF"src/bios.d" -MT"src/bios.o" -c -o "src/bios.o" "../src/bios.cpp"
Invoking: Cross ARM C++ Compiler
arm-none-eabi-g++ -mcpu=cortex-m3 -mthumb -O2 -fmessage-length=0 -fsigned-char -ffunction-sections -fdata-sections -fno-builtin -Wall  -g -DTARGET_MBED_LPC1768 -DCALSELECT=8 -DCALH800=8 -DTARGET_M3 -D__MBED_CMSIS_RTOS_CM -DDEVICE_CAN=1 -DDEVICE_I2CSLAVE=1 -DMBED_BUILD_TIMESTAMP=1593401688.5458272 -DTARGET_CORTEX_M -DDEVICE_LOCALFILESYSTEM=1 -DDEVICE_SERIAL=1 -DDEVICE_SERIAL_FC=1 -DTOOLCHAIN_GCC -DDEVICE_DEBUG_AWARENESS=1 -DDEVICE_INTERRUPTIN=1 -DDEVICE_ANALOGIN=1 -DDEVICE_STDIO_MESSAGES=1 -DTARGET_LIKE_CORTEX_M3 -D__MBED__=1 -DARM_MATH_CM3 -D__CMSIS_RTOS -DTARGET_NAME=LPC1768 -DDEVICE_PORTINOUT=1 -DTARGET_LPCTarget -DTARGET_RELEASE -DDEVICE_PORTOUT=1 -DDEVICE_SLEEP=1 -DDEVICE_SEMIHOST=1 -DDEVICE_PWMOUT=1 -DTARGET_LIKE_MBED -DDEVICE_ANALOGOUT=1 -DDEVICE_PORTIN=1 -DDEVICE_RTC=1 -DTOOLCHAIN_GCC_ARM -DTARGET_CORTEX -DTARGET_LPC1768 -D__CORTEX_M3 -DTARGET_LPC176X -DTARGET_NXP -DDEVICE_ETHERNET=1 -DDEVICE_SPISLAVE=1 -DDEVICE_ERROR_PATTERN=1 -DDEVICE_I2C=1 -DDEVICE_SPI=1 -I"D:/_ishikawa/Tools/DigitalMove/ARM/MCUXpresso/AutoVerify/" -I"D:/_ishikawa/Tools/DigitalMove/ARM/MCUXpresso/AutoVerify//usr/src/mbed-sdk" -I"D:/_ishikawa/Tools/DigitalMove/ARM/MCUXpresso/AutoVerify/mbed" -I"D:/_ishikawa/Tools/DigitalMove/ARM/MCUXpresso/AutoVerify/mbed/TARGET_LPC1768" -I"D:/_ishikawa/Tools/DigitalMove/ARM/MCUXpresso/AutoVerify/src" -I"D:/_ishikawa/Tools/DigitalMove/ARM/MCUXpresso/AutoVerify/src/MODSERIAL" -I"D:/_ishikawa/Tools/DigitalMove/ARM/MCUXpresso/AutoVerify/src/TextLCD" -include"D:/_ishikawa/Tools/DigitalMove/ARM/MCUXpresso/AutoVerify/mbed_config.h" -std=gnu++98 -fabi-version=0 -fno-exceptions -mthumb -MMD -MP -MF"src/boot.d" -MT"src/boot.o" -c -o "src/boot.o" "../src/boot.cpp"
Invoking: Cross ARM C++ Compiler
arm-none-eabi-g++ -mcpu=cortex-m3 -mthumb -O2 -fmessage-length=0 -fsigned-char -ffunction-sections -fdata-sections -fno-builtin -Wall  -g -DTARGET_MBED_LPC1768 -DCALSELECT=8 -DCALH800=8 -DTARGET_M3 -D__MBED_CMSIS_RTOS_CM -DDEVICE_CAN=1 -DDEVICE_I2CSLAVE=1 -DMBED_BUILD_TIMESTAMP=1593401688.5458272 -DTARGET_CORTEX_M -DDEVICE_LOCALFILESYSTEM=1 -DDEVICE_SERIAL=1 -DDEVICE_SERIAL_FC=1 -DTOOLCHAIN_GCC -DDEVICE_DEBUG_AWARENESS=1 -DDEVICE_INTERRUPTIN=1 -DDEVICE_ANALOGIN=1 -DDEVICE_STDIO_MESSAGES=1 -DTARGET_LIKE_CORTEX_M3 -D__MBED__=1 -DARM_MATH_CM3 -D__CMSIS_RTOS -DTARGET_NAME=LPC1768 -DDEVICE_PORTINOUT=1 -DTARGET_LPCTarget -DTARGET_RELEASE -DDEVICE_PORTOUT=1 -DDEVICE_SLEEP=1 -DDEVICE_SEMIHOST=1 -DDEVICE_PWMOUT=1 -DTARGET_LIKE_MBED -DDEVICE_ANALOGOUT=1 -DDEVICE_PORTIN=1 -DDEVICE_RTC=1 -DTOOLCHAIN_GCC_ARM -DTARGET_CORTEX -DTARGET_LPC1768 -D__CORTEX_M3 -DTARGET_LPC176X -DTARGET_NXP -DDEVICE_ETHERNET=1 -DDEVICE_SPISLAVE=1 -DDEVICE_ERROR_PATTERN=1 -DDEVICE_I2C=1 -DDEVICE_SPI=1 -I"D:/_ishikawa/Tools/DigitalMove/ARM/MCUXpresso/AutoVerify/" -I"D:/_ishikawa/Tools/DigitalMove/ARM/MCUXpresso/AutoVerify//usr/src/mbed-sdk" -I"D:/_ishikawa/Tools/DigitalMove/ARM/MCUXpresso/AutoVerify/mbed" -I"D:/_ishikawa/Tools/DigitalMove/ARM/MCUXpresso/AutoVerify/mbed/TARGET_LPC1768" -I"D:/_ishikawa/Tools/DigitalMove/ARM/MCUXpresso/AutoVerify/src" -I"D:/_ishikawa/Tools/DigitalMove/ARM/MCUXpresso/AutoVerify/src/MODSERIAL" -I"D:/_ishikawa/Tools/DigitalMove/ARM/MCUXpresso/AutoVerify/src/TextLCD" -include"D:/_ishikawa/Tools/DigitalMove/ARM/MCUXpresso/AutoVerify/mbed_config.h" -std=gnu++98 -fabi-version=0 -fno-exceptions -mthumb -MMD -MP -MF"src/cmd_act.d" -MT"src/cmd_act.o" -c -o "src/cmd_act.o" "../src/cmd_act.cpp"
arm-none-eabi-g++ -mcpu=cortex-m3 -mthumb -O2 -fmessage-length=0 -fsigned-char -ffunction-sections -fdata-sections -fno-builtin -Wall  -g -DTARGET_MBED_LPC1768 -DCALSELECT=8 -DCALH800=8 -DTARGET_M3 -D__MBED_CMSIS_RTOS_CM -DDEVICE_CAN=1 -DDEVICE_I2CSLAVE=1 -DMBED_BUILD_TIMESTAMP=1593401688.5458272 -DTARGET_CORTEX_M -DDEVICE_LOCALFILESYSTEM=1 -DDEVICE_SERIAL=1 -DDEVICE_SERIAL_FC=1 -DTOOLCHAIN_GCC -DDEVICE_DEBUG_AWARENESS=1 -DDEVICE_INTERRUPTIN=1 -DDEVICE_ANALOGIN=1 -DDEVICE_STDIO_MESSAGES=1 -DTARGET_LIKE_CORTEX_M3 -D__MBED__=1 -DARM_MATH_CM3 -D__CMSIS_RTOS -DTARGET_NAME=LPC1768 -DDEVICE_PORTINOUT=1 -DTARGET_LPCTarget -DTARGET_RELEASE -DDEVICE_PORTOUT=1 -DDEVICE_SLEEP=1 -DDEVICE_SEMIHOST=1 -DDEVICE_PWMOUT=1 -DTARGET_LIKE_MBED -DDEVICE_ANALOGOUT=1 -DDEVICE_PORTIN=1 -DDEVICE_RTC=1 -DTOOLCHAIN_GCC_ARM -DTARGET_CORTEX -DTARGET_LPC1768 -D__CORTEX_M3 -DTARGET_LPC176X -DTARGET_NXP -DDEVICE_ETHERNET=1 -DDEVICE_SPISLAVE=1 -DDEVICE_ERROR_PATTERN=1 -DDEVICE_I2C=1 -DDEVICE_SPI=1 -I"D:/_ishikawa/Tools/DigitalMove/ARM/MCUXpresso/AutoVerify/" -I"D:/_ishikawa/Tools/DigitalMove/ARM/MCUXpresso/AutoVerify//usr/src/mbed-sdk" -I"D:/_ishikawa/Tools/DigitalMove/ARM/MCUXpresso/AutoVerify/mbed" -I"D:/_ishikawa/Tools/DigitalMove/ARM/MCUXpresso/AutoVerify/mbed/TARGET_LPC1768" -I"D:/_ishikawa/Tools/DigitalMove/ARM/MCUXpresso/AutoVerify/src" -I"D:/_ishikawa/Tools/DigitalMove/ARM/MCUXpresso/AutoVerify/src/MODSERIAL" -I"D:/_ishikawa/Tools/DigitalMove/ARM/MCUXpresso/AutoVerify/src/TextLCD" -include"D:/_ishikawa/Tools/DigitalMove/ARM/MCUXpresso/AutoVerify/mbed_config.h" -std=gnu++98 -fabi-version=0 -fno-exceptions -mthumb -MMD -MP -MF"src/holetbl.d" -MT"src/holetbl.o" -c -o "src/holetbl.o" "../src/holetbl.cpp"
Finished building: ../src/bios.cpp
 
Finished building: ../src/holetbl.cpp
Finished building: ../src/boot.cpp
Building file: ../src/io.cpp
 
 
Invoking: Cross ARM C++ Compiler
Building file: ../src/main.cpp
Building file: ../src/needle.cpp
arm-none-eabi-g++ -mcpu=cortex-m3 -mthumb -O2 -fmessage-length=0 -fsigned-char -ffunction-sections -fdata-sections -fno-builtin -Wall  -g -DTARGET_MBED_LPC1768 -DCALSELECT=8 -DCALH800=8 -DTARGET_M3 -D__MBED_CMSIS_RTOS_CM -DDEVICE_CAN=1 -DDEVICE_I2CSLAVE=1 -DMBED_BUILD_TIMESTAMP=1593401688.5458272 -DTARGET_CORTEX_M -DDEVICE_LOCALFILESYSTEM=1 -DDEVICE_SERIAL=1 -DDEVICE_SERIAL_FC=1 -DTOOLCHAIN_GCC -DDEVICE_DEBUG_AWARENESS=1 -DDEVICE_INTERRUPTIN=1 -DDEVICE_ANALOGIN=1 -DDEVICE_STDIO_MESSAGES=1 -DTARGET_LIKE_CORTEX_M3 -D__MBED__=1 -DARM_MATH_CM3 -D__CMSIS_RTOS -DTARGET_NAME=LPC1768 -DDEVICE_PORTINOUT=1 -DTARGET_LPCTarget -DTARGET_RELEASE -DDEVICE_PORTOUT=1 -DDEVICE_SLEEP=1 -DDEVICE_SEMIHOST=1 -DDEVICE_PWMOUT=1 -DTARGET_LIKE_MBED -DDEVICE_ANALOGOUT=1 -DDEVICE_PORTIN=1 -DDEVICE_RTC=1 -DTOOLCHAIN_GCC_ARM -DTARGET_CORTEX -DTARGET_LPC1768 -D__CORTEX_M3 -DTARGET_LPC176X -DTARGET_NXP -DDEVICE_ETHERNET=1 -DDEVICE_SPISLAVE=1 -DDEVICE_ERROR_PATTERN=1 -DDEVICE_I2C=1 -DDEVICE_SPI=1 -I"D:/_ishikawa/Tools/DigitalMove/ARM/MCUXpresso/AutoVerify/" -I"D:/_ishikawa/Tools/DigitalMove/ARM/MCUXpresso/AutoVerify//usr/src/mbed-sdk" -I"D:/_ishikawa/Tools/DigitalMove/ARM/MCUXpresso/AutoVerify/mbed" -I"D:/_ishikawa/Tools/DigitalMove/ARM/MCUXpresso/AutoVerify/mbed/TARGET_LPC1768" -I"D:/_ishikawa/Tools/DigitalMove/ARM/MCUXpresso/AutoVerify/src" -I"D:/_ishikawa/Tools/DigitalMove/ARM/MCUXpresso/AutoVerify/src/MODSERIAL" -I"D:/_ishikawa/Tools/DigitalMove/ARM/MCUXpresso/AutoVerify/src/TextLCD" -include"D:/_ishikawa/Tools/DigitalMove/ARM/MCUXpresso/AutoVerify/mbed_config.h" -std=gnu++98 -fabi-version=0 -fno-exceptions -mthumb -MMD -MP -MF"src/io.d" -MT"src/io.o" -c -o "src/io.o" "../src/io.cpp"
Invoking: Cross ARM C++ Compiler
Invoking: Cross ARM C++ Compiler
arm-none-eabi-g++ -mcpu=cortex-m3 -mthumb -O2 -fmessage-length=0 -fsigned-char -ffunction-sections -fdata-sections -fno-builtin -Wall  -g -DTARGET_MBED_LPC1768 -DCALSELECT=8 -DCALH800=8 -DTARGET_M3 -D__MBED_CMSIS_RTOS_CM -DDEVICE_CAN=1 -DDEVICE_I2CSLAVE=1 -DMBED_BUILD_TIMESTAMP=1593401688.5458272 -DTARGET_CORTEX_M -DDEVICE_LOCALFILESYSTEM=1 -DDEVICE_SERIAL=1 -DDEVICE_SERIAL_FC=1 -DTOOLCHAIN_GCC -DDEVICE_DEBUG_AWARENESS=1 -DDEVICE_INTERRUPTIN=1 -DDEVICE_ANALOGIN=1 -DDEVICE_STDIO_MESSAGES=1 -DTARGET_LIKE_CORTEX_M3 -D__MBED__=1 -DARM_MATH_CM3 -D__CMSIS_RTOS -DTARGET_NAME=LPC1768 -DDEVICE_PORTINOUT=1 -DTARGET_LPCTarget -DTARGET_RELEASE -DDEVICE_PORTOUT=1 -DDEVICE_SLEEP=1 -DDEVICE_SEMIHOST=1 -DDEVICE_PWMOUT=1 -DTARGET_LIKE_MBED -DDEVICE_ANALOGOUT=1 -DDEVICE_PORTIN=1 -DDEVICE_RTC=1 -DTOOLCHAIN_GCC_ARM -DTARGET_CORTEX -DTARGET_LPC1768 -D__CORTEX_M3 -DTARGET_LPC176X -DTARGET_NXP -DDEVICE_ETHERNET=1 -DDEVICE_SPISLAVE=1 -DDEVICE_ERROR_PATTERN=1 -DDEVICE_I2C=1 -DDEVICE_SPI=1 -I"D:/_ishikawa/Tools/DigitalMove/ARM/MCUXpresso/AutoVerify/" -I"D:/_ishikawa/Tools/DigitalMove/ARM/MCUXpresso/AutoVerify//usr/src/mbed-sdk" -I"D:/_ishikawa/Tools/DigitalMove/ARM/MCUXpresso/AutoVerify/mbed" -I"D:/_ishikawa/Tools/DigitalMove/ARM/MCUXpresso/AutoVerify/mbed/TARGET_LPC1768" -I"D:/_ishikawa/Tools/DigitalMove/ARM/MCUXpresso/AutoVerify/src" -I"D:/_ishikawa/Tools/DigitalMove/ARM/MCUXpresso/AutoVerify/src/MODSERIAL" -I"D:/_ishikawa/Tools/DigitalMove/ARM/MCUXpresso/AutoVerify/src/TextLCD" -include"D:/_ishikawa/Tools/DigitalMove/ARM/MCUXpresso/AutoVerify/mbed_config.h" -std=gnu++98 -fabi-version=0 -fno-exceptions -mthumb -MMD -MP -MF"src/main.d" -MT"src/main.o" -c -o "src/main.o" "../src/main.cpp"
arm-none-eabi-g++ -mcpu=cortex-m3 -mthumb -O2 -fmessage-length=0 -fsigned-char -ffunction-sections -fdata-sections -fno-builtin -Wall  -g -DTARGET_MBED_LPC1768 -DCALSELECT=8 -DCALH800=8 -DTARGET_M3 -D__MBED_CMSIS_RTOS_CM -DDEVICE_CAN=1 -DDEVICE_I2CSLAVE=1 -DMBED_BUILD_TIMESTAMP=1593401688.5458272 -DTARGET_CORTEX_M -DDEVICE_LOCALFILESYSTEM=1 -DDEVICE_SERIAL=1 -DDEVICE_SERIAL_FC=1 -DTOOLCHAIN_GCC -DDEVICE_DEBUG_AWARENESS=1 -DDEVICE_INTERRUPTIN=1 -DDEVICE_ANALOGIN=1 -DDEVICE_STDIO_MESSAGES=1 -DTARGET_LIKE_CORTEX_M3 -D__MBED__=1 -DARM_MATH_CM3 -D__CMSIS_RTOS -DTARGET_NAME=LPC1768 -DDEVICE_PORTINOUT=1 -DTARGET_LPCTarget -DTARGET_RELEASE -DDEVICE_PORTOUT=1 -DDEVICE_SLEEP=1 -DDEVICE_SEMIHOST=1 -DDEVICE_PWMOUT=1 -DTARGET_LIKE_MBED -DDEVICE_ANALOGOUT=1 -DDEVICE_PORTIN=1 -DDEVICE_RTC=1 -DTOOLCHAIN_GCC_ARM -DTARGET_CORTEX -DTARGET_LPC1768 -D__CORTEX_M3 -DTARGET_LPC176X -DTARGET_NXP -DDEVICE_ETHERNET=1 -DDEVICE_SPISLAVE=1 -DDEVICE_ERROR_PATTERN=1 -DDEVICE_I2C=1 -DDEVICE_SPI=1 -I"D:/_ishikawa/Tools/DigitalMove/ARM/MCUXpresso/AutoVerify/" -I"D:/_ishikawa/Tools/DigitalMove/ARM/MCUXpresso/AutoVerify//usr/src/mbed-sdk" -I"D:/_ishikawa/Tools/DigitalMove/ARM/MCUXpresso/AutoVerify/mbed" -I"D:/_ishikawa/Tools/DigitalMove/ARM/MCUXpresso/AutoVerify/mbed/TARGET_LPC1768" -I"D:/_ishikawa/Tools/DigitalMove/ARM/MCUXpresso/AutoVerify/src" -I"D:/_ishikawa/Tools/DigitalMove/ARM/MCUXpresso/AutoVerify/src/MODSERIAL" -I"D:/_ishikawa/Tools/DigitalMove/ARM/MCUXpresso/AutoVerify/src/TextLCD" -include"D:/_ishikawa/Tools/DigitalMove/ARM/MCUXpresso/AutoVerify/mbed_config.h" -std=gnu++98 -fabi-version=0 -fno-exceptions -mthumb -MMD -MP -MF"src/needle.d" -MT"src/needle.o" -c -o "src/needle.o" "../src/needle.cpp"
Finished building: ../src/cmd_act.cpp
 
Building file: ../src/sc0uart.cpp
Invoking: Cross ARM C++ Compiler
arm-none-eabi-g++ -mcpu=cortex-m3 -mthumb -O2 -fmessage-length=0 -fsigned-char -ffunction-sections -fdata-sections -fno-builtin -Wall  -g -DTARGET_MBED_LPC1768 -DCALSELECT=8 -DCALH800=8 -DTARGET_M3 -D__MBED_CMSIS_RTOS_CM -DDEVICE_CAN=1 -DDEVICE_I2CSLAVE=1 -DMBED_BUILD_TIMESTAMP=1593401688.5458272 -DTARGET_CORTEX_M -DDEVICE_LOCALFILESYSTEM=1 -DDEVICE_SERIAL=1 -DDEVICE_SERIAL_FC=1 -DTOOLCHAIN_GCC -DDEVICE_DEBUG_AWARENESS=1 -DDEVICE_INTERRUPTIN=1 -DDEVICE_ANALOGIN=1 -DDEVICE_STDIO_MESSAGES=1 -DTARGET_LIKE_CORTEX_M3 -D__MBED__=1 -DARM_MATH_CM3 -D__CMSIS_RTOS -DTARGET_NAME=LPC1768 -DDEVICE_PORTINOUT=1 -DTARGET_LPCTarget -DTARGET_RELEASE -DDEVICE_PORTOUT=1 -DDEVICE_SLEEP=1 -DDEVICE_SEMIHOST=1 -DDEVICE_PWMOUT=1 -DTARGET_LIKE_MBED -DDEVICE_ANALOGOUT=1 -DDEVICE_PORTIN=1 -DDEVICE_RTC=1 -DTOOLCHAIN_GCC_ARM -DTARGET_CORTEX -DTARGET_LPC1768 -D__CORTEX_M3 -DTARGET_LPC176X -DTARGET_NXP -DDEVICE_ETHERNET=1 -DDEVICE_SPISLAVE=1 -DDEVICE_ERROR_PATTERN=1 -DDEVICE_I2C=1 -DDEVICE_SPI=1 -I"D:/_ishikawa/Tools/DigitalMove/ARM/MCUXpresso/AutoVerify/" -I"D:/_ishikawa/Tools/DigitalMove/ARM/MCUXpresso/AutoVerify//usr/src/mbed-sdk" -I"D:/_ishikawa/Tools/DigitalMove/ARM/MCUXpresso/AutoVerify/mbed" -I"D:/_ishikawa/Tools/DigitalMove/ARM/MCUXpresso/AutoVerify/mbed/TARGET_LPC1768" -I"D:/_ishikawa/Tools/DigitalMove/ARM/MCUXpresso/AutoVerify/src" -I"D:/_ishikawa/Tools/DigitalMove/ARM/MCUXpresso/AutoVerify/src/MODSERIAL" -I"D:/_ishikawa/Tools/DigitalMove/ARM/MCUXpresso/AutoVerify/src/TextLCD" -include"D:/_ishikawa/Tools/DigitalMove/ARM/MCUXpresso/AutoVerify/mbed_config.h" -std=gnu++98 -fabi-version=0 -fno-exceptions -mthumb -MMD -MP -MF"src/sc0uart.d" -MT"src/sc0uart.o" -c -o "src/sc0uart.o" "../src/sc0uart.cpp"
Finished building: ../src/needle.cpp
Finished building: ../src/io.cpp
 
 
Building file: ../src/sub_func.cpp
Building file: ../src/version.cpp
Finished building: ../src/main.cpp
Invoking: Cross ARM C++ Compiler
Invoking: Cross ARM C++ Compiler
arm-none-eabi-g++ -mcpu=cortex-m3 -mthumb -O2 -fmessage-length=0 -fsigned-char -ffunction-sections -fdata-sections -fno-builtin -Wall  -g -DTARGET_MBED_LPC1768 -DCALSELECT=8 -DCALH800=8 -DTARGET_M3 -D__MBED_CMSIS_RTOS_CM -DDEVICE_CAN=1 -DDEVICE_I2CSLAVE=1 -DMBED_BUILD_TIMESTAMP=1593401688.5458272 -DTARGET_CORTEX_M -DDEVICE_LOCALFILESYSTEM=1 -DDEVICE_SERIAL=1 -DDEVICE_SERIAL_FC=1 -DTOOLCHAIN_GCC -DDEVICE_DEBUG_AWARENESS=1 -DDEVICE_INTERRUPTIN=1 -DDEVICE_ANALOGIN=1 -DDEVICE_STDIO_MESSAGES=1 -DTARGET_LIKE_CORTEX_M3 -D__MBED__=1 -DARM_MATH_CM3 -D__CMSIS_RTOS -DTARGET_NAME=LPC1768 -DDEVICE_PORTINOUT=1 -DTARGET_LPCTarget -DTARGET_RELEASE -DDEVICE_PORTOUT=1 -DDEVICE_SLEEP=1 -DDEVICE_SEMIHOST=1 -DDEVICE_PWMOUT=1 -DTARGET_LIKE_MBED -DDEVICE_ANALOGOUT=1 -DDEVICE_PORTIN=1 -DDEVICE_RTC=1 -DTOOLCHAIN_GCC_ARM -DTARGET_CORTEX -DTARGET_LPC1768 -D__CORTEX_M3 -DTARGET_LPC176X -DTARGET_NXP -DDEVICE_ETHERNET=1 -DDEVICE_SPISLAVE=1 -DDEVICE_ERROR_PATTERN=1 -DDEVICE_I2C=1 -DDEVICE_SPI=1 -I"D:/_ishikawa/Tools/DigitalMove/ARM/MCUXpresso/AutoVerify/" -I"D:/_ishikawa/Tools/DigitalMove/ARM/MCUXpresso/AutoVerify//usr/src/mbed-sdk" -I"D:/_ishikawa/Tools/DigitalMove/ARM/MCUXpresso/AutoVerify/mbed" -I"D:/_ishikawa/Tools/DigitalMove/ARM/MCUXpresso/AutoVerify/mbed/TARGET_LPC1768" -I"D:/_ishikawa/Tools/DigitalMove/ARM/MCUXpresso/AutoVerify/src" -I"D:/_ishikawa/Tools/DigitalMove/ARM/MCUXpresso/AutoVerify/src/MODSERIAL" -I"D:/_ishikawa/Tools/DigitalMove/ARM/MCUXpresso/AutoVerify/src/TextLCD" -include"D:/_ishikawa/Tools/DigitalMove/ARM/MCUXpresso/AutoVerify/mbed_config.h" -std=gnu++98 -fabi-version=0 -fno-exceptions -mthumb -MMD -MP -MF"src/version.d" -MT"src/version.o" -c -o "src/version.o" "../src/version.cpp"
arm-none-eabi-g++ -mcpu=cortex-m3 -mthumb -O2 -fmessage-length=0 -fsigned-char -ffunction-sections -fdata-sections -fno-builtin -Wall  -g -DTARGET_MBED_LPC1768 -DCALSELECT=8 -DCALH800=8 -DTARGET_M3 -D__MBED_CMSIS_RTOS_CM -DDEVICE_CAN=1 -DDEVICE_I2CSLAVE=1 -DMBED_BUILD_TIMESTAMP=1593401688.5458272 -DTARGET_CORTEX_M -DDEVICE_LOCALFILESYSTEM=1 -DDEVICE_SERIAL=1 -DDEVICE_SERIAL_FC=1 -DTOOLCHAIN_GCC -DDEVICE_DEBUG_AWARENESS=1 -DDEVICE_INTERRUPTIN=1 -DDEVICE_ANALOGIN=1 -DDEVICE_STDIO_MESSAGES=1 -DTARGET_LIKE_CORTEX_M3 -D__MBED__=1 -DARM_MATH_CM3 -D__CMSIS_RTOS -DTARGET_NAME=LPC1768 -DDEVICE_PORTINOUT=1 -DTARGET_LPCTarget -DTARGET_RELEASE -DDEVICE_PORTOUT=1 -DDEVICE_SLEEP=1 -DDEVICE_SEMIHOST=1 -DDEVICE_PWMOUT=1 -DTARGET_LIKE_MBED -DDEVICE_ANALOGOUT=1 -DDEVICE_PORTIN=1 -DDEVICE_RTC=1 -DTOOLCHAIN_GCC_ARM -DTARGET_CORTEX -DTARGET_LPC1768 -D__CORTEX_M3 -DTARGET_LPC176X -DTARGET_NXP -DDEVICE_ETHERNET=1 -DDEVICE_SPISLAVE=1 -DDEVICE_ERROR_PATTERN=1 -DDEVICE_I2C=1 -DDEVICE_SPI=1 -I"D:/_ishikawa/Tools/DigitalMove/ARM/MCUXpresso/AutoVerify/" -I"D:/_ishikawa/Tools/DigitalMove/ARM/MCUXpresso/AutoVerify//usr/src/mbed-sdk" -I"D:/_ishikawa/Tools/DigitalMove/ARM/MCUXpresso/AutoVerify/mbed" -I"D:/_ishikawa/Tools/DigitalMove/ARM/MCUXpresso/AutoVerify/mbed/TARGET_LPC1768" -I"D:/_ishikawa/Tools/DigitalMove/ARM/MCUXpresso/AutoVerify/src" -I"D:/_ishikawa/Tools/DigitalMove/ARM/MCUXpresso/AutoVerify/src/MODSERIAL" -I"D:/_ishikawa/Tools/DigitalMove/ARM/MCUXpresso/AutoVerify/src/TextLCD" -include"D:/_ishikawa/Tools/DigitalMove/ARM/MCUXpresso/AutoVerify/mbed_config.h" -std=gnu++98 -fabi-version=0 -fno-exceptions -mthumb -MMD -MP -MF"src/sub_func.d" -MT"src/sub_func.o" -c -o "src/sub_func.o" "../src/sub_func.cpp"
 
Finished building: ../src/version.cpp
 
Finished building: ../src/sc0uart.cpp
 
Finished building: ../src/sub_func.cpp
 
Building target: AutoVerifyH800.elf
Invoking: Cross ARM C++ Linker
arm-none-eabi-g++ -mcpu=cortex-m3 -mthumb -O2 -fmessage-length=0 -fsigned-char -ffunction-sections -fdata-sections -fno-builtin -Wall  -g -T "D:/_ishikawa/Tools/DigitalMove/ARM/MCUXpresso/AutoVerify/Debug/linker-script-debug.ld" -Xlinker --gc-sections -L"D:/_ishikawa/Tools/DigitalMove/ARM/MCUXpresso/AutoVerify/mbed/TARGET_LPC1768/TOOLCHAIN_GCC_ARM" -Wl,-Map,"AutoVerifyH800.map" -mthumb -mcpu=cortex-m3 -mcpu=cortex-m3 -mthumb -Wl,--start-group -lstdc++ -lsupc++ -lm -lc -lgcc -lnosys -Wl,--end-group -o "AutoVerifyH800.elf"  ./src/bios.o ./src/boot.o ./src/cmd_act.o ./src/holetbl.o ./src/io.o ./src/main.o ./src/needle.o ./src/sc0uart.o ./src/sub_func.o ./src/version.o  D:/_ishikawa/Tools/DigitalMove/ARM/MCUXpresso/AutoVerify/mbed/TARGET_LPC1768/TOOLCHAIN_GCC_ARM/cmsis_nvic.o D:/_ishikawa/Tools/DigitalMove/ARM/MCUXpresso/AutoVerify/mbed/TARGET_LPC1768/TOOLCHAIN_GCC_ARM/retarget.o D:/_ishikawa/Tools/DigitalMove/ARM/MCUXpresso/AutoVerify/mbed/TARGET_LPC1768/TOOLCHAIN_GCC_ARM/startup_LPC17xx.o D:/_ishikawa/Tools/DigitalMove/ARM/MCUXpresso/AutoVerify/mbed/TARGET_LPC1768/TOOLCHAIN_GCC_ARM/system_LPC17xx.o D:/_ishikawa/Tools/DigitalMove/ARM/MCUXpresso/AutoVerify/mbed/TARGET_LPC1768/TOOLCHAIN_GCC_ARM/libmbed.a -lstdc++ -lsupc++ -lm -lc -lgcc -lnosys -lmbed
Finished building target: AutoVerifyH800.elf
 
Invoking: Cross ARM GNU Create Flash Image
arm-none-eabi-objcopy -O binary "AutoVerifyH800.elf"  "AutoVerifyH800.bin"
Invoking: Cross ARM GNU Print Size
arm-none-eabi-size --format=berkeley "AutoVerifyH800.elf"
   text	   data	    bss	    dec	    hex	filename
  70444	   2520	   3532	  76496	  12ad0	AutoVerifyH800.elf
Finished building: AutoVerifyH800.siz
Finished building: AutoVerifyH800.bin
 
 

08:21:28 Build Finished. 0 errors, 0 warnings. (took 1s.850ms)

