14:43:59 **** Build of configuration Debug for project DigitalMove_H296 ****
make -j4 all 
Building file: ../src/TextLCD/TextLCD.cpp
Building file: ../src/MODSERIAL/FLUSH.cpp
Invoking: Cross ARM C++ Compiler
arm-none-eabi-g++ -mcpu=cortex-m3 -mthumb -fmessage-length=0 -ffunction-sections -fdata-sections -fno-builtin -Wall  -g -D__MBED_CMSIS_RTOS_CM -DDEVICE_DEBUG_AWARENESS=1 -DARM_MATH_CM3 -DDEVICE_SLEEP=1 -DDEVICE_SPISLAVE=1 -DMBED_BUILD_TIMESTAMP=1590389558.052974 -DTARGET_M3 -DDEVICE_PORTOUT=1 -DTARGET_LPC176X -DDEVICE_I2C=1 -DTARGET_NAME=LPC1768 -DDEVICE_PWMOUT=1 -DDEVICE_PORTINOUT=1 -DTOOLCHAIN_GCC -DDEVICE_CAN=1 -DDEVICE_PORTIN=1 -DDEVICE_ANALOGIN=1 -DTARGET_LIKE_MBED -DDEVICE_ERROR_PATTERN=1 -DTARGET_RELEASE -DTARGET_CORTEX -DDEVICE_STDIO_MESSAGES=1 -DDEVICE_LOCALFILESYSTEM=1 -DTARGET_LPCTarget -DDEVICE_ETHERNET=1 -DTOOLCHAIN_GCC_ARM -DTARGET_CORTEX_M -D__MBED__=1 -DDEVICE_RTC=1 -DDEVICE_SEMIHOST=1 -DDEVICE_ANALOGOUT=1 -DTARGET_NXP -D__CMSIS_RTOS -DDEVICE_INTERRUPTIN=1 -D__CORTEX_M3 -DDEVICE_SPI=1 -DTARGET_LIKE_CORTEX_M3 -DDEVICE_SERIAL=1 -DTARGET_MBED_LPC1768 -DDEVICE_I2CSLAVE=1 -DTARGET_LPC1768 -DDEVICE_SERIAL_FC=1 -I"D:/_ishikawa/Tools/DigitalMove/ARM/MCUXpresso/DigitalMove_H296/" -I"D:/_ishikawa/Tools/DigitalMove/ARM/MCUXpresso/DigitalMove_H296//usr/src/mbed-sdk" -I"D:/_ishikawa/Tools/DigitalMove/ARM/MCUXpresso/DigitalMove_H296/mbed" -I"D:/_ishikawa/Tools/DigitalMove/ARM/MCUXpresso/DigitalMove_H296/mbed/TARGET_LPC1768" -I"D:/_ishikawa/Tools/DigitalMove/ARM/MCUXpresso/DigitalMove_H296/src" -I"D:/_ishikawa/Tools/DigitalMove/ARM/MCUXpresso/DigitalMove_H296/src/MODSERIAL" -I"D:/_ishikawa/Tools/DigitalMove/ARM/MCUXpresso/DigitalMove_H296/src/TextLCD" -include"D:/_ishikawa/Tools/DigitalMove/ARM/MCUXpresso/DigitalMove_H296/mbed_config.h" -std=gnu++98 -fabi-version=0 -fno-exceptions -mthumb -MMD -MP -MF"src/TextLCD/TextLCD.d" -MT"src/TextLCD/TextLCD.o" -c -o "src/TextLCD/TextLCD.o" "../src/TextLCD/TextLCD.cpp"
Building file: ../src/MODSERIAL/GETC.cpp
Building file: ../src/MODSERIAL/ChangeLog.c
Invoking: Cross ARM C++ Compiler
arm-none-eabi-g++ -mcpu=cortex-m3 -mthumb -fmessage-length=0 -ffunction-sections -fdata-sections -fno-builtin -Wall  -g -D__MBED_CMSIS_RTOS_CM -DDEVICE_DEBUG_AWARENESS=1 -DARM_MATH_CM3 -DDEVICE_SLEEP=1 -DDEVICE_SPISLAVE=1 -DMBED_BUILD_TIMESTAMP=1590389558.052974 -DTARGET_M3 -DDEVICE_PORTOUT=1 -DTARGET_LPC176X -DDEVICE_I2C=1 -DTARGET_NAME=LPC1768 -DDEVICE_PWMOUT=1 -DDEVICE_PORTINOUT=1 -DTOOLCHAIN_GCC -DDEVICE_CAN=1 -DDEVICE_PORTIN=1 -DDEVICE_ANALOGIN=1 -DTARGET_LIKE_MBED -DDEVICE_ERROR_PATTERN=1 -DTARGET_RELEASE -DTARGET_CORTEX -DDEVICE_STDIO_MESSAGES=1 -DDEVICE_LOCALFILESYSTEM=1 -DTARGET_LPCTarget -DDEVICE_ETHERNET=1 -DTOOLCHAIN_GCC_ARM -DTARGET_CORTEX_M -D__MBED__=1 -DDEVICE_RTC=1 -DDEVICE_SEMIHOST=1 -DDEVICE_ANALOGOUT=1 -DTARGET_NXP -D__CMSIS_RTOS -DDEVICE_INTERRUPTIN=1 -D__CORTEX_M3 -DDEVICE_SPI=1 -DTARGET_LIKE_CORTEX_M3 -DDEVICE_SERIAL=1 -DTARGET_MBED_LPC1768 -DDEVICE_I2CSLAVE=1 -DTARGET_LPC1768 -DDEVICE_SERIAL_FC=1 -I"D:/_ishikawa/Tools/DigitalMove/ARM/MCUXpresso/DigitalMove_H296/" -I"D:/_ishikawa/Tools/DigitalMove/ARM/MCUXpresso/DigitalMove_H296//usr/src/mbed-sdk" -I"D:/_ishikawa/Tools/DigitalMove/ARM/MCUXpresso/DigitalMove_H296/mbed" -I"D:/_ishikawa/Tools/DigitalMove/ARM/MCUXpresso/DigitalMove_H296/mbed/TARGET_LPC1768" -I"D:/_ishikawa/Tools/DigitalMove/ARM/MCUXpresso/DigitalMove_H296/src" -I"D:/_ishikawa/Tools/DigitalMove/ARM/MCUXpresso/DigitalMove_H296/src/MODSERIAL" -I"D:/_ishikawa/Tools/DigitalMove/ARM/MCUXpresso/DigitalMove_H296/src/TextLCD" -include"D:/_ishikawa/Tools/DigitalMove/ARM/MCUXpresso/DigitalMove_H296/mbed_config.h" -std=gnu++98 -fabi-version=0 -fno-exceptions -mthumb -MMD -MP -MF"src/MODSERIAL/FLUSH.d" -MT"src/MODSERIAL/FLUSH.o" -c -o "src/MODSERIAL/FLUSH.o" "../src/MODSERIAL/FLUSH.cpp"
Invoking: Cross ARM C Compiler
arm-none-eabi-gcc -mcpu=cortex-m3 -mthumb -fmessage-length=0 -ffunction-sections -fdata-sections -fno-builtin -Wall  -g -D__MBED_CMSIS_RTOS_CM -DDEVICE_DEBUG_AWARENESS=1 -DARM_MATH_CM3 -DDEVICE_SLEEP=1 -DDEVICE_SPISLAVE=1 -DMBED_BUILD_TIMESTAMP=1590389558.052974 -DTARGET_M3 -DDEVICE_PORTOUT=1 -DTARGET_LPC176X -DDEVICE_I2C=1 -DTARGET_NAME=LPC1768 -DDEVICE_PWMOUT=1 -DDEVICE_PORTINOUT=1 -DTOOLCHAIN_GCC -DDEVICE_CAN=1 -DDEVICE_PORTIN=1 -DDEVICE_ANALOGIN=1 -DTARGET_LIKE_MBED -DDEVICE_ERROR_PATTERN=1 -DTARGET_RELEASE -DTARGET_CORTEX -DDEVICE_STDIO_MESSAGES=1 -DDEVICE_LOCALFILESYSTEM=1 -DTARGET_LPCTarget -DDEVICE_ETHERNET=1 -DTOOLCHAIN_GCC_ARM -DTARGET_CORTEX_M -D__MBED__=1 -DDEVICE_RTC=1 -DDEVICE_SEMIHOST=1 -DDEVICE_ANALOGOUT=1 -DTARGET_NXP -D__CMSIS_RTOS -DDEVICE_INTERRUPTIN=1 -D__CORTEX_M3 -DDEVICE_SPI=1 -DTARGET_LIKE_CORTEX_M3 -DDEVICE_SERIAL=1 -DTARGET_MBED_LPC1768 -DDEVICE_I2CSLAVE=1 -DTARGET_LPC1768 -DDEVICE_SERIAL_FC=1 -I"D:/_ishikawa/Tools/DigitalMove/ARM/MCUXpresso/DigitalMove_H296/" -I"D:/_ishikawa/Tools/DigitalMove/ARM/MCUXpresso/DigitalMove_H296//usr/src/mbed-sdk" -I"D:/_ishikawa/Tools/DigitalMove/ARM/MCUXpresso/DigitalMove_H296/mbed" -I"D:/_ishikawa/Tools/DigitalMove/ARM/MCUXpresso/DigitalMove_H296/mbed/TARGET_LPC1768" -I"D:/_ishikawa/Tools/DigitalMove/ARM/MCUXpresso/DigitalMove_H296/src" -I"D:/_ishikawa/Tools/DigitalMove/ARM/MCUXpresso/DigitalMove_H296/src/MODSERIAL" -I"D:/_ishikawa/Tools/DigitalMove/ARM/MCUXpresso/DigitalMove_H296/src/TextLCD" -include"D:/_ishikawa/Tools/DigitalMove/ARM/MCUXpresso/DigitalMove_H296/mbed_config.h" -std=gnu11 -mthumb -MMD -MP -MF"src/MODSERIAL/ChangeLog.d" -MT"src/MODSERIAL/ChangeLog.o" -c -o "src/MODSERIAL/ChangeLog.o" "../src/MODSERIAL/ChangeLog.c"
Invoking: Cross ARM C++ Compiler
arm-none-eabi-g++ -mcpu=cortex-m3 -mthumb -fmessage-length=0 -ffunction-sections -fdata-sections -fno-builtin -Wall  -g -D__MBED_CMSIS_RTOS_CM -DDEVICE_DEBUG_AWARENESS=1 -DARM_MATH_CM3 -DDEVICE_SLEEP=1 -DDEVICE_SPISLAVE=1 -DMBED_BUILD_TIMESTAMP=1590389558.052974 -DTARGET_M3 -DDEVICE_PORTOUT=1 -DTARGET_LPC176X -DDEVICE_I2C=1 -DTARGET_NAME=LPC1768 -DDEVICE_PWMOUT=1 -DDEVICE_PORTINOUT=1 -DTOOLCHAIN_GCC -DDEVICE_CAN=1 -DDEVICE_PORTIN=1 -DDEVICE_ANALOGIN=1 -DTARGET_LIKE_MBED -DDEVICE_ERROR_PATTERN=1 -DTARGET_RELEASE -DTARGET_CORTEX -DDEVICE_STDIO_MESSAGES=1 -DDEVICE_LOCALFILESYSTEM=1 -DTARGET_LPCTarget -DDEVICE_ETHERNET=1 -DTOOLCHAIN_GCC_ARM -DTARGET_CORTEX_M -D__MBED__=1 -DDEVICE_RTC=1 -DDEVICE_SEMIHOST=1 -DDEVICE_ANALOGOUT=1 -DTARGET_NXP -D__CMSIS_RTOS -DDEVICE_INTERRUPTIN=1 -D__CORTEX_M3 -DDEVICE_SPI=1 -DTARGET_LIKE_CORTEX_M3 -DDEVICE_SERIAL=1 -DTARGET_MBED_LPC1768 -DDEVICE_I2CSLAVE=1 -DTARGET_LPC1768 -DDEVICE_SERIAL_FC=1 -I"D:/_ishikawa/Tools/DigitalMove/ARM/MCUXpresso/DigitalMove_H296/" -I"D:/_ishikawa/Tools/DigitalMove/ARM/MCUXpresso/DigitalMove_H296//usr/src/mbed-sdk" -I"D:/_ishikawa/Tools/DigitalMove/ARM/MCUXpresso/DigitalMove_H296/mbed" -I"D:/_ishikawa/Tools/DigitalMove/ARM/MCUXpresso/DigitalMove_H296/mbed/TARGET_LPC1768" -I"D:/_ishikawa/Tools/DigitalMove/ARM/MCUXpresso/DigitalMove_H296/src" -I"D:/_ishikawa/Tools/DigitalMove/ARM/MCUXpresso/DigitalMove_H296/src/MODSERIAL" -I"D:/_ishikawa/Tools/DigitalMove/ARM/MCUXpresso/DigitalMove_H296/src/TextLCD" -include"D:/_ishikawa/Tools/DigitalMove/ARM/MCUXpresso/DigitalMove_H296/mbed_config.h" -std=gnu++98 -fabi-version=0 -fno-exceptions -mthumb -MMD -MP -MF"src/MODSERIAL/GETC.d" -MT"src/MODSERIAL/GETC.o" -c -o "src/MODSERIAL/GETC.o" "../src/MODSERIAL/GETC.cpp"
../src/MODSERIAL/FLUSH.cpp: In member function 'void AjK::MODSERIAL::flushBuffer(AjK::MODSERIAL::IrqType)':
../src/MODSERIAL/FLUSH.cpp:32:11: warning: enumeration value 'RxOvIrq' not handled in switch [-Wswitch]
     switch(type) {
           ^
../src/MODSERIAL/FLUSH.cpp:32:11: warning: enumeration value 'TxOvIrq' not handled in switch [-Wswitch]
../src/MODSERIAL/FLUSH.cpp:32:11: warning: enumeration value 'TxEmpty' not handled in switch [-Wswitch]
../src/MODSERIAL/FLUSH.cpp:32:11: warning: enumeration value 'RxAutoDetect' not handled in switch [-Wswitch]
../src/MODSERIAL/FLUSH.cpp:32:11: warning: enumeration value 'NumOfIrqTypes' not handled in switch [-Wswitch]
../src/MODSERIAL/FLUSH.cpp:40:11: warning: enumeration value 'RxOvIrq' not handled in switch [-Wswitch]
     switch(type) {
           ^
../src/MODSERIAL/FLUSH.cpp:40:11: warning: enumeration value 'TxOvIrq' not handled in switch [-Wswitch]
../src/MODSERIAL/FLUSH.cpp:40:11: warning: enumeration value 'TxEmpty' not handled in switch [-Wswitch]
../src/MODSERIAL/FLUSH.cpp:40:11: warning: enumeration value 'RxAutoDetect' not handled in switch [-Wswitch]
../src/MODSERIAL/FLUSH.cpp:40:11: warning: enumeration value 'NumOfIrqTypes' not handled in switch [-Wswitch]
Finished building: ../src/TextLCD/TextLCD.cpp
Finished building: ../src/MODSERIAL/FLUSH.cpp
Finished building: ../src/MODSERIAL/ChangeLog.c
 
 
 
Building file: ../src/MODSERIAL/INIT.cpp
Building file: ../src/MODSERIAL/ISR_RX.cpp
Invoking: Cross ARM C++ Compiler
Finished building: ../src/MODSERIAL/GETC.cpp
arm-none-eabi-g++ -mcpu=cortex-m3 -mthumb -fmessage-length=0 -ffunction-sections -fdata-sections -fno-builtin -Wall  -g -D__MBED_CMSIS_RTOS_CM -DDEVICE_DEBUG_AWARENESS=1 -DARM_MATH_CM3 -DDEVICE_SLEEP=1 -DDEVICE_SPISLAVE=1 -DMBED_BUILD_TIMESTAMP=1590389558.052974 -DTARGET_M3 -DDEVICE_PORTOUT=1 -DTARGET_LPC176X -DDEVICE_I2C=1 -DTARGET_NAME=LPC1768 -DDEVICE_PWMOUT=1 -DDEVICE_PORTINOUT=1 -DTOOLCHAIN_GCC -DDEVICE_CAN=1 -DDEVICE_PORTIN=1 -DDEVICE_ANALOGIN=1 -DTARGET_LIKE_MBED -DDEVICE_ERROR_PATTERN=1 -DTARGET_RELEASE -DTARGET_CORTEX -DDEVICE_STDIO_MESSAGES=1 -DDEVICE_LOCALFILESYSTEM=1 -DTARGET_LPCTarget -DDEVICE_ETHERNET=1 -DTOOLCHAIN_GCC_ARM -DTARGET_CORTEX_M -D__MBED__=1 -DDEVICE_RTC=1 -DDEVICE_SEMIHOST=1 -DDEVICE_ANALOGOUT=1 -DTARGET_NXP -D__CMSIS_RTOS -DDEVICE_INTERRUPTIN=1 -D__CORTEX_M3 -DDEVICE_SPI=1 -DTARGET_LIKE_CORTEX_M3 -DDEVICE_SERIAL=1 -DTARGET_MBED_LPC1768 -DDEVICE_I2CSLAVE=1 -DTARGET_LPC1768 -DDEVICE_SERIAL_FC=1 -I"D:/_ishikawa/Tools/DigitalMove/ARM/MCUXpresso/DigitalMove_H296/" -I"D:/_ishikawa/Tools/DigitalMove/ARM/MCUXpresso/DigitalMove_H296//usr/src/mbed-sdk" -I"D:/_ishikawa/Tools/DigitalMove/ARM/MCUXpresso/DigitalMove_H296/mbed" -I"D:/_ishikawa/Tools/DigitalMove/ARM/MCUXpresso/DigitalMove_H296/mbed/TARGET_LPC1768" -I"D:/_ishikawa/Tools/DigitalMove/ARM/MCUXpresso/DigitalMove_H296/src" -I"D:/_ishikawa/Tools/DigitalMove/ARM/MCUXpresso/DigitalMove_H296/src/MODSERIAL" -I"D:/_ishikawa/Tools/DigitalMove/ARM/MCUXpresso/DigitalMove_H296/src/TextLCD" -include"D:/_ishikawa/Tools/DigitalMove/ARM/MCUXpresso/DigitalMove_H296/mbed_config.h" -std=gnu++98 -fabi-version=0 -fno-exceptions -mthumb -MMD -MP -MF"src/MODSERIAL/INIT.d" -MT"src/MODSERIAL/INIT.o" -c -o "src/MODSERIAL/INIT.o" "../src/MODSERIAL/INIT.cpp"
Building file: ../src/MODSERIAL/ISR_TX.cpp
Invoking: Cross ARM C++ Compiler
 
arm-none-eabi-g++ -mcpu=cortex-m3 -mthumb -fmessage-length=0 -ffunction-sections -fdata-sections -fno-builtin -Wall  -g -D__MBED_CMSIS_RTOS_CM -DDEVICE_DEBUG_AWARENESS=1 -DARM_MATH_CM3 -DDEVICE_SLEEP=1 -DDEVICE_SPISLAVE=1 -DMBED_BUILD_TIMESTAMP=1590389558.052974 -DTARGET_M3 -DDEVICE_PORTOUT=1 -DTARGET_LPC176X -DDEVICE_I2C=1 -DTARGET_NAME=LPC1768 -DDEVICE_PWMOUT=1 -DDEVICE_PORTINOUT=1 -DTOOLCHAIN_GCC -DDEVICE_CAN=1 -DDEVICE_PORTIN=1 -DDEVICE_ANALOGIN=1 -DTARGET_LIKE_MBED -DDEVICE_ERROR_PATTERN=1 -DTARGET_RELEASE -DTARGET_CORTEX -DDEVICE_STDIO_MESSAGES=1 -DDEVICE_LOCALFILESYSTEM=1 -DTARGET_LPCTarget -DDEVICE_ETHERNET=1 -DTOOLCHAIN_GCC_ARM -DTARGET_CORTEX_M -D__MBED__=1 -DDEVICE_RTC=1 -DDEVICE_SEMIHOST=1 -DDEVICE_ANALOGOUT=1 -DTARGET_NXP -D__CMSIS_RTOS -DDEVICE_INTERRUPTIN=1 -D__CORTEX_M3 -DDEVICE_SPI=1 -DTARGET_LIKE_CORTEX_M3 -DDEVICE_SERIAL=1 -DTARGET_MBED_LPC1768 -DDEVICE_I2CSLAVE=1 -DTARGET_LPC1768 -DDEVICE_SERIAL_FC=1 -I"D:/_ishikawa/Tools/DigitalMove/ARM/MCUXpresso/DigitalMove_H296/" -I"D:/_ishikawa/Tools/DigitalMove/ARM/MCUXpresso/DigitalMove_H296//usr/src/mbed-sdk" -I"D:/_ishikawa/Tools/DigitalMove/ARM/MCUXpresso/DigitalMove_H296/mbed" -I"D:/_ishikawa/Tools/DigitalMove/ARM/MCUXpresso/DigitalMove_H296/mbed/TARGET_LPC1768" -I"D:/_ishikawa/Tools/DigitalMove/ARM/MCUXpresso/DigitalMove_H296/src" -I"D:/_ishikawa/Tools/DigitalMove/ARM/MCUXpresso/DigitalMove_H296/src/MODSERIAL" -I"D:/_ishikawa/Tools/DigitalMove/ARM/MCUXpresso/DigitalMove_H296/src/TextLCD" -include"D:/_ishikawa/Tools/DigitalMove/ARM/MCUXpresso/DigitalMove_H296/mbed_config.h" -std=gnu++98 -fabi-version=0 -fno-exceptions -mthumb -MMD -MP -MF"src/MODSERIAL/ISR_RX.d" -MT"src/MODSERIAL/ISR_RX.o" -c -o "src/MODSERIAL/ISR_RX.o" "../src/MODSERIAL/ISR_RX.cpp"
Invoking: Cross ARM C++ Compiler
arm-none-eabi-g++ -mcpu=cortex-m3 -mthumb -fmessage-length=0 -ffunction-sections -fdata-sections -fno-builtin -Wall  -g -D__MBED_CMSIS_RTOS_CM -DDEVICE_DEBUG_AWARENESS=1 -DARM_MATH_CM3 -DDEVICE_SLEEP=1 -DDEVICE_SPISLAVE=1 -DMBED_BUILD_TIMESTAMP=1590389558.052974 -DTARGET_M3 -DDEVICE_PORTOUT=1 -DTARGET_LPC176X -DDEVICE_I2C=1 -DTARGET_NAME=LPC1768 -DDEVICE_PWMOUT=1 -DDEVICE_PORTINOUT=1 -DTOOLCHAIN_GCC -DDEVICE_CAN=1 -DDEVICE_PORTIN=1 -DDEVICE_ANALOGIN=1 -DTARGET_LIKE_MBED -DDEVICE_ERROR_PATTERN=1 -DTARGET_RELEASE -DTARGET_CORTEX -DDEVICE_STDIO_MESSAGES=1 -DDEVICE_LOCALFILESYSTEM=1 -DTARGET_LPCTarget -DDEVICE_ETHERNET=1 -DTOOLCHAIN_GCC_ARM -DTARGET_CORTEX_M -D__MBED__=1 -DDEVICE_RTC=1 -DDEVICE_SEMIHOST=1 -DDEVICE_ANALOGOUT=1 -DTARGET_NXP -D__CMSIS_RTOS -DDEVICE_INTERRUPTIN=1 -D__CORTEX_M3 -DDEVICE_SPI=1 -DTARGET_LIKE_CORTEX_M3 -DDEVICE_SERIAL=1 -DTARGET_MBED_LPC1768 -DDEVICE_I2CSLAVE=1 -DTARGET_LPC1768 -DDEVICE_SERIAL_FC=1 -I"D:/_ishikawa/Tools/DigitalMove/ARM/MCUXpresso/DigitalMove_H296/" -I"D:/_ishikawa/Tools/DigitalMove/ARM/MCUXpresso/DigitalMove_H296//usr/src/mbed-sdk" -I"D:/_ishikawa/Tools/DigitalMove/ARM/MCUXpresso/DigitalMove_H296/mbed" -I"D:/_ishikawa/Tools/DigitalMove/ARM/MCUXpresso/DigitalMove_H296/mbed/TARGET_LPC1768" -I"D:/_ishikawa/Tools/DigitalMove/ARM/MCUXpresso/DigitalMove_H296/src" -I"D:/_ishikawa/Tools/DigitalMove/ARM/MCUXpresso/DigitalMove_H296/src/MODSERIAL" -I"D:/_ishikawa/Tools/DigitalMove/ARM/MCUXpresso/DigitalMove_H296/src/TextLCD" -include"D:/_ishikawa/Tools/DigitalMove/ARM/MCUXpresso/DigitalMove_H296/mbed_config.h" -std=gnu++98 -fabi-version=0 -fno-exceptions -mthumb -MMD -MP -MF"src/MODSERIAL/ISR_TX.d" -MT"src/MODSERIAL/ISR_TX.o" -c -o "src/MODSERIAL/ISR_TX.o" "../src/MODSERIAL/ISR_TX.cpp"
Building file: ../src/MODSERIAL/MODSERIAL.cpp
Invoking: Cross ARM C++ Compiler
arm-none-eabi-g++ -mcpu=cortex-m3 -mthumb -fmessage-length=0 -ffunction-sections -fdata-sections -fno-builtin -Wall  -g -D__MBED_CMSIS_RTOS_CM -DDEVICE_DEBUG_AWARENESS=1 -DARM_MATH_CM3 -DDEVICE_SLEEP=1 -DDEVICE_SPISLAVE=1 -DMBED_BUILD_TIMESTAMP=1590389558.052974 -DTARGET_M3 -DDEVICE_PORTOUT=1 -DTARGET_LPC176X -DDEVICE_I2C=1 -DTARGET_NAME=LPC1768 -DDEVICE_PWMOUT=1 -DDEVICE_PORTINOUT=1 -DTOOLCHAIN_GCC -DDEVICE_CAN=1 -DDEVICE_PORTIN=1 -DDEVICE_ANALOGIN=1 -DTARGET_LIKE_MBED -DDEVICE_ERROR_PATTERN=1 -DTARGET_RELEASE -DTARGET_CORTEX -DDEVICE_STDIO_MESSAGES=1 -DDEVICE_LOCALFILESYSTEM=1 -DTARGET_LPCTarget -DDEVICE_ETHERNET=1 -DTOOLCHAIN_GCC_ARM -DTARGET_CORTEX_M -D__MBED__=1 -DDEVICE_RTC=1 -DDEVICE_SEMIHOST=1 -DDEVICE_ANALOGOUT=1 -DTARGET_NXP -D__CMSIS_RTOS -DDEVICE_INTERRUPTIN=1 -D__CORTEX_M3 -DDEVICE_SPI=1 -DTARGET_LIKE_CORTEX_M3 -DDEVICE_SERIAL=1 -DTARGET_MBED_LPC1768 -DDEVICE_I2CSLAVE=1 -DTARGET_LPC1768 -DDEVICE_SERIAL_FC=1 -I"D:/_ishikawa/Tools/DigitalMove/ARM/MCUXpresso/DigitalMove_H296/" -I"D:/_ishikawa/Tools/DigitalMove/ARM/MCUXpresso/DigitalMove_H296//usr/src/mbed-sdk" -I"D:/_ishikawa/Tools/DigitalMove/ARM/MCUXpresso/DigitalMove_H296/mbed" -I"D:/_ishikawa/Tools/DigitalMove/ARM/MCUXpresso/DigitalMove_H296/mbed/TARGET_LPC1768" -I"D:/_ishikawa/Tools/DigitalMove/ARM/MCUXpresso/DigitalMove_H296/src" -I"D:/_ishikawa/Tools/DigitalMove/ARM/MCUXpresso/DigitalMove_H296/src/MODSERIAL" -I"D:/_ishikawa/Tools/DigitalMove/ARM/MCUXpresso/DigitalMove_H296/src/TextLCD" -include"D:/_ishikawa/Tools/DigitalMove/ARM/MCUXpresso/DigitalMove_H296/mbed_config.h" -std=gnu++98 -fabi-version=0 -fno-exceptions -mthumb -MMD -MP -MF"src/MODSERIAL/MODSERIAL.d" -MT"src/MODSERIAL/MODSERIAL.o" -c -o "src/MODSERIAL/MODSERIAL.o" "../src/MODSERIAL/MODSERIAL.cpp"
../src/MODSERIAL/MODSERIAL.cpp: In member function 'bool AjK::MODSERIAL::txIsBusy()':
../src/MODSERIAL/MODSERIAL.cpp:83:34: warning: suggest parentheses around comparison in operand of '&' [-Wparentheses]
     return ( _LSR & ( 3UL << 5 ) == 0 ) ? true : false;
                     ~~~~~~~~~~~~~^~~~
Finished building: ../src/MODSERIAL/INIT.cpp
Finished building: ../src/MODSERIAL/ISR_TX.cpp
 
 
Finished building: ../src/MODSERIAL/ISR_RX.cpp
Building file: ../src/MODSERIAL/MODSERIAL_IRQ_INFO.cpp
 
Invoking: Cross ARM C++ Compiler
arm-none-eabi-g++ -mcpu=cortex-m3 -mthumb -fmessage-length=0 -ffunction-sections -fdata-sections -fno-builtin -Wall  -g -D__MBED_CMSIS_RTOS_CM -DDEVICE_DEBUG_AWARENESS=1 -DARM_MATH_CM3 -DDEVICE_SLEEP=1 -DDEVICE_SPISLAVE=1 -DMBED_BUILD_TIMESTAMP=1590389558.052974 -DTARGET_M3 -DDEVICE_PORTOUT=1 -DTARGET_LPC176X -DDEVICE_I2C=1 -DTARGET_NAME=LPC1768 -DDEVICE_PWMOUT=1 -DDEVICE_PORTINOUT=1 -DTOOLCHAIN_GCC -DDEVICE_CAN=1 -DDEVICE_PORTIN=1 -DDEVICE_ANALOGIN=1 -DTARGET_LIKE_MBED -DDEVICE_ERROR_PATTERN=1 -DTARGET_RELEASE -DTARGET_CORTEX -DDEVICE_STDIO_MESSAGES=1 -DDEVICE_LOCALFILESYSTEM=1 -DTARGET_LPCTarget -DDEVICE_ETHERNET=1 -DTOOLCHAIN_GCC_ARM -DTARGET_CORTEX_M -D__MBED__=1 -DDEVICE_RTC=1 -DDEVICE_SEMIHOST=1 -DDEVICE_ANALOGOUT=1 -DTARGET_NXP -D__CMSIS_RTOS -DDEVICE_INTERRUPTIN=1 -D__CORTEX_M3 -DDEVICE_SPI=1 -DTARGET_LIKE_CORTEX_M3 -DDEVICE_SERIAL=1 -DTARGET_MBED_LPC1768 -DDEVICE_I2CSLAVE=1 -DTARGET_LPC1768 -DDEVICE_SERIAL_FC=1 -I"D:/_ishikawa/Tools/DigitalMove/ARM/MCUXpresso/DigitalMove_H296/" -I"D:/_ishikawa/Tools/DigitalMove/ARM/MCUXpresso/DigitalMove_H296//usr/src/mbed-sdk" -I"D:/_ishikawa/Tools/DigitalMove/ARM/MCUXpresso/DigitalMove_H296/mbed" -I"D:/_ishikawa/Tools/DigitalMove/ARM/MCUXpresso/DigitalMove_H296/mbed/TARGET_LPC1768" -I"D:/_ishikawa/Tools/DigitalMove/ARM/MCUXpresso/DigitalMove_H296/src" -I"D:/_ishikawa/Tools/DigitalMove/ARM/MCUXpresso/DigitalMove_H296/src/MODSERIAL" -I"D:/_ishikawa/Tools/DigitalMove/ARM/MCUXpresso/DigitalMove_H296/src/TextLCD" -include"D:/_ishikawa/Tools/DigitalMove/ARM/MCUXpresso/DigitalMove_H296/mbed_config.h" -std=gnu++98 -fabi-version=0 -fno-exceptions -mthumb -MMD -MP -MF"src/MODSERIAL/MODSERIAL_IRQ_INFO.d" -MT"src/MODSERIAL/MODSERIAL_IRQ_INFO.o" -c -o "src/MODSERIAL/MODSERIAL_IRQ_INFO.o" "../src/MODSERIAL/MODSERIAL_IRQ_INFO.cpp"
Finished building: ../src/MODSERIAL/MODSERIAL.cpp
Building file: ../src/MODSERIAL/RESIZE.cpp
 
Building file: ../src/MODSERIAL/PUTC.cpp
Invoking: Cross ARM C++ Compiler
arm-none-eabi-g++ -mcpu=cortex-m3 -mthumb -fmessage-length=0 -ffunction-sections -fdata-sections -fno-builtin -Wall  -g -D__MBED_CMSIS_RTOS_CM -DDEVICE_DEBUG_AWARENESS=1 -DARM_MATH_CM3 -DDEVICE_SLEEP=1 -DDEVICE_SPISLAVE=1 -DMBED_BUILD_TIMESTAMP=1590389558.052974 -DTARGET_M3 -DDEVICE_PORTOUT=1 -DTARGET_LPC176X -DDEVICE_I2C=1 -DTARGET_NAME=LPC1768 -DDEVICE_PWMOUT=1 -DDEVICE_PORTINOUT=1 -DTOOLCHAIN_GCC -DDEVICE_CAN=1 -DDEVICE_PORTIN=1 -DDEVICE_ANALOGIN=1 -DTARGET_LIKE_MBED -DDEVICE_ERROR_PATTERN=1 -DTARGET_RELEASE -DTARGET_CORTEX -DDEVICE_STDIO_MESSAGES=1 -DDEVICE_LOCALFILESYSTEM=1 -DTARGET_LPCTarget -DDEVICE_ETHERNET=1 -DTOOLCHAIN_GCC_ARM -DTARGET_CORTEX_M -D__MBED__=1 -DDEVICE_RTC=1 -DDEVICE_SEMIHOST=1 -DDEVICE_ANALOGOUT=1 -DTARGET_NXP -D__CMSIS_RTOS -DDEVICE_INTERRUPTIN=1 -D__CORTEX_M3 -DDEVICE_SPI=1 -DTARGET_LIKE_CORTEX_M3 -DDEVICE_SERIAL=1 -DTARGET_MBED_LPC1768 -DDEVICE_I2CSLAVE=1 -DTARGET_LPC1768 -DDEVICE_SERIAL_FC=1 -I"D:/_ishikawa/Tools/DigitalMove/ARM/MCUXpresso/DigitalMove_H296/" -I"D:/_ishikawa/Tools/DigitalMove/ARM/MCUXpresso/DigitalMove_H296//usr/src/mbed-sdk" -I"D:/_ishikawa/Tools/DigitalMove/ARM/MCUXpresso/DigitalMove_H296/mbed" -I"D:/_ishikawa/Tools/DigitalMove/ARM/MCUXpresso/DigitalMove_H296/mbed/TARGET_LPC1768" -I"D:/_ishikawa/Tools/DigitalMove/ARM/MCUXpresso/DigitalMove_H296/src" -I"D:/_ishikawa/Tools/DigitalMove/ARM/MCUXpresso/DigitalMove_H296/src/MODSERIAL" -I"D:/_ishikawa/Tools/DigitalMove/ARM/MCUXpresso/DigitalMove_H296/src/TextLCD" -include"D:/_ishikawa/Tools/DigitalMove/ARM/MCUXpresso/DigitalMove_H296/mbed_config.h" -std=gnu++98 -fabi-version=0 -fno-exceptions -mthumb -MMD -MP -MF"src/MODSERIAL/RESIZE.d" -MT"src/MODSERIAL/RESIZE.o" -c -o "src/MODSERIAL/RESIZE.o" "../src/MODSERIAL/RESIZE.cpp"
Building file: ../src/MODSERIAL/example1.cpp
Invoking: Cross ARM C++ Compiler
arm-none-eabi-g++ -mcpu=cortex-m3 -mthumb -fmessage-length=0 -ffunction-sections -fdata-sections -fno-builtin -Wall  -g -D__MBED_CMSIS_RTOS_CM -DDEVICE_DEBUG_AWARENESS=1 -DARM_MATH_CM3 -DDEVICE_SLEEP=1 -DDEVICE_SPISLAVE=1 -DMBED_BUILD_TIMESTAMP=1590389558.052974 -DTARGET_M3 -DDEVICE_PORTOUT=1 -DTARGET_LPC176X -DDEVICE_I2C=1 -DTARGET_NAME=LPC1768 -DDEVICE_PWMOUT=1 -DDEVICE_PORTINOUT=1 -DTOOLCHAIN_GCC -DDEVICE_CAN=1 -DDEVICE_PORTIN=1 -DDEVICE_ANALOGIN=1 -DTARGET_LIKE_MBED -DDEVICE_ERROR_PATTERN=1 -DTARGET_RELEASE -DTARGET_CORTEX -DDEVICE_STDIO_MESSAGES=1 -DDEVICE_LOCALFILESYSTEM=1 -DTARGET_LPCTarget -DDEVICE_ETHERNET=1 -DTOOLCHAIN_GCC_ARM -DTARGET_CORTEX_M -D__MBED__=1 -DDEVICE_RTC=1 -DDEVICE_SEMIHOST=1 -DDEVICE_ANALOGOUT=1 -DTARGET_NXP -D__CMSIS_RTOS -DDEVICE_INTERRUPTIN=1 -D__CORTEX_M3 -DDEVICE_SPI=1 -DTARGET_LIKE_CORTEX_M3 -DDEVICE_SERIAL=1 -DTARGET_MBED_LPC1768 -DDEVICE_I2CSLAVE=1 -DTARGET_LPC1768 -DDEVICE_SERIAL_FC=1 -I"D:/_ishikawa/Tools/DigitalMove/ARM/MCUXpresso/DigitalMove_H296/" -I"D:/_ishikawa/Tools/DigitalMove/ARM/MCUXpresso/DigitalMove_H296//usr/src/mbed-sdk" -I"D:/_ishikawa/Tools/DigitalMove/ARM/MCUXpresso/DigitalMove_H296/mbed" -I"D:/_ishikawa/Tools/DigitalMove/ARM/MCUXpresso/DigitalMove_H296/mbed/TARGET_LPC1768" -I"D:/_ishikawa/Tools/DigitalMove/ARM/MCUXpresso/DigitalMove_H296/src" -I"D:/_ishikawa/Tools/DigitalMove/ARM/MCUXpresso/DigitalMove_H296/src/MODSERIAL" -I"D:/_ishikawa/Tools/DigitalMove/ARM/MCUXpresso/DigitalMove_H296/src/TextLCD" -include"D:/_ishikawa/Tools/DigitalMove/ARM/MCUXpresso/DigitalMove_H296/mbed_config.h" -std=gnu++98 -fabi-version=0 -fno-exceptions -mthumb -MMD -MP -MF"src/MODSERIAL/PUTC.d" -MT"src/MODSERIAL/PUTC.o" -c -o "src/MODSERIAL/PUTC.o" "../src/MODSERIAL/PUTC.cpp"
Invoking: Cross ARM C++ Compiler
arm-none-eabi-g++ -mcpu=cortex-m3 -mthumb -fmessage-length=0 -ffunction-sections -fdata-sections -fno-builtin -Wall  -g -D__MBED_CMSIS_RTOS_CM -DDEVICE_DEBUG_AWARENESS=1 -DARM_MATH_CM3 -DDEVICE_SLEEP=1 -DDEVICE_SPISLAVE=1 -DMBED_BUILD_TIMESTAMP=1590389558.052974 -DTARGET_M3 -DDEVICE_PORTOUT=1 -DTARGET_LPC176X -DDEVICE_I2C=1 -DTARGET_NAME=LPC1768 -DDEVICE_PWMOUT=1 -DDEVICE_PORTINOUT=1 -DTOOLCHAIN_GCC -DDEVICE_CAN=1 -DDEVICE_PORTIN=1 -DDEVICE_ANALOGIN=1 -DTARGET_LIKE_MBED -DDEVICE_ERROR_PATTERN=1 -DTARGET_RELEASE -DTARGET_CORTEX -DDEVICE_STDIO_MESSAGES=1 -DDEVICE_LOCALFILESYSTEM=1 -DTARGET_LPCTarget -DDEVICE_ETHERNET=1 -DTOOLCHAIN_GCC_ARM -DTARGET_CORTEX_M -D__MBED__=1 -DDEVICE_RTC=1 -DDEVICE_SEMIHOST=1 -DDEVICE_ANALOGOUT=1 -DTARGET_NXP -D__CMSIS_RTOS -DDEVICE_INTERRUPTIN=1 -D__CORTEX_M3 -DDEVICE_SPI=1 -DTARGET_LIKE_CORTEX_M3 -DDEVICE_SERIAL=1 -DTARGET_MBED_LPC1768 -DDEVICE_I2CSLAVE=1 -DTARGET_LPC1768 -DDEVICE_SERIAL_FC=1 -I"D:/_ishikawa/Tools/DigitalMove/ARM/MCUXpresso/DigitalMove_H296/" -I"D:/_ishikawa/Tools/DigitalMove/ARM/MCUXpresso/DigitalMove_H296//usr/src/mbed-sdk" -I"D:/_ishikawa/Tools/DigitalMove/ARM/MCUXpresso/DigitalMove_H296/mbed" -I"D:/_ishikawa/Tools/DigitalMove/ARM/MCUXpresso/DigitalMove_H296/mbed/TARGET_LPC1768" -I"D:/_ishikawa/Tools/DigitalMove/ARM/MCUXpresso/DigitalMove_H296/src" -I"D:/_ishikawa/Tools/DigitalMove/ARM/MCUXpresso/DigitalMove_H296/src/MODSERIAL" -I"D:/_ishikawa/Tools/DigitalMove/ARM/MCUXpresso/DigitalMove_H296/src/TextLCD" -include"D:/_ishikawa/Tools/DigitalMove/ARM/MCUXpresso/DigitalMove_H296/mbed_config.h" -std=gnu++98 -fabi-version=0 -fno-exceptions -mthumb -MMD -MP -MF"src/MODSERIAL/example1.d" -MT"src/MODSERIAL/example1.o" -c -o "src/MODSERIAL/example1.o" "../src/MODSERIAL/example1.cpp"
Finished building: ../src/MODSERIAL/example1.cpp
 
Finished building: ../src/MODSERIAL/MODSERIAL_IRQ_INFO.cpp
Finished building: ../src/MODSERIAL/PUTC.cpp
Finished building: ../src/MODSERIAL/RESIZE.cpp
 
Building file: ../src/MODSERIAL/example2.cpp
 
 
Building file: ../src/MODSERIAL/example3a.cpp
Invoking: Cross ARM C++ Compiler
Building file: ../src/MODSERIAL/example3b.cpp
arm-none-eabi-g++ -mcpu=cortex-m3 -mthumb -fmessage-length=0 -ffunction-sections -fdata-sections -fno-builtin -Wall  -g -D__MBED_CMSIS_RTOS_CM -DDEVICE_DEBUG_AWARENESS=1 -DARM_MATH_CM3 -DDEVICE_SLEEP=1 -DDEVICE_SPISLAVE=1 -DMBED_BUILD_TIMESTAMP=1590389558.052974 -DTARGET_M3 -DDEVICE_PORTOUT=1 -DTARGET_LPC176X -DDEVICE_I2C=1 -DTARGET_NAME=LPC1768 -DDEVICE_PWMOUT=1 -DDEVICE_PORTINOUT=1 -DTOOLCHAIN_GCC -DDEVICE_CAN=1 -DDEVICE_PORTIN=1 -DDEVICE_ANALOGIN=1 -DTARGET_LIKE_MBED -DDEVICE_ERROR_PATTERN=1 -DTARGET_RELEASE -DTARGET_CORTEX -DDEVICE_STDIO_MESSAGES=1 -DDEVICE_LOCALFILESYSTEM=1 -DTARGET_LPCTarget -DDEVICE_ETHERNET=1 -DTOOLCHAIN_GCC_ARM -DTARGET_CORTEX_M -D__MBED__=1 -DDEVICE_RTC=1 -DDEVICE_SEMIHOST=1 -DDEVICE_ANALOGOUT=1 -DTARGET_NXP -D__CMSIS_RTOS -DDEVICE_INTERRUPTIN=1 -D__CORTEX_M3 -DDEVICE_SPI=1 -DTARGET_LIKE_CORTEX_M3 -DDEVICE_SERIAL=1 -DTARGET_MBED_LPC1768 -DDEVICE_I2CSLAVE=1 -DTARGET_LPC1768 -DDEVICE_SERIAL_FC=1 -I"D:/_ishikawa/Tools/DigitalMove/ARM/MCUXpresso/DigitalMove_H296/" -I"D:/_ishikawa/Tools/DigitalMove/ARM/MCUXpresso/DigitalMove_H296//usr/src/mbed-sdk" -I"D:/_ishikawa/Tools/DigitalMove/ARM/MCUXpresso/DigitalMove_H296/mbed" -I"D:/_ishikawa/Tools/DigitalMove/ARM/MCUXpresso/DigitalMove_H296/mbed/TARGET_LPC1768" -I"D:/_ishikawa/Tools/DigitalMove/ARM/MCUXpresso/DigitalMove_H296/src" -I"D:/_ishikawa/Tools/DigitalMove/ARM/MCUXpresso/DigitalMove_H296/src/MODSERIAL" -I"D:/_ishikawa/Tools/DigitalMove/ARM/MCUXpresso/DigitalMove_H296/src/TextLCD" -include"D:/_ishikawa/Tools/DigitalMove/ARM/MCUXpresso/DigitalMove_H296/mbed_config.h" -std=gnu++98 -fabi-version=0 -fno-exceptions -mthumb -MMD -MP -MF"src/MODSERIAL/example2.d" -MT"src/MODSERIAL/example2.o" -c -o "src/MODSERIAL/example2.o" "../src/MODSERIAL/example2.cpp"
Building file: ../src/MODSERIAL/example_dma.cpp
Invoking: Cross ARM C++ Compiler
arm-none-eabi-g++ -mcpu=cortex-m3 -mthumb -fmessage-length=0 -ffunction-sections -fdata-sections -fno-builtin -Wall  -g -D__MBED_CMSIS_RTOS_CM -DDEVICE_DEBUG_AWARENESS=1 -DARM_MATH_CM3 -DDEVICE_SLEEP=1 -DDEVICE_SPISLAVE=1 -DMBED_BUILD_TIMESTAMP=1590389558.052974 -DTARGET_M3 -DDEVICE_PORTOUT=1 -DTARGET_LPC176X -DDEVICE_I2C=1 -DTARGET_NAME=LPC1768 -DDEVICE_PWMOUT=1 -DDEVICE_PORTINOUT=1 -DTOOLCHAIN_GCC -DDEVICE_CAN=1 -DDEVICE_PORTIN=1 -DDEVICE_ANALOGIN=1 -DTARGET_LIKE_MBED -DDEVICE_ERROR_PATTERN=1 -DTARGET_RELEASE -DTARGET_CORTEX -DDEVICE_STDIO_MESSAGES=1 -DDEVICE_LOCALFILESYSTEM=1 -DTARGET_LPCTarget -DDEVICE_ETHERNET=1 -DTOOLCHAIN_GCC_ARM -DTARGET_CORTEX_M -D__MBED__=1 -DDEVICE_RTC=1 -DDEVICE_SEMIHOST=1 -DDEVICE_ANALOGOUT=1 -DTARGET_NXP -D__CMSIS_RTOS -DDEVICE_INTERRUPTIN=1 -D__CORTEX_M3 -DDEVICE_SPI=1 -DTARGET_LIKE_CORTEX_M3 -DDEVICE_SERIAL=1 -DTARGET_MBED_LPC1768 -DDEVICE_I2CSLAVE=1 -DTARGET_LPC1768 -DDEVICE_SERIAL_FC=1 -I"D:/_ishikawa/Tools/DigitalMove/ARM/MCUXpresso/DigitalMove_H296/" -I"D:/_ishikawa/Tools/DigitalMove/ARM/MCUXpresso/DigitalMove_H296//usr/src/mbed-sdk" -I"D:/_ishikawa/Tools/DigitalMove/ARM/MCUXpresso/DigitalMove_H296/mbed" -I"D:/_ishikawa/Tools/DigitalMove/ARM/MCUXpresso/DigitalMove_H296/mbed/TARGET_LPC1768" -I"D:/_ishikawa/Tools/DigitalMove/ARM/MCUXpresso/DigitalMove_H296/src" -I"D:/_ishikawa/Tools/DigitalMove/ARM/MCUXpresso/DigitalMove_H296/src/MODSERIAL" -I"D:/_ishikawa/Tools/DigitalMove/ARM/MCUXpresso/DigitalMove_H296/src/TextLCD" -include"D:/_ishikawa/Tools/DigitalMove/ARM/MCUXpresso/DigitalMove_H296/mbed_config.h" -std=gnu++98 -fabi-version=0 -fno-exceptions -mthumb -MMD -MP -MF"src/MODSERIAL/example3a.d" -MT"src/MODSERIAL/example3a.o" -c -o "src/MODSERIAL/example3a.o" "../src/MODSERIAL/example3a.cpp"
Invoking: Cross ARM C++ Compiler
arm-none-eabi-g++ -mcpu=cortex-m3 -mthumb -fmessage-length=0 -ffunction-sections -fdata-sections -fno-builtin -Wall  -g -D__MBED_CMSIS_RTOS_CM -DDEVICE_DEBUG_AWARENESS=1 -DARM_MATH_CM3 -DDEVICE_SLEEP=1 -DDEVICE_SPISLAVE=1 -DMBED_BUILD_TIMESTAMP=1590389558.052974 -DTARGET_M3 -DDEVICE_PORTOUT=1 -DTARGET_LPC176X -DDEVICE_I2C=1 -DTARGET_NAME=LPC1768 -DDEVICE_PWMOUT=1 -DDEVICE_PORTINOUT=1 -DTOOLCHAIN_GCC -DDEVICE_CAN=1 -DDEVICE_PORTIN=1 -DDEVICE_ANALOGIN=1 -DTARGET_LIKE_MBED -DDEVICE_ERROR_PATTERN=1 -DTARGET_RELEASE -DTARGET_CORTEX -DDEVICE_STDIO_MESSAGES=1 -DDEVICE_LOCALFILESYSTEM=1 -DTARGET_LPCTarget -DDEVICE_ETHERNET=1 -DTOOLCHAIN_GCC_ARM -DTARGET_CORTEX_M -D__MBED__=1 -DDEVICE_RTC=1 -DDEVICE_SEMIHOST=1 -DDEVICE_ANALOGOUT=1 -DTARGET_NXP -D__CMSIS_RTOS -DDEVICE_INTERRUPTIN=1 -D__CORTEX_M3 -DDEVICE_SPI=1 -DTARGET_LIKE_CORTEX_M3 -DDEVICE_SERIAL=1 -DTARGET_MBED_LPC1768 -DDEVICE_I2CSLAVE=1 -DTARGET_LPC1768 -DDEVICE_SERIAL_FC=1 -I"D:/_ishikawa/Tools/DigitalMove/ARM/MCUXpresso/DigitalMove_H296/" -I"D:/_ishikawa/Tools/DigitalMove/ARM/MCUXpresso/DigitalMove_H296//usr/src/mbed-sdk" -I"D:/_ishikawa/Tools/DigitalMove/ARM/MCUXpresso/DigitalMove_H296/mbed" -I"D:/_ishikawa/Tools/DigitalMove/ARM/MCUXpresso/DigitalMove_H296/mbed/TARGET_LPC1768" -I"D:/_ishikawa/Tools/DigitalMove/ARM/MCUXpresso/DigitalMove_H296/src" -I"D:/_ishikawa/Tools/DigitalMove/ARM/MCUXpresso/DigitalMove_H296/src/MODSERIAL" -I"D:/_ishikawa/Tools/DigitalMove/ARM/MCUXpresso/DigitalMove_H296/src/TextLCD" -include"D:/_ishikawa/Tools/DigitalMove/ARM/MCUXpresso/DigitalMove_H296/mbed_config.h" -std=gnu++98 -fabi-version=0 -fno-exceptions -mthumb -MMD -MP -MF"src/MODSERIAL/example3b.d" -MT"src/MODSERIAL/example3b.o" -c -o "src/MODSERIAL/example3b.o" "../src/MODSERIAL/example3b.cpp"
Invoking: Cross ARM C++ Compiler
arm-none-eabi-g++ -mcpu=cortex-m3 -mthumb -fmessage-length=0 -ffunction-sections -fdata-sections -fno-builtin -Wall  -g -D__MBED_CMSIS_RTOS_CM -DDEVICE_DEBUG_AWARENESS=1 -DARM_MATH_CM3 -DDEVICE_SLEEP=1 -DDEVICE_SPISLAVE=1 -DMBED_BUILD_TIMESTAMP=1590389558.052974 -DTARGET_M3 -DDEVICE_PORTOUT=1 -DTARGET_LPC176X -DDEVICE_I2C=1 -DTARGET_NAME=LPC1768 -DDEVICE_PWMOUT=1 -DDEVICE_PORTINOUT=1 -DTOOLCHAIN_GCC -DDEVICE_CAN=1 -DDEVICE_PORTIN=1 -DDEVICE_ANALOGIN=1 -DTARGET_LIKE_MBED -DDEVICE_ERROR_PATTERN=1 -DTARGET_RELEASE -DTARGET_CORTEX -DDEVICE_STDIO_MESSAGES=1 -DDEVICE_LOCALFILESYSTEM=1 -DTARGET_LPCTarget -DDEVICE_ETHERNET=1 -DTOOLCHAIN_GCC_ARM -DTARGET_CORTEX_M -D__MBED__=1 -DDEVICE_RTC=1 -DDEVICE_SEMIHOST=1 -DDEVICE_ANALOGOUT=1 -DTARGET_NXP -D__CMSIS_RTOS -DDEVICE_INTERRUPTIN=1 -D__CORTEX_M3 -DDEVICE_SPI=1 -DTARGET_LIKE_CORTEX_M3 -DDEVICE_SERIAL=1 -DTARGET_MBED_LPC1768 -DDEVICE_I2CSLAVE=1 -DTARGET_LPC1768 -DDEVICE_SERIAL_FC=1 -I"D:/_ishikawa/Tools/DigitalMove/ARM/MCUXpresso/DigitalMove_H296/" -I"D:/_ishikawa/Tools/DigitalMove/ARM/MCUXpresso/DigitalMove_H296//usr/src/mbed-sdk" -I"D:/_ishikawa/Tools/DigitalMove/ARM/MCUXpresso/DigitalMove_H296/mbed" -I"D:/_ishikawa/Tools/DigitalMove/ARM/MCUXpresso/DigitalMove_H296/mbed/TARGET_LPC1768" -I"D:/_ishikawa/Tools/DigitalMove/ARM/MCUXpresso/DigitalMove_H296/src" -I"D:/_ishikawa/Tools/DigitalMove/ARM/MCUXpresso/DigitalMove_H296/src/MODSERIAL" -I"D:/_ishikawa/Tools/DigitalMove/ARM/MCUXpresso/DigitalMove_H296/src/TextLCD" -include"D:/_ishikawa/Tools/DigitalMove/ARM/MCUXpresso/DigitalMove_H296/mbed_config.h" -std=gnu++98 -fabi-version=0 -fno-exceptions -mthumb -MMD -MP -MF"src/MODSERIAL/example_dma.d" -MT"src/MODSERIAL/example_dma.o" -c -o "src/MODSERIAL/example_dma.o" "../src/MODSERIAL/example_dma.cpp"
Finished building: ../src/MODSERIAL/example3a.cpp
Finished building: ../src/MODSERIAL/example2.cpp
 
Finished building: ../src/MODSERIAL/example3b.cpp
 
Building file: ../src/main.cpp
Finished building: ../src/MODSERIAL/example_dma.cpp
"arm-none-eabi-cpp" -E -P -mthumb -mcpu=cortex-m3 -mcpu=cortex-m3 -mthumb -Wl,--start-group -lstdc++ -lsupc++ -lm -lc -lgcc -lnosys -Wl,--end-group ../mbed/TARGET_LPC1768/TOOLCHAIN_GCC_ARM/LPC1768.ld -o linker-script-debug.ld
 
Invoking: Cross ARM C++ Compiler
arm-none-eabi-g++ -mcpu=cortex-m3 -mthumb -fmessage-length=0 -ffunction-sections -fdata-sections -fno-builtin -Wall  -g -D__MBED_CMSIS_RTOS_CM -DDEVICE_DEBUG_AWARENESS=1 -DARM_MATH_CM3 -DDEVICE_SLEEP=1 -DDEVICE_SPISLAVE=1 -DMBED_BUILD_TIMESTAMP=1590389558.052974 -DTARGET_M3 -DDEVICE_PORTOUT=1 -DTARGET_LPC176X -DDEVICE_I2C=1 -DTARGET_NAME=LPC1768 -DDEVICE_PWMOUT=1 -DDEVICE_PORTINOUT=1 -DTOOLCHAIN_GCC -DDEVICE_CAN=1 -DDEVICE_PORTIN=1 -DDEVICE_ANALOGIN=1 -DTARGET_LIKE_MBED -DDEVICE_ERROR_PATTERN=1 -DTARGET_RELEASE -DTARGET_CORTEX -DDEVICE_STDIO_MESSAGES=1 -DDEVICE_LOCALFILESYSTEM=1 -DTARGET_LPCTarget -DDEVICE_ETHERNET=1 -DTOOLCHAIN_GCC_ARM -DTARGET_CORTEX_M -D__MBED__=1 -DDEVICE_RTC=1 -DDEVICE_SEMIHOST=1 -DDEVICE_ANALOGOUT=1 -DTARGET_NXP -D__CMSIS_RTOS -DDEVICE_INTERRUPTIN=1 -D__CORTEX_M3 -DDEVICE_SPI=1 -DTARGET_LIKE_CORTEX_M3 -DDEVICE_SERIAL=1 -DTARGET_MBED_LPC1768 -DDEVICE_I2CSLAVE=1 -DTARGET_LPC1768 -DDEVICE_SERIAL_FC=1 -I"D:/_ishikawa/Tools/DigitalMove/ARM/MCUXpresso/DigitalMove_H296/" -I"D:/_ishikawa/Tools/DigitalMove/ARM/MCUXpresso/DigitalMove_H296//usr/src/mbed-sdk" -I"D:/_ishikawa/Tools/DigitalMove/ARM/MCUXpresso/DigitalMove_H296/mbed" -I"D:/_ishikawa/Tools/DigitalMove/ARM/MCUXpresso/DigitalMove_H296/mbed/TARGET_LPC1768" -I"D:/_ishikawa/Tools/DigitalMove/ARM/MCUXpresso/DigitalMove_H296/src" -I"D:/_ishikawa/Tools/DigitalMove/ARM/MCUXpresso/DigitalMove_H296/src/MODSERIAL" -I"D:/_ishikawa/Tools/DigitalMove/ARM/MCUXpresso/DigitalMove_H296/src/TextLCD" -include"D:/_ishikawa/Tools/DigitalMove/ARM/MCUXpresso/DigitalMove_H296/mbed_config.h" -std=gnu++98 -fabi-version=0 -fno-exceptions -mthumb -MMD -MP -MF"src/main.d" -MT"src/main.o" -c -o "src/main.o" "../src/main.cpp"
 
"arm-none-eabi-cpp" -E -P -mthumb -mthumb -mcpu=cortex-m3 -mcpu=cortex-m3 -mthumb -mcpu=cortex-m3 -mthumb -Wl,--start-group -lstdc++ -lsupc++ -lm -lc -lgcc -lnosys -Wl,--end-group ../mbed/TARGET_LPC1768/TOOLCHAIN_GCC_ARM/LPC1768.ld -o linker-script-develop.ld
"arm-none-eabi-cpp" -E -P -mthumb -mthumb -mthumb -mcpu=cortex-m3 -mcpu=cortex-m3 -mthumb -mcpu=cortex-m3 -mthumb -mcpu=cortex-m3 -mthumb -Wl,--start-group -lstdc++ -lsupc++ -lm -lc -lgcc -lnosys -Wl,--end-group ../mbed/TARGET_LPC1768/TOOLCHAIN_GCC_ARM/LPC1768.ld -o linker-script-release.ld
In file included from ../src/main.h:16:0,
                 from ../src/main.cpp:24:
../src/str.h:27:3: warning: anonymous type with no linkage used to declare variable '<anonymous union> byteData' with linkage
 } byteData;
   ^~~~~~~~
../src/main.cpp: In function 'void dsp_message(unsigned char)':
../src/main.cpp:144:13: warning: unused variable 't' [-Wunused-variable]
  struct tm *t=localtime(&seconds);
             ^
../src/main.cpp: In function 'void setup_hariken_para()':
../src/main.cpp:391:16: warning: unused variable 'tmp_ptr' [-Wunused-variable]
  unsigned char tmp_ptr;
                ^~~~~~~
../src/main.cpp: In function 'unsigned char judge_hole(unsigned char)':
../src/main.cpp:528:1: warning: no return statement in function returning non-void [-Wreturn-type]
 }
 ^
../src/main.cpp: In function 'void get_seri_1byte()':
../src/main.cpp:812:17: warning: unused variable 'tmp_cmd_length' [-Wunused-variable]
  unsigned short tmp_cmd_length;
                 ^~~~~~~~~~~~~~
../src/main.cpp: In function 'void mp5rise()':
../src/main.cpp:922:17: warning: variable 'tmp_mode' set but not used [-Wunused-but-set-variable]
  unsigned short tmp_mode = 0;
                 ^~~~~~~~
../src/main.cpp: In function 'void mp7rise()':
../src/main.cpp:958:17: warning: variable 'tmp_mode' set but not used [-Wunused-but-set-variable]
  unsigned short tmp_mode = 0;
                 ^~~~~~~~
../src/main.cpp: In function 'int main()':
../src/main.cpp:1497:13: warning: statement has no effect [-Wunused-value]
  tmp_buff_no;
             ^
In file included from ../src/main.h:16:0,
                 from ../src/main.cpp:24:
../src/str.h: At global scope:
../src/str.h:27:3: warning: 'byteData' defined but not used [-Wunused-variable]
 } byteData;
   ^~~~~~~~
Finished building: ../src/main.cpp
 
Building target: DigitalMove_H296.elf
Invoking: Cross ARM C++ Linker
arm-none-eabi-g++ -mcpu=cortex-m3 -mthumb -fmessage-length=0 -ffunction-sections -fdata-sections -fno-builtin -Wall  -g -T "D:/_ishikawa/Tools/DigitalMove/ARM/MCUXpresso/DigitalMove_H296/Debug/linker-script-debug.ld" -Xlinker --gc-sections -L"D:/_ishikawa/Tools/DigitalMove/ARM/MCUXpresso/DigitalMove_H296/mbed/TARGET_LPC1768/TOOLCHAIN_GCC_ARM" -Wl,-Map,"DigitalMove_H296.map" -mthumb -mcpu=cortex-m3 -mcpu=cortex-m3 -mthumb -Wl,--start-group -lstdc++ -lsupc++ -lm -lc -lgcc -lnosys -Wl,--end-group -o "DigitalMove_H296.elf"  ./src/TextLCD/TextLCD.o  ./src/MODSERIAL/ChangeLog.o ./src/MODSERIAL/FLUSH.o ./src/MODSERIAL/GETC.o ./src/MODSERIAL/INIT.o ./src/MODSERIAL/ISR_RX.o ./src/MODSERIAL/ISR_TX.o ./src/MODSERIAL/MODSERIAL.o ./src/MODSERIAL/MODSERIAL_IRQ_INFO.o ./src/MODSERIAL/PUTC.o ./src/MODSERIAL/RESIZE.o ./src/MODSERIAL/example1.o ./src/MODSERIAL/example2.o ./src/MODSERIAL/example3a.o ./src/MODSERIAL/example3b.o ./src/MODSERIAL/example_dma.o  ./src/main.o  D:/_ishikawa/Tools/DigitalMove/ARM/MCUXpresso/DigitalMove_H296/mbed/TARGET_LPC1768/TOOLCHAIN_GCC_ARM/cmsis_nvic.o D:/_ishikawa/Tools/DigitalMove/ARM/MCUXpresso/DigitalMove_H296/mbed/TARGET_LPC1768/TOOLCHAIN_GCC_ARM/retarget.o D:/_ishikawa/Tools/DigitalMove/ARM/MCUXpresso/DigitalMove_H296/mbed/TARGET_LPC1768/TOOLCHAIN_GCC_ARM/startup_LPC17xx.o D:/_ishikawa/Tools/DigitalMove/ARM/MCUXpresso/DigitalMove_H296/mbed/TARGET_LPC1768/TOOLCHAIN_GCC_ARM/system_LPC17xx.o D:/_ishikawa/Tools/DigitalMove/ARM/MCUXpresso/DigitalMove_H296/mbed/TARGET_LPC1768/TOOLCHAIN_GCC_ARM/libmbed.a -lstdc++ -lsupc++ -lm -lc -lgcc -lnosys -lmbed
Finished building target: DigitalMove_H296.elf
 
Invoking: Cross ARM GNU Create Flash Image
arm-none-eabi-objcopy -O binary "DigitalMove_H296.elf"  "DigitalMove_H296.bin"
Invoking: Cross ARM GNU Print Size
arm-none-eabi-size --format=berkeley "DigitalMove_H296.elf"
   text	   data	    bss	    dec	    hex	filename
  85880	   2592	   3304	  91776	  16680	DigitalMove_H296.elf
Finished building: DigitalMove_H296.bin
Finished building: DigitalMove_H296.siz
 
 

14:44:02 Build Finished. 0 errors, 20 warnings. (took 2s.905ms)

