15:14:49 **** Incremental Build of configuration H800 for project DigitalMove ****
make -j4 all 
Building file: ../src/main.cpp
Invoking: Cross ARM C++ Compiler
arm-none-eabi-g++ -mcpu=cortex-m3 -mthumb -O2 -fmessage-length=0 -fsigned-char -ffunction-sections -fdata-sections -fno-builtin -Wall  -g -DTARGET_MBED_LPC1768 -DCALSELECT=8 -DCALH800=8 -DTARGET_M3 -D__MBED_CMSIS_RTOS_CM -DDEVICE_CAN=1 -DDEVICE_I2CSLAVE=1 -DMBED_BUILD_TIMESTAMP=1593401688.5458272 -DTARGET_CORTEX_M -DDEVICE_LOCALFILESYSTEM=1 -DDEVICE_SERIAL=1 -DDEVICE_SERIAL_FC=1 -DTOOLCHAIN_GCC -DDEVICE_DEBUG_AWARENESS=1 -DDEVICE_INTERRUPTIN=1 -DDEVICE_ANALOGIN=1 -DDEVICE_STDIO_MESSAGES=1 -DTARGET_LIKE_CORTEX_M3 -D__MBED__=1 -DARM_MATH_CM3 -D__CMSIS_RTOS -DTARGET_NAME=LPC1768 -DDEVICE_PORTINOUT=1 -DTARGET_LPCTarget -DTARGET_RELEASE -DDEVICE_PORTOUT=1 -DDEVICE_SLEEP=1 -DDEVICE_SEMIHOST=1 -DDEVICE_PWMOUT=1 -DTARGET_LIKE_MBED -DDEVICE_ANALOGOUT=1 -DDEVICE_PORTIN=1 -DDEVICE_RTC=1 -DTOOLCHAIN_GCC_ARM -DTARGET_CORTEX -DTARGET_LPC1768 -D__CORTEX_M3 -DTARGET_LPC176X -DTARGET_NXP -DDEVICE_ETHERNET=1 -DDEVICE_SPISLAVE=1 -DDEVICE_ERROR_PATTERN=1 -DDEVICE_I2C=1 -DDEVICE_SPI=1 -I"D:/_ishikawa/Tools/DigitalMove/ARM/MCUXpresso/DigitalMove/" -I"D:/_ishikawa/Tools/DigitalMove/ARM/MCUXpresso/DigitalMove//usr/src/mbed-sdk" -I"D:/_ishikawa/Tools/DigitalMove/ARM/MCUXpresso/DigitalMove/mbed" -I"D:/_ishikawa/Tools/DigitalMove/ARM/MCUXpresso/DigitalMove/mbed/TARGET_LPC1768" -I"D:/_ishikawa/Tools/DigitalMove/ARM/MCUXpresso/DigitalMove/src" -I"D:/_ishikawa/Tools/DigitalMove/ARM/MCUXpresso/DigitalMove/src/MODSERIAL" -I"D:/_ishikawa/Tools/DigitalMove/ARM/MCUXpresso/DigitalMove/src/TextLCD" -include"D:/_ishikawa/Tools/DigitalMove/ARM/MCUXpresso/DigitalMove/mbed_config.h" -std=gnu++98 -fabi-version=0 -fno-exceptions -mthumb -MMD -MP -MF"src/main.d" -MT"src/main.o" -c -o "src/main.o" "../src/main.cpp"
Finished building: ../src/main.cpp
 
Building target: DigitalMoveH800.elf
Invoking: Cross ARM C++ Linker
arm-none-eabi-g++ -mcpu=cortex-m3 -mthumb -O2 -fmessage-length=0 -fsigned-char -ffunction-sections -fdata-sections -fno-builtin -Wall  -g -T "D:/_ishikawa/Tools/DigitalMove/ARM/MCUXpresso/DigitalMove/Debug/linker-script-debug.ld" -Xlinker --gc-sections -L"D:/_ishikawa/Tools/DigitalMove/ARM/MCUXpresso/DigitalMove/mbed/TARGET_LPC1768/TOOLCHAIN_GCC_ARM" -Wl,-Map,"DigitalMoveH800.map" -mthumb -mcpu=cortex-m3 -mcpu=cortex-m3 -mthumb -Wl,--start-group -lstdc++ -lsupc++ -lm -lc -lgcc -lnosys -Wl,--end-group -o "DigitalMoveH800.elf"  ./src/bios.o ./src/boot.o ./src/cmd_act.o ./src/holetbl.o ./src/io.o ./src/io_0100.o ./src/io_h296.o ./src/io_ns30.o ./src/main.o ./src/needle.o ./src/sc0uart.o ./src/sub_func.o ./src/version.o  D:/_ishikawa/Tools/DigitalMove/ARM/MCUXpresso/DigitalMove/mbed/TARGET_LPC1768/TOOLCHAIN_GCC_ARM/cmsis_nvic.o D:/_ishikawa/Tools/DigitalMove/ARM/MCUXpresso/DigitalMove/mbed/TARGET_LPC1768/TOOLCHAIN_GCC_ARM/retarget.o D:/_ishikawa/Tools/DigitalMove/ARM/MCUXpresso/DigitalMove/mbed/TARGET_LPC1768/TOOLCHAIN_GCC_ARM/startup_LPC17xx.o D:/_ishikawa/Tools/DigitalMove/ARM/MCUXpresso/DigitalMove/mbed/TARGET_LPC1768/TOOLCHAIN_GCC_ARM/system_LPC17xx.o D:/_ishikawa/Tools/DigitalMove/ARM/MCUXpresso/DigitalMove/mbed/TARGET_LPC1768/TOOLCHAIN_GCC_ARM/libmbed.a -lstdc++ -lsupc++ -lm -lc -lgcc -lnosys -lmbed
Finished building target: DigitalMoveH800.elf
 
Invoking: Cross ARM GNU Create Flash Image
arm-none-eabi-objcopy -O srec "DigitalMoveH800.elf"  "DigitalMoveH800.srec"
Invoking: Cross ARM GNU Print Size
arm-none-eabi-size --format=berkeley "DigitalMoveH800.elf"
   text	   data	    bss	    dec	    hex	filename
  70244	   2520	   3532	  76296	  12a08	DigitalMoveH800.elf
Finished building: DigitalMoveH800.siz
 
Finished building: DigitalMoveH800.srec
 

15:14:51 Build Finished. 0 errors, 0 warnings. (took 1s.509ms)

