14:44:07 **** Build of configuration Debug for project mbed_blinky ****
make -j4 all 
Building file: ../main.cpp
"arm-none-eabi-cpp" -E -P -DMBED_DEBUG -DMBED_TRAP_ERRORS_ENABLED=1 -DMBED_ROM_START=0x0 -DMBED_ROM_SIZE=0x80000 -DMBED_RAM_START=0x10000000 -DMBED_RAM_SIZE=0x8000 -DMBED_RAM1_START=0x2007c000 -DMBED_RAM1_SIZE=0x8000 -Wl,-n -DMBED_ROM_START=0x0 -DMBED_ROM_SIZE=0x80000 -DMBED_RAM_START=0x10000000 -DMBED_RAM_SIZE=0x8000 -DMBED_RAM1_START=0x2007c000 -DMBED_RAM1_SIZE=0x8000 -DMBED_BOOT_STACK_SIZE=4096 -Wl,--start-group -lstdc++ -lsupc++ -lm -lc -lgcc -lnosys -Wl,--end-group ../mbed/TARGET_LPC1768/TOOLCHAIN_GCC_ARM/LPC1768.ld -o linker-script-debug.ld
"arm-none-eabi-cpp" -E -P -DNDEBUG -DMBED_ROM_START=0x0 -DMBED_ROM_SIZE=0x80000 -DMBED_RAM_START=0x10000000 -DMBED_RAM_SIZE=0x8000 -DMBED_RAM1_START=0x2007c000 -DMBED_RAM1_SIZE=0x8000 -Wl,-n -DMBED_ROM_START=0x0 -DMBED_ROM_SIZE=0x80000 -DMBED_RAM_START=0x10000000 -DMBED_RAM_SIZE=0x8000 -DMBED_RAM1_START=0x2007c000 -DMBED_RAM1_SIZE=0x8000 -DMBED_BOOT_STACK_SIZE=4096 -Wl,--start-group -lstdc++ -lsupc++ -lm -lc -lgcc -lnosys -Wl,--end-group ../mbed/TARGET_LPC1768/TOOLCHAIN_GCC_ARM/LPC1768.ld -o linker-script-release.ld
Invoking: Cross ARM C++ Compiler
arm-none-eabi-g++ -mcpu=cortex-m3 -mthumb -Og -fmessage-length=0 -ffunction-sections -fdata-sections -funsigned-char -fno-delete-null-pointer-checks -fomit-frame-pointer -Wall -Wextra -Wno-unused-parameter -Wno-missing-field-initializers  -g3 -DDEVICE_EMAC=1 -D__MBED__=1 -DDEVICE_I2CSLAVE=1 -DTARGET_LIKE_MBED -DTARGET_NXP -DTARGET_LPC176X -D__MBED_CMSIS_RTOS_CM -DDEVICE_RTC=1 -DDEVICE_LOCALFILESYSTEM=1 -D__CMSIS_RTOS -DTOOLCHAIN_GCC -DDEVICE_CAN=1 -DTARGET_LIKE_CORTEX_M3 -DTARGET_CORTEX_M -DARM_MATH_CM3 -DCOMPONENT_PSA_SRV_EMUL=1 -DDEVICE_ANALOGOUT=1 -DTARGET_NXP_EMAC -DCOMPONENT_PSA_SRV_IMPL=1 -DTARGET_M3 -DDEVICE_PWMOUT=1 -DDEVICE_INTERRUPTIN=1 -DTARGET_LPCTarget -DTARGET_CORTEX -DDEVICE_I2C=1 -DDEVICE_PORTOUT=1 -D__CORTEX_M3 -DDEVICE_STDIO_MESSAGES=1 -DTARGET_NAME=LPC1768 -DTARGET_LPC1768 -DTARGET_RELEASE -DCOMPONENT_NSPE=1 -DDEVICE_PORTINOUT=1 -DDEVICE_SERIAL_FC=1 -DDEVICE_USTICKER=1 -DTARGET_MBED_LPC1768 -DDEVICE_PORTIN=1 -DDEVICE_SLEEP=1 -DTOOLCHAIN_GCC_ARM -DMBED_BUILD_TIMESTAMP=1575943556.29 -DDEVICE_SPI=1 -DDEVICE_ETHERNET=1 -DDEVICE_SPISLAVE=1 -DDEVICE_ANALOGIN=1 -DDEVICE_SERIAL=1 -DDEVICE_FLASH=1 -DDEVICE_SEMIHOST=1 -DDEVICE_DEBUG_AWARENESS=1 -DDEVICE_MPU=1 -I"D:/_ishikawa/Tools/DigitalMove/ARM/MCUXpresso/mbed_blinky//usr/src/mbed-sdk" -I"D:/_ishikawa/Tools/DigitalMove/ARM/MCUXpresso/mbed_blinky/mbed" -I"D:/_ishikawa/Tools/DigitalMove/ARM/MCUXpresso/mbed_blinky/mbed/TARGET_LPC1768/TOOLCHAIN_GCC_ARM" -I"D:/_ishikawa/Tools/DigitalMove/ARM/MCUXpresso/mbed_blinky/mbed/drivers" -I"D:/_ishikawa/Tools/DigitalMove/ARM/MCUXpresso/mbed_blinky/mbed/hal" -I"D:/_ishikawa/Tools/DigitalMove/ARM/MCUXpresso/mbed_blinky/mbed/platform" -include"D:/_ishikawa/Tools/DigitalMove/ARM/MCUXpresso/mbed_blinky/mbed_config.h" -std=gnu++14 -fabi-version=0 -fno-exceptions -fno-rtti -Wvla -DMBED_DEBUG -DMBED_TRAP_ERRORS_ENABLED=1 -DMBED_ROM_START=0x0 -DMBED_ROM_SIZE=0x80000 -DMBED_RAM_START=0x10000000 -DMBED_RAM_SIZE=0x8000 -DMBED_RAM1_START=0x2007c000 -DMBED_RAM1_SIZE=0x8000 -MMD -MP -MF"main.d" -MT"main.o" -c -o "main.o" "../main.cpp"
"arm-none-eabi-cpp" -E -P -DMBED_TRAP_ERRORS_ENABLED=1 -DMBED_ROM_START=0x0 -DMBED_ROM_SIZE=0x80000 -DMBED_RAM_START=0x10000000 -DMBED_RAM_SIZE=0x8000 -DMBED_RAM1_START=0x2007c000 -DMBED_RAM1_SIZE=0x8000 -Wl,-n -DMBED_ROM_START=0x0 -DMBED_ROM_SIZE=0x80000 -DMBED_RAM_START=0x10000000 -DMBED_RAM_SIZE=0x8000 -DMBED_RAM1_START=0x2007c000 -DMBED_RAM1_SIZE=0x8000 -DMBED_BOOT_STACK_SIZE=4096 -Wl,--start-group -lstdc++ -lsupc++ -lm -lc -lgcc -lnosys -Wl,--end-group ../mbed/TARGET_LPC1768/TOOLCHAIN_GCC_ARM/LPC1768.ld -o linker-script-develop.ld
Finished building: ../main.cpp
 
Building target: mbed_blinky.elf
Invoking: Cross ARM C++ Linker
arm-none-eabi-g++ -mcpu=cortex-m3 -mthumb -Og -fmessage-length=0 -ffunction-sections -fdata-sections -funsigned-char -fno-delete-null-pointer-checks -fomit-frame-pointer -Wall -Wextra -Wno-unused-parameter -Wno-missing-field-initializers  -g3 -T "D:/_ishikawa/Tools/DigitalMove/ARM/MCUXpresso/mbed_blinky/Debug/linker-script-debug.ld" -Xlinker --gc-sections -L"D:/_ishikawa/Tools/DigitalMove/ARM/MCUXpresso/mbed_blinky/mbed/TARGET_LPC1768/TOOLCHAIN_GCC_ARM" -Xlinker --wrap=main -Xlinker --wrap=_malloc_r -Xlinker --wrap=_free_r -Xlinker --wrap=_realloc_r -Xlinker --wrap=_memalign_r -Xlinker --wrap=_calloc_r -Xlinker --wrap=exit -Xlinker --wrap=atexit -Wl,-Map,"mbed_blinky.map" -DMBED_DEBUG -DMBED_TRAP_ERRORS_ENABLED=1 -DMBED_ROM_START=0x0 -DMBED_ROM_SIZE=0x80000 -DMBED_RAM_START=0x10000000 -DMBED_RAM_SIZE=0x8000 -DMBED_RAM1_START=0x2007c000 -DMBED_RAM1_SIZE=0x8000 -Wl,-n -DMBED_ROM_START=0x0 -DMBED_ROM_SIZE=0x80000 -DMBED_RAM_START=0x10000000 -DMBED_RAM_SIZE=0x8000 -DMBED_RAM1_START=0x2007c000 -DMBED_RAM1_SIZE=0x8000 -DMBED_BOOT_STACK_SIZE=4096 -Wl,--start-group -lstdc++ -lsupc++ -lm -lc -lgcc -lnosys -Wl,--end-group -o "mbed_blinky.elf"  ./main.o  D:/_ishikawa/Tools/DigitalMove/ARM/MCUXpresso/mbed_blinky/mbed/TARGET_LPC1768/TOOLCHAIN_GCC_ARM/CRP.o D:/_ishikawa/Tools/DigitalMove/ARM/MCUXpresso/mbed_blinky/mbed/TARGET_LPC1768/TOOLCHAIN_GCC_ARM/analogin_api.o D:/_ishikawa/Tools/DigitalMove/ARM/MCUXpresso/mbed_blinky/mbed/TARGET_LPC1768/TOOLCHAIN_GCC_ARM/analogout_api.o D:/_ishikawa/Tools/DigitalMove/ARM/MCUXpresso/mbed_blinky/mbed/TARGET_LPC1768/TOOLCHAIN_GCC_ARM/can_api.o D:/_ishikawa/Tools/DigitalMove/ARM/MCUXpresso/mbed_blinky/mbed/TARGET_LPC1768/TOOLCHAIN_GCC_ARM/ethernet_api.o D:/_ishikawa/Tools/DigitalMove/ARM/MCUXpresso/mbed_blinky/mbed/TARGET_LPC1768/TOOLCHAIN_GCC_ARM/except.o D:/_ishikawa/Tools/DigitalMove/ARM/MCUXpresso/mbed_blinky/mbed/TARGET_LPC1768/TOOLCHAIN_GCC_ARM/flash_api.o D:/_ishikawa/Tools/DigitalMove/ARM/MCUXpresso/mbed_blinky/mbed/TARGET_LPC1768/TOOLCHAIN_GCC_ARM/gpio_api.o D:/_ishikawa/Tools/DigitalMove/ARM/MCUXpresso/mbed_blinky/mbed/TARGET_LPC1768/TOOLCHAIN_GCC_ARM/gpio_irq_api.o D:/_ishikawa/Tools/DigitalMove/ARM/MCUXpresso/mbed_blinky/mbed/TARGET_LPC1768/TOOLCHAIN_GCC_ARM/i2c_api.o D:/_ishikawa/Tools/DigitalMove/ARM/MCUXpresso/mbed_blinky/mbed/TARGET_LPC1768/TOOLCHAIN_GCC_ARM/mbed_board.o D:/_ishikawa/Tools/DigitalMove/ARM/MCUXpresso/mbed_blinky/mbed/TARGET_LPC1768/TOOLCHAIN_GCC_ARM/mbed_fault_handler.o D:/_ishikawa/Tools/DigitalMove/ARM/MCUXpresso/mbed_blinky/mbed/TARGET_LPC1768/TOOLCHAIN_GCC_ARM/mbed_retarget.o D:/_ishikawa/Tools/DigitalMove/ARM/MCUXpresso/mbed_blinky/mbed/TARGET_LPC1768/TOOLCHAIN_GCC_ARM/mbed_sdk_boot.o D:/_ishikawa/Tools/DigitalMove/ARM/MCUXpresso/mbed_blinky/mbed/TARGET_LPC1768/TOOLCHAIN_GCC_ARM/mbed_tz_context.o D:/_ishikawa/Tools/DigitalMove/ARM/MCUXpresso/mbed_blinky/mbed/TARGET_LPC1768/TOOLCHAIN_GCC_ARM/pinmap.o D:/_ishikawa/Tools/DigitalMove/ARM/MCUXpresso/mbed_blinky/mbed/TARGET_LPC1768/TOOLCHAIN_GCC_ARM/port_api.o D:/_ishikawa/Tools/DigitalMove/ARM/MCUXpresso/mbed_blinky/mbed/TARGET_LPC1768/TOOLCHAIN_GCC_ARM/pwmout_api.o D:/_ishikawa/Tools/DigitalMove/ARM/MCUXpresso/mbed_blinky/mbed/TARGET_LPC1768/TOOLCHAIN_GCC_ARM/rtc_api.o D:/_ishikawa/Tools/DigitalMove/ARM/MCUXpresso/mbed_blinky/mbed/TARGET_LPC1768/TOOLCHAIN_GCC_ARM/serial_api.o D:/_ishikawa/Tools/DigitalMove/ARM/MCUXpresso/mbed_blinky/mbed/TARGET_LPC1768/TOOLCHAIN_GCC_ARM/sleep.o D:/_ishikawa/Tools/DigitalMove/ARM/MCUXpresso/mbed_blinky/mbed/TARGET_LPC1768/TOOLCHAIN_GCC_ARM/spi_api.o D:/_ishikawa/Tools/DigitalMove/ARM/MCUXpresso/mbed_blinky/mbed/TARGET_LPC1768/TOOLCHAIN_GCC_ARM/startup_LPC17xx.o D:/_ishikawa/Tools/DigitalMove/ARM/MCUXpresso/mbed_blinky/mbed/TARGET_LPC1768/TOOLCHAIN_GCC_ARM/system_LPC17xx.o D:/_ishikawa/Tools/DigitalMove/ARM/MCUXpresso/mbed_blinky/mbed/TARGET_LPC1768/TOOLCHAIN_GCC_ARM/us_ticker.o D:/_ishikawa/Tools/DigitalMove/ARM/MCUXpresso/mbed_blinky/mbed/TARGET_LPC1768/TOOLCHAIN_GCC_ARM/libmbed.a -lstdc++ -lsupc++ -lm -lc -lgcc -lnosys -lmbed
Finished building target: mbed_blinky.elf
 
Invoking: Cross ARM GNU Print Size
arm-none-eabi-size --format=berkeley "mbed_blinky.elf"
Invoking: Cross ARM GNU Create Flash Image
arm-none-eabi-objcopy -O binary "mbed_blinky.elf"  "mbed_blinky.bin"
   text	   data	    bss	    dec	    hex	filename
  58408	   2856	   1300	  62564	   f464	mbed_blinky.elf
Finished building: mbed_blinky.siz
Finished building: mbed_blinky.bin
 
 

14:44:08 Build Finished. 0 errors, 0 warnings. (took 1s.318ms)

